<?xml version="1.0"?>
<link_info>
   <banner>TMS320C6x Linker PC v7.4.4</banner>
   <copyright>Copyright (c) 1996-2013 Texas Instruments Incorporated</copyright>
   <link_time>0x5548a00c</link_time>
   <output_file>test_wban0331.out</output_file>
   <entry_point>
      <name>_c_int00</name>
      <address>0x838520</address>
   </entry_point>
   <input_file_list>
      <input_file id="fl-2">
         <path>.\src\</path>
         <kind>object</kind>
         <file>spi1_init_slave.obj</file>
         <name>spi1_init_slave.obj</name>
      </input_file>
      <input_file id="fl-3">
         <path>.\src\</path>
         <kind>object</kind>
         <file>spi0_FPGA_16bit_fushu.obj</file>
         <name>spi0_FPGA_16bit_fushu.obj</name>
      </input_file>
      <input_file id="fl-4">
         <path>.\src\</path>
         <kind>object</kind>
         <file>psc.obj</file>
         <name>psc.obj</name>
      </input_file>
      <input_file id="fl-5">
         <path>.\src\</path>
         <kind>object</kind>
         <file>pll_init.obj</file>
         <name>pll_init.obj</name>
      </input_file>
      <input_file id="fl-6">
         <path>.\src\</path>
         <kind>object</kind>
         <file>pinmux.obj</file>
         <name>pinmux.obj</name>
      </input_file>
      <input_file id="fl-7">
         <path>.\src\</path>
         <kind>object</kind>
         <file>gpio_init.obj</file>
         <name>gpio_init.obj</name>
      </input_file>
      <input_file id="fl-8">
         <path>.\</path>
         <kind>object</kind>
         <file>vec.obj</file>
         <name>vec.obj</name>
      </input_file>
      <input_file id="fl-9">
         <path>.\</path>
         <kind>object</kind>
         <file>spread.obj</file>
         <name>spread.obj</name>
      </input_file>
      <input_file id="fl-a">
         <path>.\</path>
         <kind>object</kind>
         <file>scrambler.obj</file>
         <name>scrambler.obj</name>
      </input_file>
      <input_file id="fl-b">
         <path>.\</path>
         <kind>object</kind>
         <file>main.obj</file>
         <name>main.obj</name>
      </input_file>
      <input_file id="fl-c">
         <path>.\</path>
         <kind>object</kind>
         <file>interleave.obj</file>
         <name>interleave.obj</name>
      </input_file>
      <input_file id="fl-d">
         <path>.\</path>
         <kind>object</kind>
         <file>dpsk.obj</file>
         <name>dpsk.obj</name>
      </input_file>
      <input_file id="fl-e">
         <path>.\</path>
         <kind>object</kind>
         <file>complex.obj</file>
         <name>complex.obj</name>
      </input_file>
      <input_file id="fl-f">
         <path>.\</path>
         <kind>object</kind>
         <file>WbanTasks.obj</file>
         <name>WbanTasks.obj</name>
      </input_file>
      <input_file id="fl-10">
         <path>.\</path>
         <kind>object</kind>
         <file>WbanSecurity.obj</file>
         <name>WbanSecurity.obj</name>
      </input_file>
      <input_file id="fl-11">
         <path>.\</path>
         <kind>object</kind>
         <file>WbanPHY.obj</file>
         <name>WbanPHY.obj</name>
      </input_file>
      <input_file id="fl-12">
         <path>.\</path>
         <kind>object</kind>
         <file>WbanMAC.obj</file>
         <name>WbanMAC.obj</name>
      </input_file>
      <input_file id="fl-13">
         <path>.\</path>
         <kind>object</kind>
         <file>PHYtx.obj</file>
         <name>PHYtx.obj</name>
      </input_file>
      <input_file id="fl-14">
         <path>.\</path>
         <kind>object</kind>
         <file>PHYrx.obj</file>
         <name>PHYrx.obj</name>
      </input_file>
      <input_file id="fl-15">
         <path>.\</path>
         <kind>object</kind>
         <file>PHYHeadGen.obj</file>
         <name>PHYHeadGen.obj</name>
      </input_file>
      <input_file id="fl-16">
         <path>.\</path>
         <kind>object</kind>
         <file>PHYHeadCRC.obj</file>
         <name>PHYHeadCRC.obj</name>
      </input_file>
      <input_file id="fl-17">
         <path>.\</path>
         <kind>object</kind>
         <file>CpuTimers.obj</file>
         <name>CpuTimers.obj</name>
      </input_file>
      <input_file id="fl-18">
         <path>.\</path>
         <kind>object</kind>
         <file>BCH.obj</file>
         <name>BCH.obj</name>
      </input_file>
      <input_file id="fl-19">
         <path>.\</path>
         <kind>object</kind>
         <file>AES_Encrypt.obj</file>
         <name>AES_Encrypt.obj</name>
      </input_file>
      <input_file id="fl-1a">
         <path>.\</path>
         <kind>object</kind>
         <file>AES_Decrypt.obj</file>
         <name>AES_Decrypt.obj</name>
      </input_file>
      <input_file id="fl-1b">
         <path>.\</path>
         <kind>object</kind>
         <file>AES_CBC.obj</file>
         <name>AES_CBC.obj</name>
      </input_file>
      <input_file id="fl-20">
         <path>..\</path>
         <kind>archive</kind>
         <file>rts6740.lib</file>
         <name>boot.obj</name>
      </input_file>
      <input_file id="fl-21">
         <path>..\</path>
         <kind>archive</kind>
         <file>rts6740.lib</file>
         <name>ceil.obj</name>
      </input_file>
      <input_file id="fl-22">
         <path>..\</path>
         <kind>archive</kind>
         <file>rts6740.lib</file>
         <name>cos.obj</name>
      </input_file>
      <input_file id="fl-23">
         <path>..\</path>
         <kind>archive</kind>
         <file>rts6740.lib</file>
         <name>divd.obj</name>
      </input_file>
      <input_file id="fl-24">
         <path>..\</path>
         <kind>archive</kind>
         <file>rts6740.lib</file>
         <name>divi.obj</name>
      </input_file>
      <input_file id="fl-25">
         <path>..\</path>
         <kind>archive</kind>
         <file>rts6740.lib</file>
         <name>exit.obj</name>
      </input_file>
      <input_file id="fl-26">
         <path>..\</path>
         <kind>archive</kind>
         <file>rts6740.lib</file>
         <name>fixfull.obj</name>
      </input_file>
      <input_file id="fl-27">
         <path>..\</path>
         <kind>archive</kind>
         <file>rts6740.lib</file>
         <name>fltulld.obj</name>
      </input_file>
      <input_file id="fl-28">
         <path>..\</path>
         <kind>archive</kind>
         <file>rts6740.lib</file>
         <name>frcmpyd_div.obj</name>
      </input_file>
      <input_file id="fl-29">
         <path>..\</path>
         <kind>archive</kind>
         <file>rts6740.lib</file>
         <name>llshift.obj</name>
      </input_file>
      <input_file id="fl-2a">
         <path>..\</path>
         <kind>archive</kind>
         <file>rts6740.lib</file>
         <name>log.obj</name>
      </input_file>
      <input_file id="fl-2b">
         <path>..\</path>
         <kind>archive</kind>
         <file>rts6740.lib</file>
         <name>memcpy64.obj</name>
      </input_file>
      <input_file id="fl-2c">
         <path>..\</path>
         <kind>archive</kind>
         <file>rts6740.lib</file>
         <name>memory.obj</name>
      </input_file>
      <input_file id="fl-2d">
         <path>..\</path>
         <kind>archive</kind>
         <file>rts6740.lib</file>
         <name>memset.obj</name>
      </input_file>
      <input_file id="fl-2e">
         <path>..\</path>
         <kind>archive</kind>
         <file>rts6740.lib</file>
         <name>modf.obj</name>
      </input_file>
      <input_file id="fl-2f">
         <path>..\</path>
         <kind>archive</kind>
         <file>rts6740.lib</file>
         <name>negll.obj</name>
      </input_file>
      <input_file id="fl-30">
         <path>..\</path>
         <kind>archive</kind>
         <file>rts6740.lib</file>
         <name>printf.obj</name>
      </input_file>
      <input_file id="fl-31">
         <path>..\</path>
         <kind>archive</kind>
         <file>rts6740.lib</file>
         <name>rand.obj</name>
      </input_file>
      <input_file id="fl-32">
         <path>..\</path>
         <kind>archive</kind>
         <file>rts6740.lib</file>
         <name>remi.obj</name>
      </input_file>
      <input_file id="fl-33">
         <path>..\</path>
         <kind>archive</kind>
         <file>rts6740.lib</file>
         <name>round.obj</name>
      </input_file>
      <input_file id="fl-34">
         <path>..\</path>
         <kind>archive</kind>
         <file>rts6740.lib</file>
         <name>sin.obj</name>
      </input_file>
      <input_file id="fl-35">
         <path>..\</path>
         <kind>archive</kind>
         <file>rts6740.lib</file>
         <name>sqrt.obj</name>
      </input_file>
      <input_file id="fl-36">
         <path>..\</path>
         <kind>archive</kind>
         <file>rts6740.lib</file>
         <name>time.obj</name>
      </input_file>
      <input_file id="fl-37">
         <path>..\</path>
         <kind>archive</kind>
         <file>rts6740.lib</file>
         <name>trgdrv.obj</name>
      </input_file>
      <input_file id="fl-38">
         <path>..\</path>
         <kind>archive</kind>
         <file>rts6740.lib</file>
         <name>trgmsg.obj</name>
      </input_file>
      <input_file id="fl-39">
         <path>..\</path>
         <kind>archive</kind>
         <file>rts6740.lib</file>
         <name>trunc.obj</name>
      </input_file>
      <input_file id="fl-3a">
         <path>..\</path>
         <kind>archive</kind>
         <file>rts6740.lib</file>
         <name>_lock.obj</name>
      </input_file>
      <input_file id="fl-3b">
         <path>..\</path>
         <kind>archive</kind>
         <file>rts6740.lib</file>
         <name>_printfi.obj</name>
      </input_file>
      <input_file id="fl-3c">
         <path>..\</path>
         <kind>archive</kind>
         <file>rts6740.lib</file>
         <name>args_main.obj</name>
      </input_file>
      <input_file id="fl-3d">
         <path>..\</path>
         <kind>archive</kind>
         <file>rts6740.lib</file>
         <name>atoi.obj</name>
      </input_file>
      <input_file id="fl-3e">
         <path>..\</path>
         <kind>archive</kind>
         <file>rts6740.lib</file>
         <name>autoinit.obj</name>
      </input_file>
      <input_file id="fl-3f">
         <path>..\</path>
         <kind>archive</kind>
         <file>rts6740.lib</file>
         <name>cpy_tbl.obj</name>
      </input_file>
      <input_file id="fl-40">
         <path>..\</path>
         <kind>archive</kind>
         <file>rts6740.lib</file>
         <name>ctype.obj</name>
      </input_file>
      <input_file id="fl-41">
         <path>..\</path>
         <kind>archive</kind>
         <file>rts6740.lib</file>
         <name>defs.obj</name>
      </input_file>
      <input_file id="fl-42">
         <path>..\</path>
         <kind>archive</kind>
         <file>rts6740.lib</file>
         <name>divu.obj</name>
      </input_file>
      <input_file id="fl-43">
         <path>..\</path>
         <kind>archive</kind>
         <file>rts6740.lib</file>
         <name>errno.obj</name>
      </input_file>
      <input_file id="fl-44">
         <path>..\</path>
         <kind>archive</kind>
         <file>rts6740.lib</file>
         <name>fixdli.obj</name>
      </input_file>
      <input_file id="fl-45">
         <path>..\</path>
         <kind>archive</kind>
         <file>rts6740.lib</file>
         <name>fltlid.obj</name>
      </input_file>
      <input_file id="fl-46">
         <path>..\</path>
         <kind>archive</kind>
         <file>rts6740.lib</file>
         <name>fputc.obj</name>
      </input_file>
      <input_file id="fl-47">
         <path>..\</path>
         <kind>archive</kind>
         <file>rts6740.lib</file>
         <name>fputs.obj</name>
      </input_file>
      <input_file id="fl-48">
         <path>..\</path>
         <kind>archive</kind>
         <file>rts6740.lib</file>
         <name>frexp.obj</name>
      </input_file>
      <input_file id="fl-49">
         <path>..\</path>
         <kind>archive</kind>
         <file>rts6740.lib</file>
         <name>imath40.obj</name>
      </input_file>
      <input_file id="fl-4a">
         <path>..\</path>
         <kind>archive</kind>
         <file>rts6740.lib</file>
         <name>imath64.obj</name>
      </input_file>
      <input_file id="fl-4b">
         <path>..\</path>
         <kind>archive</kind>
         <file>rts6740.lib</file>
         <name>isinf.obj</name>
      </input_file>
      <input_file id="fl-4c">
         <path>..\</path>
         <kind>archive</kind>
         <file>rts6740.lib</file>
         <name>lowlev.obj</name>
      </input_file>
      <input_file id="fl-4d">
         <path>..\</path>
         <kind>archive</kind>
         <file>rts6740.lib</file>
         <name>ltoa.obj</name>
      </input_file>
      <input_file id="fl-4e">
         <path>..\</path>
         <kind>archive</kind>
         <file>rts6740.lib</file>
         <name>memccpy.obj</name>
      </input_file>
      <input_file id="fl-4f">
         <path>..\</path>
         <kind>archive</kind>
         <file>rts6740.lib</file>
         <name>_io_perm.obj</name>
      </input_file>
      <input_file id="fl-50">
         <path>..\</path>
         <kind>archive</kind>
         <file>rts6740.lib</file>
         <name>abs.obj</name>
      </input_file>
      <input_file id="fl-51">
         <path>..\</path>
         <kind>archive</kind>
         <file>rts6740.lib</file>
         <name>fflush.obj</name>
      </input_file>
      <input_file id="fl-52">
         <path>..\</path>
         <kind>archive</kind>
         <file>rts6740.lib</file>
         <name>fseek.obj</name>
      </input_file>
      <input_file id="fl-53">
         <path>..\</path>
         <kind>archive</kind>
         <file>rts6740.lib</file>
         <name>setvbuf.obj</name>
      </input_file>
      <input_file id="fl-54">
         <path>..\</path>
         <kind>archive</kind>
         <file>rts6740.lib</file>
         <name>fopen.obj</name>
      </input_file>
      <input_file id="fl-55">
         <path>..\</path>
         <kind>archive</kind>
         <file>rts6740.lib</file>
         <name>fclose.obj</name>
      </input_file>
      <input_file id="fl-56">
         <path>..\</path>
         <kind>archive</kind>
         <file>rts6740.lib</file>
         <name>remove.obj</name>
      </input_file>
   </input_file_list>
   <object_component_list>
      <object_component id="oc-172">
         <name>.text</name>
         <load_address>0x820000</load_address>
         <run_address>0x820000</run_address>
         <size>0x69e0</size>
         <input_file_ref idref="fl-12"/>
      </object_component>
      <object_component id="oc-174">
         <name>.text</name>
         <load_address>0x8269e0</load_address>
         <run_address>0x8269e0</run_address>
         <size>0x2340</size>
         <input_file_ref idref="fl-f"/>
      </object_component>
      <object_component id="oc-1a9">
         <name>.text</name>
         <load_address>0x828d20</load_address>
         <run_address>0x828d20</run_address>
         <size>0x21c0</size>
         <input_file_ref idref="fl-18"/>
      </object_component>
      <object_component id="oc-178">
         <name>.text</name>
         <load_address>0x82aee0</load_address>
         <run_address>0x82aee0</run_address>
         <size>0x1640</size>
         <input_file_ref idref="fl-10"/>
      </object_component>
      <object_component id="oc-177">
         <name>.text</name>
         <load_address>0x82c520</load_address>
         <run_address>0x82c520</run_address>
         <size>0xde0</size>
         <input_file_ref idref="fl-11"/>
      </object_component>
      <object_component id="oc-17c">
         <name>.text</name>
         <load_address>0x82d300</load_address>
         <run_address>0x82d300</run_address>
         <size>0xd80</size>
         <input_file_ref idref="fl-19"/>
      </object_component>
      <object_component id="oc-1ad">
         <name>.text</name>
         <load_address>0x82e080</load_address>
         <run_address>0x82e080</run_address>
         <size>0x860</size>
         <input_file_ref idref="fl-d"/>
      </object_component>
      <object_component id="oc-17d">
         <name>.text</name>
         <load_address>0x82e8e0</load_address>
         <run_address>0x82e8e0</run_address>
         <size>0x660</size>
         <input_file_ref idref="fl-1a"/>
      </object_component>
      <object_component id="oc-18a">
         <name>.text</name>
         <load_address>0x82ef40</load_address>
         <run_address>0x82ef40</run_address>
         <size>0x600</size>
         <input_file_ref idref="fl-14"/>
      </object_component>
      <object_component id="oc-188">
         <name>.text</name>
         <load_address>0x82f540</load_address>
         <run_address>0x82f540</run_address>
         <size>0x600</size>
         <input_file_ref idref="fl-13"/>
      </object_component>
      <object_component id="oc-17b">
         <name>.text:__divd</name>
         <load_address>0x82fb40</load_address>
         <run_address>0x82fb40</run_address>
         <size>0x5a0</size>
         <input_file_ref idref="fl-23"/>
      </object_component>
      <object_component id="oc-1d3">
         <name>.text:__getarg_diouxp</name>
         <load_address>0x8300e0</load_address>
         <run_address>0x8300e0</run_address>
         <size>0x580</size>
         <input_file_ref idref="fl-3b"/>
      </object_component>
      <object_component id="oc-16f">
         <name>.text</name>
         <load_address>0x830660</load_address>
         <run_address>0x830660</run_address>
         <size>0x560</size>
         <input_file_ref idref="fl-5"/>
      </object_component>
      <object_component id="oc-1a1">
         <name>.text:__setfield</name>
         <load_address>0x830bc0</load_address>
         <run_address>0x830bc0</run_address>
         <size>0x480</size>
         <input_file_ref idref="fl-3b"/>
      </object_component>
      <object_component id="oc-1ab">
         <name>.text</name>
         <load_address>0x831040</load_address>
         <run_address>0x831040</run_address>
         <size>0x480</size>
         <input_file_ref idref="fl-c"/>
      </object_component>
      <object_component id="oc-182">
         <name>.text:__printfi</name>
         <load_address>0x8314c0</load_address>
         <run_address>0x8314c0</run_address>
         <size>0x440</size>
         <input_file_ref idref="fl-3b"/>
      </object_component>
      <object_component id="oc-170">
         <name>.text</name>
         <load_address>0x831900</load_address>
         <run_address>0x831900</run_address>
         <size>0x400</size>
         <input_file_ref idref="fl-2"/>
      </object_component>
      <object_component id="oc-1c8">
         <name>.text</name>
         <load_address>0x831d00</load_address>
         <run_address>0x831d00</run_address>
         <size>0x3a0</size>
         <input_file_ref idref="fl-e"/>
      </object_component>
      <object_component id="oc-1a8">
         <name>.text</name>
         <load_address>0x8320a0</load_address>
         <run_address>0x8320a0</run_address>
         <size>0x340</size>
         <input_file_ref idref="fl-16"/>
      </object_component>
      <object_component id="oc-171">
         <name>.text</name>
         <load_address>0x8323e0</load_address>
         <run_address>0x8323e0</run_address>
         <size>0x320</size>
         <input_file_ref idref="fl-3"/>
      </object_component>
      <object_component id="oc-19d">
         <name>.text:_fputs</name>
         <load_address>0x832700</load_address>
         <run_address>0x832700</run_address>
         <size>0x300</size>
         <input_file_ref idref="fl-47"/>
      </object_component>
      <object_component id="oc-1d5">
         <name>.text:_cos</name>
         <load_address>0x832a00</load_address>
         <run_address>0x832a00</run_address>
         <size>0x2e0</size>
         <input_file_ref idref="fl-22"/>
      </object_component>
      <object_component id="oc-1bb">
         <name>.text:__pproc_fge</name>
         <load_address>0x832ce0</load_address>
         <run_address>0x832ce0</run_address>
         <size>0x2c0</size>
         <input_file_ref idref="fl-3b"/>
      </object_component>
      <object_component id="oc-1a0">
         <name>.text:__pproc_fwp</name>
         <load_address>0x832fa0</load_address>
         <run_address>0x832fa0</run_address>
         <size>0x2c0</size>
         <input_file_ref idref="fl-3b"/>
      </object_component>
      <object_component id="oc-1aa">
         <name>.text</name>
         <load_address>0x833260</load_address>
         <run_address>0x833260</run_address>
         <size>0x2c0</size>
         <input_file_ref idref="fl-9"/>
      </object_component>
      <object_component id="oc-1d9">
         <name>.text:_ecvt</name>
         <load_address>0x833520</load_address>
         <run_address>0x833520</run_address>
         <size>0x2a0</size>
         <input_file_ref idref="fl-3b"/>
      </object_component>
      <object_component id="oc-1dc">
         <name>.text:_fcvt</name>
         <load_address>0x8337c0</load_address>
         <run_address>0x8337c0</run_address>
         <size>0x2a0</size>
         <input_file_ref idref="fl-3b"/>
      </object_component>
      <object_component id="oc-192">
         <name>.text</name>
         <load_address>0x833a60</load_address>
         <run_address>0x833a60</run_address>
         <size>0x280</size>
         <input_file_ref idref="fl-1b"/>
      </object_component>
      <object_component id="oc-176">
         <name>.text</name>
         <load_address>0x833ce0</load_address>
         <run_address>0x833ce0</run_address>
         <size>0x280</size>
         <input_file_ref idref="fl-17"/>
      </object_component>
      <object_component id="oc-189">
         <name>.text:_free</name>
         <load_address>0x833f60</load_address>
         <run_address>0x833f60</run_address>
         <size>0x280</size>
         <input_file_ref idref="fl-2c"/>
      </object_component>
      <object_component id="oc-1d6">
         <name>.text:_sin</name>
         <load_address>0x8341e0</load_address>
         <run_address>0x8341e0</run_address>
         <size>0x280</size>
         <input_file_ref idref="fl-34"/>
      </object_component>
      <object_component id="oc-1e7">
         <name>.text:__divull</name>
         <load_address>0x834460</load_address>
         <run_address>0x834460</run_address>
         <size>0x260</size>
         <input_file_ref idref="fl-4a"/>
      </object_component>
      <object_component id="oc-1d2">
         <name>.text:__pconv_e</name>
         <load_address>0x8346c0</load_address>
         <run_address>0x8346c0</run_address>
         <size>0x260</size>
         <input_file_ref idref="fl-3b"/>
      </object_component>
      <object_component id="oc-1ac">
         <name>.text</name>
         <load_address>0x834920</load_address>
         <run_address>0x834920</run_address>
         <size>0x260</size>
         <input_file_ref idref="fl-a"/>
      </object_component>
      <object_component id="oc-1bc">
         <name>.text:__pproc_diouxp</name>
         <load_address>0x834b80</load_address>
         <run_address>0x834b80</run_address>
         <size>0x240</size>
         <input_file_ref idref="fl-3b"/>
      </object_component>
      <object_component id="oc-1a2">
         <name>.text:__pproc_str</name>
         <load_address>0x834dc0</load_address>
         <run_address>0x834dc0</run_address>
         <size>0x220</size>
         <input_file_ref idref="fl-3b"/>
      </object_component>
      <object_component id="oc-1d0">
         <name>.text:__pconv_g</name>
         <load_address>0x834fe0</load_address>
         <run_address>0x834fe0</run_address>
         <size>0x200</size>
         <input_file_ref idref="fl-3b"/>
      </object_component>
      <object_component id="oc-1ae">
         <name>.text:_log</name>
         <load_address>0x8351e0</load_address>
         <run_address>0x8351e0</run_address>
         <size>0x200</size>
         <input_file_ref idref="fl-2a"/>
      </object_component>
      <object_component id="oc-16d">
         <name>.text</name>
         <load_address>0x8353e0</load_address>
         <run_address>0x8353e0</run_address>
         <size>0x1e0</size>
         <input_file_ref idref="fl-4"/>
      </object_component>
      <object_component id="oc-1db">
         <name>.text:__mcpy</name>
         <load_address>0x8355c0</load_address>
         <run_address>0x8355c0</run_address>
         <size>0x1c0</size>
         <input_file_ref idref="fl-3b"/>
      </object_component>
      <object_component id="oc-1a7">
         <name>.text</name>
         <load_address>0x835780</load_address>
         <run_address>0x835780</run_address>
         <size>0x1a0</size>
         <input_file_ref idref="fl-15"/>
      </object_component>
      <object_component id="oc-1e6">
         <name>.text:__divul</name>
         <load_address>0x835920</load_address>
         <run_address>0x835920</run_address>
         <size>0x1a0</size>
         <input_file_ref idref="fl-49"/>
      </object_component>
      <object_component id="oc-166">
         <name>.text:_HOSTrename</name>
         <load_address>0x835ac0</load_address>
         <run_address>0x835ac0</run_address>
         <size>0x180</size>
         <input_file_ref idref="fl-37"/>
      </object_component>
      <object_component id="oc-18c">
         <name>.text:_malloc</name>
         <load_address>0x835c40</load_address>
         <run_address>0x835c40</run_address>
         <size>0x180</size>
         <input_file_ref idref="fl-2c"/>
      </object_component>
      <object_component id="oc-1cc">
         <name>.text:_setvbuf</name>
         <load_address>0x835dc0</load_address>
         <run_address>0x835dc0</run_address>
         <size>0x180</size>
         <input_file_ref idref="fl-53"/>
      </object_component>
      <object_component id="oc-19f">
         <name>.text:__pproc_fflags</name>
         <load_address>0x835f40</load_address>
         <run_address>0x835f40</run_address>
         <size>0x140</size>
         <input_file_ref idref="fl-3b"/>
      </object_component>
      <object_component id="oc-19e">
         <name>.text:_fputc</name>
         <load_address>0x836080</load_address>
         <run_address>0x836080</run_address>
         <size>0x140</size>
         <input_file_ref idref="fl-46"/>
      </object_component>
      <object_component id="oc-1ee">
         <name>.text:_getdevice</name>
         <load_address>0x8361c0</load_address>
         <run_address>0x8361c0</run_address>
         <size>0x140</size>
         <input_file_ref idref="fl-4c"/>
      </object_component>
      <object_component id="oc-1c7">
         <name>.text:_sqrt</name>
         <load_address>0x836300</load_address>
         <run_address>0x836300</run_address>
         <size>0x140</size>
         <input_file_ref idref="fl-35"/>
      </object_component>
      <object_component id="oc-186">
         <name>.text:__fixfull</name>
         <load_address>0x836440</load_address>
         <run_address>0x836440</run_address>
         <size>0x120</size>
         <input_file_ref idref="fl-26"/>
      </object_component>
      <object_component id="oc-1e1">
         <name>.text:_fclose</name>
         <load_address>0x836560</load_address>
         <run_address>0x836560</run_address>
         <size>0x120</size>
         <input_file_ref idref="fl-55"/>
      </object_component>
      <object_component id="oc-1c9">
         <name>.text:_frexp</name>
         <load_address>0x836680</load_address>
         <run_address>0x836680</run_address>
         <size>0x120</size>
         <input_file_ref idref="fl-48"/>
      </object_component>
      <object_component id="oc-164">
         <name>.text:_HOSTlseek</name>
         <load_address>0x8367a0</load_address>
         <run_address>0x8367a0</run_address>
         <size>0x100</size>
         <input_file_ref idref="fl-37"/>
      </object_component>
      <object_component id="oc-15c">
         <name>.text:__auto_init</name>
         <load_address>0x8368a0</load_address>
         <run_address>0x8368a0</run_address>
         <size>0x100</size>
         <input_file_ref idref="fl-3e"/>
      </object_component>
      <object_component id="oc-1d4">
         <name>.text:__ltostr</name>
         <load_address>0x8369a0</load_address>
         <run_address>0x8369a0</run_address>
         <size>0x100</size>
         <input_file_ref idref="fl-3b"/>
      </object_component>
      <object_component id="oc-1b7">
         <name>.text:__wrt_ok</name>
         <load_address>0x836aa0</load_address>
         <run_address>0x836aa0</run_address>
         <size>0x100</size>
         <input_file_ref idref="fl-4f"/>
      </object_component>
      <object_component id="oc-160">
         <name>.text:_HOSTopen</name>
         <load_address>0x836ba0</load_address>
         <run_address>0x836ba0</run_address>
         <size>0xe0</size>
         <input_file_ref idref="fl-37"/>
      </object_component>
      <object_component id="oc-1b0">
         <name>.text:__divi</name>
         <load_address>0x836c80</load_address>
         <run_address>0x836c80</run_address>
         <size>0xe0</size>
         <input_file_ref idref="fl-24"/>
      </object_component>
      <object_component id="oc-1ba">
         <name>.text:_atoi</name>
         <load_address>0x836d60</load_address>
         <run_address>0x836d60</run_address>
         <size>0xe0</size>
         <input_file_ref idref="fl-3d"/>
      </object_component>
      <object_component id="oc-1e8">
         <name>.text:_close</name>
         <load_address>0x836e40</load_address>
         <run_address>0x836e40</run_address>
         <size>0xe0</size>
         <input_file_ref idref="fl-4c"/>
      </object_component>
      <object_component id="oc-15e">
         <name>.text:_exit</name>
         <load_address>0x836f20</load_address>
         <run_address>0x836f20</run_address>
         <size>0xe0</size>
         <input_file_ref idref="fl-25"/>
      </object_component>
      <object_component id="oc-175">
         <name>.text:_memset</name>
         <load_address>0x837000</load_address>
         <run_address>0x837000</run_address>
         <size>0xe0</size>
         <input_file_ref idref="fl-2d"/>
      </object_component>
      <object_component id="oc-16e">
         <name>.text</name>
         <load_address>0x8370e0</load_address>
         <run_address>0x8370e0</run_address>
         <size>0xe0</size>
         <input_file_ref idref="fl-6"/>
      </object_component>
      <object_component id="oc-162">
         <name>.text:_HOSTread</name>
         <load_address>0x8371c0</load_address>
         <run_address>0x8371c0</run_address>
         <size>0xc0</size>
         <input_file_ref idref="fl-37"/>
      </object_component>
      <object_component id="oc-165">
         <name>.text:_HOSTunlink</name>
         <load_address>0x837280</load_address>
         <run_address>0x837280</run_address>
         <size>0xc0</size>
         <input_file_ref idref="fl-37"/>
      </object_component>
      <object_component id="oc-163">
         <name>.text:_HOSTwrite</name>
         <load_address>0x837340</load_address>
         <run_address>0x837340</run_address>
         <size>0xc0</size>
         <input_file_ref idref="fl-37"/>
      </object_component>
      <object_component id="oc-1d8">
         <name>.text:__cleanup</name>
         <load_address>0x837400</load_address>
         <run_address>0x837400</run_address>
         <size>0xc0</size>
         <input_file_ref idref="fl-54"/>
      </object_component>
      <object_component id="oc-1de">
         <name>.text:__div</name>
         <load_address>0x8374c0</load_address>
         <run_address>0x8374c0</run_address>
         <size>0xc0</size>
         <input_file_ref idref="fl-3b"/>
      </object_component>
      <object_component id="oc-1e5">
         <name>.text:__divu</name>
         <load_address>0x837580</load_address>
         <run_address>0x837580</run_address>
         <size>0xc0</size>
         <input_file_ref idref="fl-42"/>
      </object_component>
      <object_component id="oc-1b8">
         <name>.text:__doflush</name>
         <load_address>0x837640</load_address>
         <run_address>0x837640</run_address>
         <size>0xc0</size>
         <input_file_ref idref="fl-51"/>
      </object_component>
      <object_component id="oc-191">
         <name>.text:__remi</name>
         <load_address>0x837700</load_address>
         <run_address>0x837700</run_address>
         <size>0xc0</size>
         <input_file_ref idref="fl-32"/>
      </object_component>
      <object_component id="oc-1cb">
         <name>.text:_fseek</name>
         <load_address>0x8377c0</load_address>
         <run_address>0x8377c0</run_address>
         <size>0xc0</size>
         <input_file_ref idref="fl-52"/>
      </object_component>
      <object_component id="oc-1d7">
         <name>.text:_lseek</name>
         <load_address>0x837880</load_address>
         <run_address>0x837880</run_address>
         <size>0xc0</size>
         <input_file_ref idref="fl-4c"/>
      </object_component>
      <object_component id="oc-1e3">
         <name>.text:_ltoa</name>
         <load_address>0x837940</load_address>
         <run_address>0x837940</run_address>
         <size>0xc0</size>
         <input_file_ref idref="fl-4d"/>
      </object_component>
      <object_component id="oc-1b9">
         <name>.text:_write</name>
         <load_address>0x837a00</load_address>
         <run_address>0x837a00</run_address>
         <size>0xc0</size>
         <input_file_ref idref="fl-4c"/>
      </object_component>
      <object_component id="oc-161">
         <name>.text:_HOSTclose</name>
         <load_address>0x837ac0</load_address>
         <run_address>0x837ac0</run_address>
         <size>0xa0</size>
         <input_file_ref idref="fl-37"/>
      </object_component>
      <object_component id="oc-1b4">
         <name>.text:_HOSTtime</name>
         <load_address>0x837b60</load_address>
         <run_address>0x837b60</run_address>
         <size>0xa0</size>
         <input_file_ref idref="fl-37"/>
      </object_component>
      <object_component id="oc-1eb">
         <name>.text:__divli</name>
         <load_address>0x837c00</load_address>
         <run_address>0x837c00</run_address>
         <size>0xa0</size>
         <input_file_ref idref="fl-49"/>
      </object_component>
      <object_component id="oc-1da">
         <name>.text:__ecpy</name>
         <load_address>0x837ca0</load_address>
         <run_address>0x837ca0</run_address>
         <size>0xa0</size>
         <input_file_ref idref="fl-3b"/>
      </object_component>
      <object_component id="oc-1dd">
         <name>.text:__fcpy</name>
         <load_address>0x837d40</load_address>
         <run_address>0x837d40</run_address>
         <size>0xa0</size>
         <input_file_ref idref="fl-3b"/>
      </object_component>
      <object_component id="oc-1e2">
         <name>.text:__fixdli</name>
         <load_address>0x837de0</load_address>
         <run_address>0x837de0</run_address>
         <size>0xa0</size>
         <input_file_ref idref="fl-44"/>
      </object_component>
      <object_component id="oc-17a">
         <name>.text:__fltulld</name>
         <load_address>0x837e80</load_address>
         <run_address>0x837e80</run_address>
         <size>0xa0</size>
         <input_file_ref idref="fl-27"/>
      </object_component>
      <object_component id="oc-1e0">
         <name>.text:__nround</name>
         <load_address>0x837f20</load_address>
         <run_address>0x837f20</run_address>
         <size>0xa0</size>
         <input_file_ref idref="fl-33"/>
      </object_component>
      <object_component id="oc-1d1">
         <name>.text:__pconv_f</name>
         <load_address>0x837fc0</load_address>
         <run_address>0x837fc0</run_address>
         <size>0xa0</size>
         <input_file_ref idref="fl-3b"/>
      </object_component>
      <object_component id="oc-167">
         <name>.text:_copy_in</name>
         <load_address>0x838060</load_address>
         <run_address>0x838060</run_address>
         <size>0xa0</size>
         <input_file_ref idref="fl-3f"/>
      </object_component>
      <object_component id="oc-1ef">
         <name>.text:_finddevice</name>
         <load_address>0x838100</load_address>
         <run_address>0x838100</run_address>
         <size>0xa0</size>
         <input_file_ref idref="fl-4c"/>
      </object_component>
      <object_component id="oc-168">
         <name>.text:_memcpy</name>
         <load_address>0x8381a0</load_address>
         <run_address>0x8381a0</run_address>
         <size>0xa0</size>
         <input_file_ref idref="fl-2b"/>
      </object_component>
      <object_component id="oc-1b2">
         <name>.text:_minsert</name>
         <load_address>0x838240</load_address>
         <run_address>0x838240</run_address>
         <size>0xa0</size>
         <input_file_ref idref="fl-2c"/>
      </object_component>
      <object_component id="oc-1ca">
         <name>.text:_modf</name>
         <load_address>0x8382e0</load_address>
         <run_address>0x8382e0</run_address>
         <size>0xa0</size>
         <input_file_ref idref="fl-2e"/>
      </object_component>
      <object_component id="oc-1b1">
         <name>.text:_mremove</name>
         <load_address>0x838380</load_address>
         <run_address>0x838380</run_address>
         <size>0xa0</size>
         <input_file_ref idref="fl-2c"/>
      </object_component>
      <object_component id="oc-1e4">
         <name>.text:__fltlid</name>
         <load_address>0x838420</load_address>
         <run_address>0x838420</run_address>
         <size>0x80</size>
         <input_file_ref idref="fl-45"/>
      </object_component>
      <object_component id="oc-193">
         <name>.text:__llshl</name>
         <load_address>0x8384a0</load_address>
         <run_address>0x8384a0</run_address>
         <size>0x80</size>
         <input_file_ref idref="fl-29"/>
      </object_component>
      <object_component id="oc-17">
         <name>.text:_c_int00</name>
         <load_address>0x838520</load_address>
         <run_address>0x838520</run_address>
         <size>0x80</size>
         <input_file_ref idref="fl-20"/>
      </object_component>
      <object_component id="oc-1a6">
         <name>.text:_calloc</name>
         <load_address>0x8385a0</load_address>
         <run_address>0x8385a0</run_address>
         <size>0x80</size>
         <input_file_ref idref="fl-2c"/>
      </object_component>
      <object_component id="oc-173">
         <name>.text:_printf</name>
         <load_address>0x838620</load_address>
         <run_address>0x838620</run_address>
         <size>0x80</size>
         <input_file_ref idref="fl-30"/>
      </object_component>
      <object_component id="oc-190">
         <name>.text:_rand</name>
         <load_address>0x8386a0</load_address>
         <run_address>0x8386a0</run_address>
         <size>0x80</size>
         <input_file_ref idref="fl-31"/>
      </object_component>
      <object_component id="oc-16c">
         <name>.text:_readmsg</name>
         <load_address>0x838720</load_address>
         <run_address>0x838720</run_address>
         <size>0x80</size>
         <input_file_ref idref="fl-38"/>
      </object_component>
      <object_component id="oc-1ed">
         <name>.text:_unlink</name>
         <load_address>0x8387a0</load_address>
         <run_address>0x8387a0</run_address>
         <size>0x80</size>
         <input_file_ref idref="fl-4c"/>
      </object_component>
      <object_component id="oc-1ec">
         <name>.text:__subcull</name>
         <load_address>0x838820</load_address>
         <run_address>0x838820</run_address>
         <size>0x60</size>
         <input_file_ref idref="fl-4a"/>
      </object_component>
      <object_component id="oc-1bd">
         <name>.text:_memccpy</name>
         <load_address>0x838880</load_address>
         <run_address>0x838880</run_address>
         <size>0x60</size>
         <input_file_ref idref="fl-4e"/>
      </object_component>
      <object_component id="oc-18f">
         <name>.text:_srand</name>
         <load_address>0x8388e0</load_address>
         <run_address>0x8388e0</run_address>
         <size>0x60</size>
         <input_file_ref idref="fl-31"/>
      </object_component>
      <object_component id="oc-16b">
         <name>.text:_writemsg</name>
         <load_address>0x838940</load_address>
         <run_address>0x838940</run_address>
         <size>0x60</size>
         <input_file_ref idref="fl-38"/>
      </object_component>
      <object_component id="oc-169">
         <name>.text</name>
         <load_address>0x8389a0</load_address>
         <run_address>0x8389a0</run_address>
         <size>0x60</size>
         <input_file_ref idref="fl-b"/>
      </object_component>
      <object_component id="oc-1cf">
         <name>.text:___isinf</name>
         <load_address>0x838a00</load_address>
         <run_address>0x838a00</run_address>
         <size>0x40</size>
         <input_file_ref idref="fl-4b"/>
      </object_component>
      <object_component id="oc-1ce">
         <name>.text:___isnan</name>
         <load_address>0x838a40</load_address>
         <run_address>0x838a40</run_address>
         <size>0x40</size>
         <input_file_ref idref="fl-3b"/>
      </object_component>
      <object_component id="oc-15d">
         <name>.text:__args_main</name>
         <load_address>0x838a80</load_address>
         <run_address>0x838a80</run_address>
         <size>0x40</size>
         <input_file_ref idref="fl-3c"/>
      </object_component>
      <object_component id="oc-195">
         <name>.text:__frcmpyd_div</name>
         <load_address>0x838ac0</load_address>
         <run_address>0x838ac0</run_address>
         <size>0x40</size>
         <input_file_ref idref="fl-28"/>
      </object_component>
      <object_component id="oc-194">
         <name>.text:__llshru</name>
         <load_address>0x838b00</load_address>
         <run_address>0x838b00</run_address>
         <size>0x40</size>
         <input_file_ref idref="fl-29"/>
      </object_component>
      <object_component id="oc-1ea">
         <name>.text:__remli</name>
         <load_address>0x838b40</load_address>
         <run_address>0x838b40</run_address>
         <size>0x40</size>
         <input_file_ref idref="fl-49"/>
      </object_component>
      <object_component id="oc-1af">
         <name>.text:_ceil</name>
         <load_address>0x838b80</load_address>
         <run_address>0x838b80</run_address>
         <size>0x40</size>
         <input_file_ref idref="fl-21"/>
      </object_component>
      <object_component id="oc-18e">
         <name>.text:_time</name>
         <load_address>0x838bc0</load_address>
         <run_address>0x838bc0</run_address>
         <size>0x40</size>
         <input_file_ref idref="fl-36"/>
      </object_component>
      <object_component id="oc-1a3">
         <name>.text:__negll</name>
         <load_address>0x838c00</load_address>
         <run_address>0x838c00</run_address>
         <size>0x20</size>
         <input_file_ref idref="fl-2f"/>
      </object_component>
      <object_component id="oc-15f">
         <name>.text:__nop</name>
         <load_address>0x838c20</load_address>
         <run_address>0x838c20</run_address>
         <size>0x20</size>
         <input_file_ref idref="fl-3a"/>
      </object_component>
      <object_component id="oc-181">
         <name>.text:__outc</name>
         <load_address>0x838c40</load_address>
         <run_address>0x838c40</run_address>
         <size>0x20</size>
         <input_file_ref idref="fl-30"/>
      </object_component>
      <object_component id="oc-180">
         <name>.text:__outs</name>
         <load_address>0x838c60</load_address>
         <run_address>0x838c60</run_address>
         <size>0x20</size>
         <input_file_ref idref="fl-30"/>
      </object_component>
      <object_component id="oc-1df">
         <name>.text:__trunc</name>
         <load_address>0x838c80</load_address>
         <run_address>0x838c80</run_address>
         <size>0x20</size>
         <input_file_ref idref="fl-39"/>
      </object_component>
      <object_component id="oc-16a">
         <name>.text:_abort</name>
         <load_address>0x838ca0</load_address>
         <run_address>0x838ca0</run_address>
         <size>0x20</size>
         <input_file_ref idref="fl-25"/>
      </object_component>
      <object_component id="oc-1e9">
         <name>.text:_remove</name>
         <load_address>0x838cc0</load_address>
         <run_address>0x838cc0</run_address>
         <size>0x20</size>
         <input_file_ref idref="fl-56"/>
      </object_component>
      <object_component id="oc-9f">
         <name>.stack</name>
         <uninitialized>true</uninitialized>
         <run_address>0x83ac48</run_address>
         <size>0x8</size>
         <input_file_ref idref="fl-20"/>
      </object_component>
      <object_component id="oc-210">
         <name>.stack</name>
         <uninitialized>true</uninitialized>
         <run_address>0x83ac48</run_address>
         <size>0x0</size>
      </object_component>
      <object_component id="oc-18">
         <name>.bss</name>
         <uninitialized>true</uninitialized>
         <run_address>0x83c3b8</run_address>
         <size>0x4</size>
         <input_file_ref idref="fl-2"/>
      </object_component>
      <object_component id="oc-1f">
         <name>.bss</name>
         <uninitialized>true</uninitialized>
         <run_address>0x83c3b4</run_address>
         <size>0x4</size>
         <input_file_ref idref="fl-3"/>
      </object_component>
      <object_component id="oc-42">
         <name>.bss</name>
         <uninitialized>true</uninitialized>
         <run_address>0x83c382</run_address>
         <size>0x2</size>
         <input_file_ref idref="fl-b"/>
      </object_component>
      <object_component id="oc-55">
         <name>.bss</name>
         <uninitialized>true</uninitialized>
         <run_address>0x83c3ae</run_address>
         <size>0x5</size>
         <input_file_ref idref="fl-f"/>
      </object_component>
      <object_component id="oc-5d">
         <name>.bss</name>
         <uninitialized>true</uninitialized>
         <run_address>0x83c3a0</run_address>
         <size>0xd</size>
         <input_file_ref idref="fl-10"/>
      </object_component>
      <object_component id="oc-65">
         <name>.bss</name>
         <uninitialized>true</uninitialized>
         <run_address>0x83c384</run_address>
         <size>0x1a</size>
         <input_file_ref idref="fl-11"/>
      </object_component>
      <object_component id="oc-6d">
         <name>.bss</name>
         <uninitialized>true</uninitialized>
         <run_address>0x83c368</run_address>
         <size>0x1a</size>
         <input_file_ref idref="fl-12"/>
      </object_component>
      <object_component id="oc-f6">
         <name>.cio</name>
         <uninitialized>true</uninitialized>
         <run_address>0x83c248</run_address>
         <size>0x120</size>
         <input_file_ref idref="fl-38"/>
      </object_component>
      <object_component id="oc-70">
         <name>.const:.string</name>
         <load_address>0x838ce0</load_address>
         <run_address>0x838ce0</run_address>
         <size>0xd90</size>
         <input_file_ref idref="fl-12"/>
      </object_component>
      <object_component id="oc-59">
         <name>.const:.string</name>
         <load_address>0x839a70</load_address>
         <run_address>0x839a70</run_address>
         <size>0x7a4</size>
         <input_file_ref idref="fl-f"/>
      </object_component>
      <object_component id="oc-128">
         <name>.const:.string</name>
         <load_address>0x83a214</load_address>
         <run_address>0x83a214</run_address>
         <size>0x2</size>
         <input_file_ref idref="fl-47"/>
      </object_component>
      <object_component id="oc-1c1">
         <name>.const:_$P$T1$2</name>
         <load_address>0x83a218</load_address>
         <run_address>0x83a218</run_address>
         <size>0x17a</size>
         <input_file_ref idref="fl-18"/>
      </object_component>
      <object_component id="oc-61">
         <name>.const:.string</name>
         <load_address>0x83a394</load_address>
         <run_address>0x83a394</run_address>
         <size>0x160</size>
         <input_file_ref idref="fl-10"/>
      </object_component>
      <object_component id="oc-1cd">
         <name>.const:__ctypes_</name>
         <load_address>0x83a4f8</load_address>
         <run_address>0x83a4f8</run_address>
         <size>0x101</size>
         <input_file_ref idref="fl-40"/>
      </object_component>
      <object_component id="oc-19a">
         <name>.const:_$P$T0$1</name>
         <load_address>0x83a600</load_address>
         <run_address>0x83a600</run_address>
         <size>0x100</size>
         <input_file_ref idref="fl-1a"/>
      </object_component>
      <object_component id="oc-196">
         <name>.const:_$P$T0$1</name>
         <load_address>0x83a700</load_address>
         <run_address>0x83a700</run_address>
         <size>0x100</size>
         <input_file_ref idref="fl-19"/>
      </object_component>
      <object_component id="oc-69">
         <name>.const:.string</name>
         <load_address>0x83a800</load_address>
         <run_address>0x83a800</run_address>
         <size>0xe4</size>
         <input_file_ref idref="fl-11"/>
      </object_component>
      <object_component id="oc-7a">
         <name>.const:.string</name>
         <load_address>0x83a8e4</load_address>
         <run_address>0x83a8e4</run_address>
         <size>0x74</size>
         <input_file_ref idref="fl-14"/>
      </object_component>
      <object_component id="oc-1a4">
         <name>.const:.string:_$P$T0$1</name>
         <load_address>0x83a958</load_address>
         <run_address>0x83a958</run_address>
         <size>0x5a</size>
         <input_file_ref idref="fl-13"/>
      </object_component>
      <object_component id="oc-1a5">
         <name>.const:.string:_$P$T1$2</name>
         <load_address>0x83a9b8</load_address>
         <run_address>0x83a9b8</run_address>
         <size>0x5a</size>
         <input_file_ref idref="fl-13"/>
      </object_component>
      <object_component id="oc-1c2">
         <name>.const:.string:_$P$T2$3</name>
         <load_address>0x83aa18</load_address>
         <run_address>0x83aa18</run_address>
         <size>0x3f</size>
         <input_file_ref idref="fl-18"/>
      </object_component>
      <object_component id="oc-44">
         <name>.const:.string</name>
         <load_address>0x83aa58</load_address>
         <run_address>0x83aa58</run_address>
         <size>0x34</size>
         <input_file_ref idref="fl-b"/>
      </object_component>
      <object_component id="oc-75">
         <name>.const:.string</name>
         <load_address>0x83aa8c</load_address>
         <run_address>0x83aa8c</run_address>
         <size>0x2c</size>
         <input_file_ref idref="fl-13"/>
      </object_component>
      <object_component id="oc-197">
         <name>.const:_$P$T1$2</name>
         <load_address>0x83aab8</load_address>
         <run_address>0x83aab8</run_address>
         <size>0x2c</size>
         <input_file_ref idref="fl-19"/>
      </object_component>
      <object_component id="oc-88">
         <name>.const:.string</name>
         <load_address>0x83aae4</load_address>
         <run_address>0x83aae4</run_address>
         <size>0x28</size>
         <input_file_ref idref="fl-17"/>
      </object_component>
      <object_component id="oc-102">
         <name>.const:.string</name>
         <load_address>0x83ab0c</load_address>
         <run_address>0x83ab0c</run_address>
         <size>0x23</size>
         <input_file_ref idref="fl-3b"/>
      </object_component>
      <object_component id="oc-4d">
         <name>.const</name>
         <load_address>0x83ab30</load_address>
         <run_address>0x83ab30</run_address>
         <size>0x20</size>
         <input_file_ref idref="fl-d"/>
      </object_component>
      <object_component id="oc-1c0">
         <name>.const:_$P$T0$1</name>
         <load_address>0x83ab50</load_address>
         <run_address>0x83ab50</run_address>
         <size>0x18</size>
         <input_file_ref idref="fl-18"/>
      </object_component>
      <object_component id="oc-22">
         <name>.const:.string</name>
         <load_address>0x83ab68</load_address>
         <run_address>0x83ab68</run_address>
         <size>0x10</size>
         <input_file_ref idref="fl-3"/>
      </object_component>
      <object_component id="oc-1b5">
         <name>.const:_$P$T0$1</name>
         <load_address>0x83ab78</load_address>
         <run_address>0x83ab78</run_address>
         <size>0x10</size>
         <input_file_ref idref="fl-1b"/>
      </object_component>
      <object_component id="oc-1b6">
         <name>.const:_$P$T1$2</name>
         <load_address>0x83ab88</load_address>
         <run_address>0x83ab88</run_address>
         <size>0x10</size>
         <input_file_ref idref="fl-1b"/>
      </object_component>
      <object_component id="oc-19b">
         <name>.const:_$P$T1$3</name>
         <load_address>0x83ab98</load_address>
         <run_address>0x83ab98</run_address>
         <size>0x10</size>
         <input_file_ref idref="fl-1a"/>
      </object_component>
      <object_component id="oc-19c">
         <name>.const:_$P$T2$4</name>
         <load_address>0x83aba8</load_address>
         <run_address>0x83aba8</run_address>
         <size>0x10</size>
         <input_file_ref idref="fl-1a"/>
      </object_component>
      <object_component id="oc-198">
         <name>.const:_$P$T2$4</name>
         <load_address>0x83abb8</load_address>
         <run_address>0x83abb8</run_address>
         <size>0x10</size>
         <input_file_ref idref="fl-19"/>
      </object_component>
      <object_component id="oc-199">
         <name>.const:_$P$T3$5</name>
         <load_address>0x83abc8</load_address>
         <run_address>0x83abc8</run_address>
         <size>0x10</size>
         <input_file_ref idref="fl-19"/>
      </object_component>
      <object_component id="oc-1c5">
         <name>.const:.string:_$P$T0$1</name>
         <load_address>0x83abd8</load_address>
         <run_address>0x83abd8</run_address>
         <size>0xe</size>
         <input_file_ref idref="fl-a"/>
      </object_component>
      <object_component id="oc-1c6">
         <name>.const:.string:_$P$T1$2</name>
         <load_address>0x83abe8</load_address>
         <run_address>0x83abe8</run_address>
         <size>0xe</size>
         <input_file_ref idref="fl-a"/>
      </object_component>
      <object_component id="oc-1c3">
         <name>.const:.string:_$P$T3$4</name>
         <load_address>0x83abf8</load_address>
         <run_address>0x83abf8</run_address>
         <size>0xd</size>
         <input_file_ref idref="fl-18"/>
      </object_component>
      <object_component id="oc-1c4">
         <name>.const:.string:_$P$T4$5</name>
         <load_address>0x83ac08</load_address>
         <run_address>0x83ac08</run_address>
         <size>0xd</size>
         <input_file_ref idref="fl-18"/>
      </object_component>
      <object_component id="oc-1b">
         <name>.const:.string</name>
         <load_address>0x83ac18</load_address>
         <run_address>0x83ac18</run_address>
         <size>0xc</size>
         <input_file_ref idref="fl-2"/>
      </object_component>
      <object_component id="oc-18b">
         <name>.const:.string:_$P$T0$1</name>
         <load_address>0x83ac28</load_address>
         <run_address>0x83ac28</run_address>
         <size>0x6</size>
         <input_file_ref idref="fl-11"/>
      </object_component>
      <object_component id="oc-1be">
         <name>.const:.string:_$P$T0$1</name>
         <load_address>0x83ac30</load_address>
         <run_address>0x83ac30</run_address>
         <size>0x4</size>
         <input_file_ref idref="fl-16"/>
      </object_component>
      <object_component id="oc-1bf">
         <name>.const:.string:_$P$T1$2</name>
         <load_address>0x83ac38</load_address>
         <run_address>0x83ac38</run_address>
         <size>0x4</size>
         <input_file_ref idref="fl-16"/>
      </object_component>
      <object_component id="oc-18d">
         <name>.const:.string:_$P$T1$2</name>
         <load_address>0x83ac40</load_address>
         <run_address>0x83ac40</run_address>
         <size>0x1</size>
         <input_file_ref idref="fl-11"/>
      </object_component>
      <object_component id="oc-185">
         <name>.switch:_primitiveInBufferProcess</name>
         <load_address>0x8000b90c</load_address>
         <run_address>0x8000b90c</run_address>
         <size>0x64</size>
         <input_file_ref idref="fl-f"/>
      </object_component>
      <object_component id="oc-184">
         <name>.switch:_MACPrimitiveTransmission</name>
         <load_address>0x8000b970</load_address>
         <run_address>0x8000b970</run_address>
         <size>0x60</size>
         <input_file_ref idref="fl-f"/>
      </object_component>
      <object_component id="oc-179">
         <name>.switch:_MACTasks</name>
         <load_address>0x8000b9d0</load_address>
         <run_address>0x8000b9d0</run_address>
         <size>0x44</size>
         <input_file_ref idref="fl-12"/>
      </object_component>
      <object_component id="oc-17e">
         <name>.switch:_getBackoffCounter</name>
         <load_address>0x8000ba14</load_address>
         <run_address>0x8000ba14</run_address>
         <size>0x40</size>
         <input_file_ref idref="fl-12"/>
      </object_component>
      <object_component id="oc-183">
         <name>.switch:_PrimitiveTasks</name>
         <load_address>0x8000ba54</load_address>
         <run_address>0x8000ba54</run_address>
         <size>0x20</size>
         <input_file_ref idref="fl-f"/>
      </object_component>
      <object_component id="oc-17f">
         <name>.switch:_getCP</name>
         <load_address>0x8000ba74</load_address>
         <run_address>0x8000ba74</run_address>
         <size>0x20</size>
         <input_file_ref idref="fl-12"/>
      </object_component>
      <object_component id="oc-1b3">
         <name>.switch:_PHYrx</name>
         <load_address>0x8000ba94</load_address>
         <run_address>0x8000ba94</run_address>
         <size>0x1c</size>
         <input_file_ref idref="fl-14"/>
      </object_component>
      <object_component id="oc-187">
         <name>.switch:_PHYTasks</name>
         <load_address>0x8000bab0</load_address>
         <run_address>0x8000bab0</run_address>
         <size>0x10</size>
         <input_file_ref idref="fl-11"/>
      </object_component>
      <object_component id="oc-cc">
         <name>.sysmem</name>
         <uninitialized>true</uninitialized>
         <run_address>0x800000</run_address>
         <size>0x8</size>
         <input_file_ref idref="fl-2c"/>
      </object_component>
      <object_component id="oc-211">
         <name>.sysmem</name>
         <uninitialized>true</uninitialized>
         <run_address>0x800000</run_address>
         <size>0x0</size>
      </object_component>
      <object_component id="oc-58">
         <name>.far</name>
         <uninitialized>true</uninitialized>
         <run_address>0x80009f10</run_address>
         <size>0xfe0</size>
         <input_file_ref idref="fl-f"/>
      </object_component>
      <object_component id="oc-60">
         <name>.far</name>
         <uninitialized>true</uninitialized>
         <run_address>0x8000b338</run_address>
         <size>0xd8</size>
         <input_file_ref idref="fl-10"/>
      </object_component>
      <object_component id="oc-68">
         <name>.far</name>
         <uninitialized>true</uninitialized>
         <run_address>0x80000000</run_address>
         <size>0x8da0</size>
         <input_file_ref idref="fl-11"/>
      </object_component>
      <object_component id="oc-6f">
         <name>.far</name>
         <uninitialized>true</uninitialized>
         <run_address>0x80008da0</run_address>
         <size>0x1170</size>
         <input_file_ref idref="fl-12"/>
      </object_component>
      <object_component id="oc-87">
         <name>.far</name>
         <uninitialized>true</uninitialized>
         <run_address>0x8000b590</run_address>
         <size>0x18</size>
         <input_file_ref idref="fl-17"/>
      </object_component>
      <object_component id="oc-91">
         <name>.far</name>
         <uninitialized>true</uninitialized>
         <run_address>0x8000b5b8</run_address>
         <size>0x10</size>
         <input_file_ref idref="fl-19"/>
      </object_component>
      <object_component id="oc-96">
         <name>.far</name>
         <uninitialized>true</uninitialized>
         <run_address>0x8000b5a8</run_address>
         <size>0x10</size>
         <input_file_ref idref="fl-1a"/>
      </object_component>
      <object_component id="oc-a7">
         <name>.far</name>
         <uninitialized>true</uninitialized>
         <run_address>0x8000b4e0</run_address>
         <size>0x40</size>
         <input_file_ref idref="fl-22"/>
      </object_component>
      <object_component id="oc-b2">
         <name>.far</name>
         <uninitialized>true</uninitialized>
         <run_address>0x8000b5c8</run_address>
         <size>0xc</size>
         <input_file_ref idref="fl-25"/>
      </object_component>
      <object_component id="oc-c3">
         <name>.far</name>
         <uninitialized>true</uninitialized>
         <run_address>0x8000b560</run_address>
         <size>0x30</size>
         <input_file_ref idref="fl-2a"/>
      </object_component>
      <object_component id="oc-cb">
         <name>.far</name>
         <uninitialized>true</uninitialized>
         <run_address>0x8000b5dc</run_address>
         <size>0x8</size>
         <input_file_ref idref="fl-2c"/>
      </object_component>
      <object_component id="oc-dd">
         <name>.far</name>
         <uninitialized>true</uninitialized>
         <run_address>0x8000b5e8</run_address>
         <size>0x8</size>
         <input_file_ref idref="fl-31"/>
      </object_component>
      <object_component id="oc-e8">
         <name>.far</name>
         <uninitialized>true</uninitialized>
         <run_address>0x8000b520</run_address>
         <size>0x40</size>
         <input_file_ref idref="fl-34"/>
      </object_component>
      <object_component id="oc-f2">
         <name>.far</name>
         <uninitialized>true</uninitialized>
         <run_address>0x8000b410</run_address>
         <size>0xd0</size>
         <input_file_ref idref="fl-37"/>
      </object_component>
      <object_component id="oc-fe">
         <name>.far</name>
         <uninitialized>true</uninitialized>
         <run_address>0x8000b5d4</run_address>
         <size>0x8</size>
         <input_file_ref idref="fl-3a"/>
      </object_component>
      <object_component id="oc-115">
         <name>.far</name>
         <uninitialized>true</uninitialized>
         <run_address>0x8000aef0</run_address>
         <size>0x324</size>
         <input_file_ref idref="fl-41"/>
      </object_component>
      <object_component id="oc-11c">
         <name>.far</name>
         <uninitialized>true</uninitialized>
         <run_address>0x8000b214</run_address>
         <size>0x4</size>
         <input_file_ref idref="fl-43"/>
      </object_component>
      <object_component id="oc-139">
         <name>.far</name>
         <uninitialized>true</uninitialized>
         <run_address>0x8000b218</run_address>
         <size>0x11c</size>
         <input_file_ref idref="fl-4c"/>
      </object_component>
      <object_component id="oc-153">
         <name>.far</name>
         <uninitialized>true</uninitialized>
         <run_address>0x8000b334</run_address>
         <size>0x4</size>
         <input_file_ref idref="fl-54"/>
      </object_component>
      <object_component id="oc-114">
         <name>.cinit</name>
         <load_address>0x8000b5f0</load_address>
         <run_address>0x8000b5f0</run_address>
         <size>0x5c</size>
         <input_file_ref idref="fl-41"/>
      </object_component>
      <object_component id="oc-138">
         <name>.cinit</name>
         <load_address>0x8000b650</load_address>
         <run_address>0x8000b650</run_address>
         <size>0x5c</size>
         <input_file_ref idref="fl-4c"/>
      </object_component>
      <object_component id="oc-5f">
         <name>.cinit</name>
         <load_address>0x8000b6b0</load_address>
         <run_address>0x8000b6b0</run_address>
         <size>0x48</size>
         <input_file_ref idref="fl-10"/>
      </object_component>
      <object_component id="oc-a6">
         <name>.cinit</name>
         <load_address>0x8000b6f8</load_address>
         <run_address>0x8000b6f8</run_address>
         <size>0x48</size>
         <input_file_ref idref="fl-22"/>
      </object_component>
      <object_component id="oc-e7">
         <name>.cinit</name>
         <load_address>0x8000b740</load_address>
         <run_address>0x8000b740</run_address>
         <size>0x48</size>
         <input_file_ref idref="fl-34"/>
      </object_component>
      <object_component id="oc-c2">
         <name>.cinit</name>
         <load_address>0x8000b788</load_address>
         <run_address>0x8000b788</run_address>
         <size>0x40</size>
         <input_file_ref idref="fl-2a"/>
      </object_component>
      <object_component id="oc-57">
         <name>.cinit</name>
         <load_address>0x8000b7c8</load_address>
         <run_address>0x8000b7c8</run_address>
         <size>0x39</size>
         <input_file_ref idref="fl-f"/>
      </object_component>
      <object_component id="oc-67">
         <name>.cinit</name>
         <load_address>0x8000b808</load_address>
         <run_address>0x8000b808</run_address>
         <size>0x30</size>
         <input_file_ref idref="fl-11"/>
      </object_component>
      <object_component id="oc-b1">
         <name>.cinit</name>
         <load_address>0x8000b838</load_address>
         <run_address>0x8000b838</run_address>
         <size>0x2c</size>
         <input_file_ref idref="fl-25"/>
      </object_component>
      <object_component id="oc-ca">
         <name>.cinit</name>
         <load_address>0x8000b868</load_address>
         <run_address>0x8000b868</run_address>
         <size>0x2c</size>
         <input_file_ref idref="fl-2c"/>
      </object_component>
      <object_component id="oc-fd">
         <name>.cinit</name>
         <load_address>0x8000b898</load_address>
         <run_address>0x8000b898</run_address>
         <size>0x1c</size>
         <input_file_ref idref="fl-3a"/>
      </object_component>
      <object_component id="oc-dc">
         <name>.cinit</name>
         <load_address>0x8000b8b8</load_address>
         <run_address>0x8000b8b8</run_address>
         <size>0x10</size>
         <input_file_ref idref="fl-31"/>
      </object_component>
      <object_component id="oc-11b">
         <name>.cinit</name>
         <load_address>0x8000b8c8</load_address>
         <run_address>0x8000b8c8</run_address>
         <size>0xc</size>
         <input_file_ref idref="fl-43"/>
      </object_component>
      <object_component id="oc-152">
         <name>.cinit</name>
         <load_address>0x8000b8d8</load_address>
         <run_address>0x8000b8d8</run_address>
         <size>0xc</size>
         <input_file_ref idref="fl-54"/>
      </object_component>
      <object_component id="oc-21">
         <name>.cinit</name>
         <load_address>0x8000b8e8</load_address>
         <run_address>0x8000b8e8</run_address>
         <size>0xc</size>
         <input_file_ref idref="fl-3"/>
      </object_component>
      <object_component id="oc-1a">
         <name>.cinit</name>
         <load_address>0x8000b8f8</load_address>
         <run_address>0x8000b8f8</run_address>
         <size>0xc</size>
         <input_file_ref idref="fl-2"/>
      </object_component>
      <object_component id="oc-19">
         <name>.debug_info</name>
         <load_address>0x0</load_address>
         <run_address>0x0</run_address>
         <size>0xd65</size>
         <input_file_ref idref="fl-2"/>
      </object_component>
      <object_component id="oc-20">
         <name>.debug_info</name>
         <load_address>0xd65</load_address>
         <run_address>0xd65</run_address>
         <size>0xb29</size>
         <input_file_ref idref="fl-3"/>
      </object_component>
      <object_component id="oc-26">
         <name>.debug_info</name>
         <load_address>0x188e</load_address>
         <run_address>0x188e</run_address>
         <size>0x95e</size>
         <input_file_ref idref="fl-4"/>
      </object_component>
      <object_component id="oc-2a">
         <name>.debug_info</name>
         <load_address>0x21ec</load_address>
         <run_address>0x21ec</run_address>
         <size>0xcb0</size>
         <input_file_ref idref="fl-5"/>
      </object_component>
      <object_component id="oc-2e">
         <name>.debug_info</name>
         <load_address>0x2e9c</load_address>
         <run_address>0x2e9c</run_address>
         <size>0x608</size>
         <input_file_ref idref="fl-6"/>
      </object_component>
      <object_component id="oc-32">
         <name>.debug_info</name>
         <load_address>0x34a4</load_address>
         <run_address>0x34a4</run_address>
         <size>0x5c6</size>
         <input_file_ref idref="fl-7"/>
      </object_component>
      <object_component id="oc-37">
         <name>.debug_info</name>
         <load_address>0x3a6a</load_address>
         <run_address>0x3a6a</run_address>
         <size>0xb2</size>
         <input_file_ref idref="fl-8"/>
      </object_component>
      <object_component id="oc-3a">
         <name>.debug_info</name>
         <load_address>0x3b1c</load_address>
         <run_address>0x3b1c</run_address>
         <size>0xa86</size>
         <input_file_ref idref="fl-9"/>
      </object_component>
      <object_component id="oc-3e">
         <name>.debug_info</name>
         <load_address>0x45a2</load_address>
         <run_address>0x45a2</run_address>
         <size>0xaab</size>
         <input_file_ref idref="fl-a"/>
      </object_component>
      <object_component id="oc-43">
         <name>.debug_info</name>
         <load_address>0x504d</load_address>
         <run_address>0x504d</run_address>
         <size>0x9b1</size>
         <input_file_ref idref="fl-b"/>
      </object_component>
      <object_component id="oc-48">
         <name>.debug_info</name>
         <load_address>0x59fe</load_address>
         <run_address>0x59fe</run_address>
         <size>0xce4</size>
         <input_file_ref idref="fl-c"/>
      </object_component>
      <object_component id="oc-4c">
         <name>.debug_info</name>
         <load_address>0x66e2</load_address>
         <run_address>0x66e2</run_address>
         <size>0x113c</size>
         <input_file_ref idref="fl-d"/>
      </object_component>
      <object_component id="oc-51">
         <name>.debug_info</name>
         <load_address>0x781e</load_address>
         <run_address>0x781e</run_address>
         <size>0x9bc</size>
         <input_file_ref idref="fl-e"/>
      </object_component>
      <object_component id="oc-56">
         <name>.debug_info</name>
         <load_address>0x81da</load_address>
         <run_address>0x81da</run_address>
         <size>0x57ca</size>
         <input_file_ref idref="fl-f"/>
      </object_component>
      <object_component id="oc-5e">
         <name>.debug_info</name>
         <load_address>0xd9a4</load_address>
         <run_address>0xd9a4</run_address>
         <size>0x50d0</size>
         <input_file_ref idref="fl-10"/>
      </object_component>
      <object_component id="oc-66">
         <name>.debug_info</name>
         <load_address>0x12a74</load_address>
         <run_address>0x12a74</run_address>
         <size>0x4afa</size>
         <input_file_ref idref="fl-11"/>
      </object_component>
      <object_component id="oc-6e">
         <name>.debug_info</name>
         <load_address>0x1756e</load_address>
         <run_address>0x1756e</run_address>
         <size>0x85cf</size>
         <input_file_ref idref="fl-12"/>
      </object_component>
      <object_component id="oc-74">
         <name>.debug_info</name>
         <load_address>0x1fb3d</load_address>
         <run_address>0x1fb3d</run_address>
         <size>0x1218</size>
         <input_file_ref idref="fl-13"/>
      </object_component>
      <object_component id="oc-79">
         <name>.debug_info</name>
         <load_address>0x20d55</load_address>
         <run_address>0x20d55</run_address>
         <size>0x1418</size>
         <input_file_ref idref="fl-14"/>
      </object_component>
      <object_component id="oc-7e">
         <name>.debug_info</name>
         <load_address>0x2216d</load_address>
         <run_address>0x2216d</run_address>
         <size>0x893</size>
         <input_file_ref idref="fl-15"/>
      </object_component>
      <object_component id="oc-82">
         <name>.debug_info</name>
         <load_address>0x22a00</load_address>
         <run_address>0x22a00</run_address>
         <size>0xaf1</size>
         <input_file_ref idref="fl-16"/>
      </object_component>
      <object_component id="oc-86">
         <name>.debug_info</name>
         <load_address>0x234f1</load_address>
         <run_address>0x234f1</run_address>
         <size>0xe8e</size>
         <input_file_ref idref="fl-17"/>
      </object_component>
      <object_component id="oc-8c">
         <name>.debug_info</name>
         <load_address>0x2437f</load_address>
         <run_address>0x2437f</run_address>
         <size>0x2c81</size>
         <input_file_ref idref="fl-18"/>
      </object_component>
      <object_component id="oc-90">
         <name>.debug_info</name>
         <load_address>0x27000</load_address>
         <run_address>0x27000</run_address>
         <size>0x1ecb</size>
         <input_file_ref idref="fl-19"/>
      </object_component>
      <object_component id="oc-95">
         <name>.debug_info</name>
         <load_address>0x28ecb</load_address>
         <run_address>0x28ecb</run_address>
         <size>0x15c2</size>
         <input_file_ref idref="fl-1a"/>
      </object_component>
      <object_component id="oc-9a">
         <name>.debug_info</name>
         <load_address>0x2a48d</load_address>
         <run_address>0x2a48d</run_address>
         <size>0xaf4</size>
         <input_file_ref idref="fl-1b"/>
      </object_component>
      <object_component id="oc-9e">
         <name>.debug_info</name>
         <load_address>0x2af81</load_address>
         <run_address>0x2af81</run_address>
         <size>0x6d2</size>
         <input_file_ref idref="fl-20"/>
      </object_component>
      <object_component id="oc-a2">
         <name>.debug_info</name>
         <load_address>0x2b653</load_address>
         <run_address>0x2b653</run_address>
         <size>0x631</size>
         <input_file_ref idref="fl-21"/>
      </object_component>
      <object_component id="oc-a5">
         <name>.debug_info</name>
         <load_address>0x2bc84</load_address>
         <run_address>0x2bc84</run_address>
         <size>0x6e4</size>
         <input_file_ref idref="fl-22"/>
      </object_component>
      <object_component id="oc-aa">
         <name>.debug_info</name>
         <load_address>0x2c368</load_address>
         <run_address>0x2c368</run_address>
         <size>0x96a</size>
         <input_file_ref idref="fl-23"/>
      </object_component>
      <object_component id="oc-ad">
         <name>.debug_info</name>
         <load_address>0x2ccd2</load_address>
         <run_address>0x2ccd2</run_address>
         <size>0xbd</size>
         <input_file_ref idref="fl-24"/>
      </object_component>
      <object_component id="oc-b0">
         <name>.debug_info</name>
         <load_address>0x2cd8f</load_address>
         <run_address>0x2cd8f</run_address>
         <size>0x7f9</size>
         <input_file_ref idref="fl-25"/>
      </object_component>
      <object_component id="oc-b5">
         <name>.debug_info</name>
         <load_address>0x2d588</load_address>
         <run_address>0x2d588</run_address>
         <size>0x656</size>
         <input_file_ref idref="fl-26"/>
      </object_component>
      <object_component id="oc-b8">
         <name>.debug_info</name>
         <load_address>0x2dbde</load_address>
         <run_address>0x2dbde</run_address>
         <size>0x6a8</size>
         <input_file_ref idref="fl-27"/>
      </object_component>
      <object_component id="oc-bb">
         <name>.debug_info</name>
         <load_address>0x2e286</load_address>
         <run_address>0x2e286</run_address>
         <size>0x653</size>
         <input_file_ref idref="fl-28"/>
      </object_component>
      <object_component id="oc-be">
         <name>.debug_info</name>
         <load_address>0x2e8d9</load_address>
         <run_address>0x2e8d9</run_address>
         <size>0x6e8</size>
         <input_file_ref idref="fl-29"/>
      </object_component>
      <object_component id="oc-c1">
         <name>.debug_info</name>
         <load_address>0x2efc1</load_address>
         <run_address>0x2efc1</run_address>
         <size>0x663</size>
         <input_file_ref idref="fl-2a"/>
      </object_component>
      <object_component id="oc-c6">
         <name>.debug_info</name>
         <load_address>0x2f624</load_address>
         <run_address>0x2f624</run_address>
         <size>0xcc</size>
         <input_file_ref idref="fl-2b"/>
      </object_component>
      <object_component id="oc-c9">
         <name>.debug_info</name>
         <load_address>0x2f6f0</load_address>
         <run_address>0x2f6f0</run_address>
         <size>0xb89</size>
         <input_file_ref idref="fl-2c"/>
      </object_component>
      <object_component id="oc-cf">
         <name>.debug_info</name>
         <load_address>0x30279</load_address>
         <run_address>0x30279</run_address>
         <size>0x79d</size>
         <input_file_ref idref="fl-2d"/>
      </object_component>
      <object_component id="oc-d2">
         <name>.debug_info</name>
         <load_address>0x30a16</load_address>
         <run_address>0x30a16</run_address>
         <size>0x667</size>
         <input_file_ref idref="fl-2e"/>
      </object_component>
      <object_component id="oc-d5">
         <name>.debug_info</name>
         <load_address>0x3107d</load_address>
         <run_address>0x3107d</run_address>
         <size>0x5ff</size>
         <input_file_ref idref="fl-2f"/>
      </object_component>
      <object_component id="oc-d8">
         <name>.debug_info</name>
         <load_address>0x3167c</load_address>
         <run_address>0x3167c</run_address>
         <size>0x8a0</size>
         <input_file_ref idref="fl-30"/>
      </object_component>
      <object_component id="oc-db">
         <name>.debug_info</name>
         <load_address>0x31f1c</load_address>
         <run_address>0x31f1c</run_address>
         <size>0x6ae</size>
         <input_file_ref idref="fl-31"/>
      </object_component>
      <object_component id="oc-e0">
         <name>.debug_info</name>
         <load_address>0x325ca</load_address>
         <run_address>0x325ca</run_address>
         <size>0xbd</size>
         <input_file_ref idref="fl-32"/>
      </object_component>
      <object_component id="oc-e3">
         <name>.debug_info</name>
         <load_address>0x32687</load_address>
         <run_address>0x32687</run_address>
         <size>0x63a</size>
         <input_file_ref idref="fl-33"/>
      </object_component>
      <object_component id="oc-e6">
         <name>.debug_info</name>
[...]
         <value>0x823e4c</value>
         <object_component_ref idref="oc-172"/>
      </symbol>
      <symbol id="sm-9ca">
         <name>_MACDataFrameReception</name>
         <value>0x824608</value>
         <object_component_ref idref="oc-172"/>
      </symbol>
      <symbol id="sm-9cb">
         <name>_DataTypeFrameTxSchedule</name>
         <value>0x823a88</value>
         <object_component_ref idref="oc-172"/>
      </symbol>
      <symbol id="sm-a4c">
         <name>_PHYtx</name>
         <value>0x82f540</value>
         <object_component_ref idref="oc-188"/>
      </symbol>
      <symbol id="sm-ae5">
         <name>_PHYrx</name>
         <value>0x82ef40</value>
         <object_component_ref idref="oc-18a"/>
      </symbol>
      <symbol id="sm-b1c">
         <name>_PHYHeadGen</name>
         <value>0x835780</value>
         <object_component_ref idref="oc-1a7"/>
      </symbol>
      <symbol id="sm-b52">
         <name>_PHYHeadCRCCheck</name>
         <value>0x8321e8</value>
         <object_component_ref idref="oc-1a8"/>
      </symbol>
      <symbol id="sm-b53">
         <name>_PHYHeadCRCCoding</name>
         <value>0x8320a0</value>
         <object_component_ref idref="oc-1a8"/>
      </symbol>
      <symbol id="sm-b65">
         <name>_InitCpuTimers</name>
         <value>0x833ce0</value>
         <object_component_ref idref="oc-176"/>
      </symbol>
      <symbol id="sm-b66">
         <name>_TickGet</name>
         <value>0x833ee0</value>
         <object_component_ref idref="oc-176"/>
      </symbol>
      <symbol id="sm-b67">
         <name>_mac_CpuTimer0</name>
         <value>0x8000b590</value>
         <object_component_ref idref="oc-87"/>
      </symbol>
      <symbol id="sm-b68">
         <name>_mac_CpuTimer1</name>
         <value>0x8000b59c</value>
         <object_component_ref idref="oc-87"/>
      </symbol>
      <symbol id="sm-b69">
         <name>_ConfigCpuTimer</name>
         <value>0x833e08</value>
         <object_component_ref idref="oc-176"/>
      </symbol>
      <symbol id="sm-d79">
         <name>_BCHDecoding_PHYH</name>
         <value>0x82a0e4</value>
         <object_component_ref idref="oc-1a9"/>
      </symbol>
      <symbol id="sm-d7a">
         <name>_PSDUcodelen</name>
         <value>0x828d20</value>
         <object_component_ref idref="oc-1a9"/>
      </symbol>
      <symbol id="sm-d7b">
         <name>_BCHDecoding_PSDU</name>
         <value>0x82a930</value>
         <object_component_ref idref="oc-1a9"/>
      </symbol>
      <symbol id="sm-d7c">
         <name>_Decoding</name>
         <value>0x828e20</value>
         <object_component_ref idref="oc-1a9"/>
      </symbol>
      <symbol id="sm-d7d">
         <name>_BCHEncoding_PSDU</name>
         <value>0x82a1a0</value>
         <object_component_ref idref="oc-1a9"/>
      </symbol>
      <symbol id="sm-d7e">
         <name>_BCHEncoding_PHYH</name>
         <value>0x829fa8</value>
         <object_component_ref idref="oc-1a9"/>
      </symbol>
      <symbol id="sm-e67">
         <name>_Sbox</name>
         <value>0x82d4a8</value>
         <object_component_ref idref="oc-17c"/>
      </symbol>
      <symbol id="sm-e68">
         <name>_Subword</name>
         <value>0x82d76c</value>
         <object_component_ref idref="oc-17c"/>
      </symbol>
      <symbol id="sm-e69">
         <name>_MixColumns</name>
         <value>0x82da00</value>
         <object_component_ref idref="oc-17c"/>
      </symbol>
      <symbol id="sm-e6a">
         <name>_Keyexpansion</name>
         <value>0x82d4f8</value>
         <object_component_ref idref="oc-17c"/>
      </symbol>
      <symbol id="sm-e6b">
         <name>_AES_Encrypt</name>
         <value>0x82d300</value>
         <object_component_ref idref="oc-17c"/>
      </symbol>
      <symbol id="sm-e6c">
         <name>_mac_encrypt</name>
         <value>0x82de4c</value>
         <object_component_ref idref="oc-17c"/>
      </symbol>
      <symbol id="sm-e6d">
         <name>_ByteSubs</name>
         <value>0x82d860</value>
         <object_component_ref idref="oc-17c"/>
      </symbol>
      <symbol id="sm-e6e">
         <name>_Rotword</name>
         <value>0x82d704</value>
         <object_component_ref idref="oc-17c"/>
      </symbol>
      <symbol id="sm-e6f">
         <name>_AddRoundkey</name>
         <value>0x82d7d4</value>
         <object_component_ref idref="oc-17c"/>
      </symbol>
      <symbol id="sm-e70">
         <name>_Xtime</name>
         <value>0x82db50</value>
         <object_component_ref idref="oc-17c"/>
      </symbol>
      <symbol id="sm-e71">
         <name>_ShiftRows</name>
         <value>0x82d904</value>
         <object_component_ref idref="oc-17c"/>
      </symbol>
      <symbol id="sm-f00">
         <name>_AES_Decrypt</name>
         <value>0x82e930</value>
         <object_component_ref idref="oc-17d"/>
      </symbol>
      <symbol id="sm-f01">
         <name>_mac_decrypt</name>
         <value>0x82edb4</value>
         <object_component_ref idref="oc-17d"/>
      </symbol>
      <symbol id="sm-f02">
         <name>_InvMixColumns</name>
         <value>0x82ec60</value>
         <object_component_ref idref="oc-17d"/>
      </symbol>
      <symbol id="sm-f03">
         <name>_InvSubBytes</name>
         <value>0x82eae0</value>
         <object_component_ref idref="oc-17d"/>
      </symbol>
      <symbol id="sm-f04">
         <name>_InvSbox</name>
         <value>0x82e8e0</value>
         <object_component_ref idref="oc-17d"/>
      </symbol>
      <symbol id="sm-f05">
         <name>_InvShiftRows</name>
         <value>0x82eb6c</value>
         <object_component_ref idref="oc-17d"/>
      </symbol>
      <symbol id="sm-f2f">
         <name>_XOR</name>
         <value>0x833a60</value>
         <object_component_ref idref="oc-192"/>
      </symbol>
      <symbol id="sm-f30">
         <name>_CBC_encrypt</name>
         <value>0x833ab8</value>
         <object_component_ref idref="oc-192"/>
      </symbol>
      <symbol id="sm-f3f">
         <name>_c_int00</name>
         <value>0x838520</value>
         <object_component_ref idref="oc-17"/>
      </symbol>
      <symbol id="sm-f40">
         <name>__stack</name>
         <value>0x83ac48</value>
         <object_component_ref idref="oc-9f"/>
      </symbol>
      <symbol id="sm-f4a">
         <name>_ceil</name>
         <value>0x838b80</value>
         <object_component_ref idref="oc-1af"/>
      </symbol>
      <symbol id="sm-f60">
         <name>_cos</name>
         <value>0x832a00</value>
         <object_component_ref idref="oc-1d5"/>
      </symbol>
      <symbol id="sm-f72">
         <name>__divd</name>
         <value>0x82fb40</value>
         <object_component_ref idref="oc-17b"/>
      </symbol>
      <symbol id="sm-f7b">
         <name>__c6xabi_divi</name>
         <value>0x836c80</value>
         <object_component_ref idref="oc-1b0"/>
      </symbol>
      <symbol id="sm-f7c">
         <name>__divi</name>
         <value>0x836c80</value>
         <object_component_ref idref="oc-1b0"/>
      </symbol>
      <symbol id="sm-f95">
         <name>C$$EXIT</name>
         <value>0x838ca0</value>
         <object_component_ref idref="oc-16a"/>
      </symbol>
      <symbol id="sm-f96">
         <name>_exit</name>
         <value>0x836f20</value>
         <object_component_ref idref="oc-15e"/>
      </symbol>
      <symbol id="sm-f97">
         <name>___TI_enable_exit_profile_output</name>
         <value>0x8000b5d0</value>
         <object_component_ref idref="oc-b2"/>
      </symbol>
      <symbol id="sm-f98">
         <name>_abort</name>
         <value>0x838ca0</value>
         <object_component_ref idref="oc-16a"/>
      </symbol>
      <symbol id="sm-f99">
         <name>__cleanup_ptr</name>
         <value>0x8000b5c8</value>
         <object_component_ref idref="oc-b2"/>
      </symbol>
      <symbol id="sm-f9a">
         <name>__dtors_ptr</name>
         <value>0x8000b5cc</value>
         <object_component_ref idref="oc-b2"/>
      </symbol>
      <symbol id="sm-fab">
         <name>__fixfull</name>
         <value>0x836440</value>
         <object_component_ref idref="oc-186"/>
      </symbol>
      <symbol id="sm-fb7">
         <name>__fltulld</name>
         <value>0x837e80</value>
         <object_component_ref idref="oc-17a"/>
      </symbol>
      <symbol id="sm-fc1">
         <name>__frcmpyd_div</name>
         <value>0x838ac0</value>
         <object_component_ref idref="oc-195"/>
      </symbol>
      <symbol id="sm-fcf">
         <name>__llshl</name>
         <value>0x8384a0</value>
         <object_component_ref idref="oc-193"/>
      </symbol>
      <symbol id="sm-fd0">
         <name>__llshru</name>
         <value>0x838b00</value>
         <object_component_ref idref="oc-194"/>
      </symbol>
      <symbol id="sm-fe2">
         <name>_log</name>
         <value>0x8351e0</value>
         <object_component_ref idref="oc-1ae"/>
      </symbol>
      <symbol id="sm-fea">
         <name>_memcpy</name>
         <value>0x8381a0</value>
         <object_component_ref idref="oc-168"/>
      </symbol>
      <symbol id="sm-1027">
         <name>__sys_memory</name>
         <value>0x800000</value>
         <object_component_ref idref="oc-cc"/>
      </symbol>
      <symbol id="sm-1028">
         <name>_free</name>
         <value>0x833f60</value>
         <object_component_ref idref="oc-189"/>
      </symbol>
      <symbol id="sm-1029">
         <name>_calloc</name>
         <value>0x8385a0</value>
         <object_component_ref idref="oc-1a6"/>
      </symbol>
      <symbol id="sm-102a">
         <name>_malloc</name>
         <value>0x835c40</value>
         <object_component_ref idref="oc-18c"/>
      </symbol>
      <symbol id="sm-1035">
         <name>_memset</name>
         <value>0x837000</value>
         <object_component_ref idref="oc-175"/>
      </symbol>
      <symbol id="sm-1041">
         <name>_modf</name>
         <value>0x8382e0</value>
         <object_component_ref idref="oc-1ca"/>
      </symbol>
      <symbol id="sm-104b">
         <name>__negll</name>
         <value>0x838c00</value>
         <object_component_ref idref="oc-1a3"/>
      </symbol>
      <symbol id="sm-105d">
         <name>_printf</name>
         <value>0x838620</value>
         <object_component_ref idref="oc-173"/>
      </symbol>
      <symbol id="sm-1072">
         <name>_rand</name>
         <value>0x8386a0</value>
         <object_component_ref idref="oc-190"/>
      </symbol>
      <symbol id="sm-1073">
         <name>_srand</name>
         <value>0x8388e0</value>
         <object_component_ref idref="oc-18f"/>
      </symbol>
      <symbol id="sm-107c">
         <name>__remi</name>
         <value>0x837700</value>
         <object_component_ref idref="oc-191"/>
      </symbol>
      <symbol id="sm-107d">
         <name>__c6xabi_remi</name>
         <value>0x837700</value>
         <object_component_ref idref="oc-191"/>
      </symbol>
      <symbol id="sm-1087">
         <name>__nround</name>
         <value>0x837f20</value>
         <object_component_ref idref="oc-1e0"/>
      </symbol>
      <symbol id="sm-109c">
         <name>_sin</name>
         <value>0x8341e0</value>
         <object_component_ref idref="oc-1d6"/>
      </symbol>
      <symbol id="sm-10a9">
         <name>_sqrt</name>
         <value>0x836300</value>
         <object_component_ref idref="oc-1c7"/>
      </symbol>
      <symbol id="sm-10b3">
         <name>_time</name>
         <value>0x838bc0</value>
         <object_component_ref idref="oc-18e"/>
      </symbol>
      <symbol id="sm-10e1">
         <name>_HOSTopen</name>
         <value>0x836ba0</value>
         <object_component_ref idref="oc-160"/>
      </symbol>
      <symbol id="sm-10e2">
         <name>_HOSTread</name>
         <value>0x8371c0</value>
         <object_component_ref idref="oc-162"/>
      </symbol>
      <symbol id="sm-10e3">
         <name>_HOSTtime</name>
         <value>0x837b60</value>
         <object_component_ref idref="oc-1b4"/>
      </symbol>
      <symbol id="sm-10e4">
         <name>_HOSTrename</name>
         <value>0x835ac0</value>
         <object_component_ref idref="oc-166"/>
      </symbol>
      <symbol id="sm-10e5">
         <name>_HOSTwrite</name>
         <value>0x837340</value>
         <object_component_ref idref="oc-163"/>
      </symbol>
      <symbol id="sm-10e6">
         <name>_HOSTlseek</name>
         <value>0x8367a0</value>
         <object_component_ref idref="oc-164"/>
      </symbol>
      <symbol id="sm-10e7">
         <name>_HOSTunlink</name>
         <value>0x837280</value>
         <object_component_ref idref="oc-165"/>
      </symbol>
      <symbol id="sm-10e8">
         <name>_HOSTclose</name>
         <value>0x837ac0</value>
         <object_component_ref idref="oc-161"/>
      </symbol>
      <symbol id="sm-10f8">
         <name>C$$IO$$</name>
         <value>0x838998</value>
         <object_component_ref idref="oc-16b"/>
      </symbol>
      <symbol id="sm-10f9">
         <name>__CIOBUF_</name>
         <value>0x83c248</value>
         <object_component_ref idref="oc-f6"/>
      </symbol>
      <symbol id="sm-10fa">
         <name>_readmsg</name>
         <value>0x838720</value>
         <object_component_ref idref="oc-16c"/>
      </symbol>
      <symbol id="sm-10fb">
         <name>_writemsg</name>
         <value>0x838940</value>
         <object_component_ref idref="oc-16b"/>
      </symbol>
      <symbol id="sm-1105">
         <name>__trunc</name>
         <value>0x838c80</value>
         <object_component_ref idref="oc-1df"/>
      </symbol>
      <symbol id="sm-1113">
         <name>__unlock</name>
         <value>0x8000b5d8</value>
         <object_component_ref idref="oc-fe"/>
      </symbol>
      <symbol id="sm-1114">
         <name>__lock</name>
         <value>0x8000b5d4</value>
         <object_component_ref idref="oc-fe"/>
      </symbol>
      <symbol id="sm-1115">
         <name>__nop</name>
         <value>0x838c20</value>
         <object_component_ref idref="oc-15f"/>
      </symbol>
      <symbol id="sm-1221">
         <name>__printfi</name>
         <value>0x8314c0</value>
         <object_component_ref idref="oc-182"/>
      </symbol>
      <symbol id="sm-122b">
         <name>__args_main</name>
         <value>0x838a80</value>
         <object_component_ref idref="oc-15d"/>
      </symbol>
      <symbol id="sm-122c">
         <name>__TI_args_main</name>
         <value>0x1</value>
      </symbol>
      <symbol id="sm-123a">
         <name>_atoi</name>
         <value>0x836d60</value>
         <object_component_ref idref="oc-1ba"/>
      </symbol>
      <symbol id="sm-124c">
         <name>__auto_init</name>
         <value>0x8368a0</value>
         <object_component_ref idref="oc-15c"/>
      </symbol>
      <symbol id="sm-125a">
         <name>_copy_in</name>
         <value>0x838060</value>
         <object_component_ref idref="oc-167"/>
      </symbol>
      <symbol id="sm-1262">
         <name>__ctypes_</name>
         <value>0x83a4f8</value>
         <object_component_ref idref="oc-1cd"/>
      </symbol>
      <symbol id="sm-126c">
         <name>__tmpnams</name>
         <value>0x8000b0d0</value>
         <object_component_ref idref="oc-115"/>
      </symbol>
      <symbol id="sm-126d">
         <name>__ft_end</name>
         <value>0x8000b210</value>
         <object_component_ref idref="oc-115"/>
      </symbol>
      <symbol id="sm-126e">
         <name>__ftable</name>
         <value>0x8000aef0</value>
         <object_component_ref idref="oc-115"/>
      </symbol>
      <symbol id="sm-1277">
         <name>__c6xabi_divu</name>
         <value>0x837580</value>
         <object_component_ref idref="oc-1e5"/>
      </symbol>
      <symbol id="sm-1278">
         <name>__divu</name>
         <value>0x837580</value>
         <object_component_ref idref="oc-1e5"/>
      </symbol>
      <symbol id="sm-1282">
         <name>_errno</name>
         <value>0x8000b214</value>
         <object_component_ref idref="oc-11c"/>
      </symbol>
      <symbol id="sm-128f">
         <name>__fixdli</name>
         <value>0x837de0</value>
         <object_component_ref idref="oc-1e2"/>
      </symbol>
      <symbol id="sm-129a">
         <name>__fltlid</name>
         <value>0x838420</value>
         <object_component_ref idref="oc-1e4"/>
      </symbol>
      <symbol id="sm-12ac">
         <name>_putc</name>
         <value>0x836080</value>
         <object_component_ref idref="oc-19e"/>
      </symbol>
      <symbol id="sm-12ad">
         <name>_fputc</name>
         <value>0x836080</value>
         <object_component_ref idref="oc-19e"/>
      </symbol>
      <symbol id="sm-12c7">
         <name>_fputs</name>
         <value>0x832700</value>
         <object_component_ref idref="oc-19d"/>
      </symbol>
      <symbol id="sm-12d6">
         <name>_frexp</name>
         <value>0x836680</value>
         <object_component_ref idref="oc-1c9"/>
      </symbol>
      <symbol id="sm-12e6">
         <name>__divul</name>
         <value>0x835920</value>
         <object_component_ref idref="oc-1e6"/>
      </symbol>
      <symbol id="sm-12e7">
         <name>__remli</name>
         <value>0x838b40</value>
         <object_component_ref idref="oc-1ea"/>
      </symbol>
      <symbol id="sm-12e8">
         <name>__divli</name>
         <value>0x837c00</value>
         <object_component_ref idref="oc-1eb"/>
      </symbol>
      <symbol id="sm-12fc">
         <name>__subcull</name>
         <value>0x838820</value>
         <object_component_ref idref="oc-1ec"/>
      </symbol>
      <symbol id="sm-12fd">
         <name>__divull</name>
         <value>0x834460</value>
         <object_component_ref idref="oc-1e7"/>
      </symbol>
      <symbol id="sm-1307">
         <name>___isinf</name>
         <value>0x838a00</value>
         <object_component_ref idref="oc-1cf"/>
      </symbol>
      <symbol id="sm-1346">
         <name>_unlink</name>
         <value>0x8387a0</value>
         <object_component_ref idref="oc-1ed"/>
      </symbol>
      <symbol id="sm-1347">
         <name>_lseek</name>
         <value>0x837880</value>
         <object_component_ref idref="oc-1d7"/>
      </symbol>
      <symbol id="sm-1348">
         <name>_close</name>
         <value>0x836e40</value>
         <object_component_ref idref="oc-1e8"/>
      </symbol>
      <symbol id="sm-1349">
         <name>_write</name>
         <value>0x837a00</value>
         <object_component_ref idref="oc-1b9"/>
      </symbol>
      <symbol id="sm-1356">
         <name>_ltoa</name>
         <value>0x837940</value>
         <object_component_ref idref="oc-1e3"/>
      </symbol>
      <symbol id="sm-1363">
         <name>_memccpy</name>
         <value>0x838880</value>
         <object_component_ref idref="oc-1bd"/>
      </symbol>
      <symbol id="sm-1372">
         <name>__wrt_ok</name>
         <value>0x836aa0</value>
         <object_component_ref idref="oc-1b7"/>
      </symbol>
      <symbol id="sm-1386">
         <name>__doflush</name>
         <value>0x837640</value>
         <object_component_ref idref="oc-1b8"/>
      </symbol>
      <symbol id="sm-1393">
         <name>_fseek</name>
         <value>0x8377c0</value>
         <object_component_ref idref="oc-1cb"/>
      </symbol>
      <symbol id="sm-13a4">
         <name>_setvbuf</name>
         <value>0x835dc0</value>
         <object_component_ref idref="oc-1cc"/>
      </symbol>
      <symbol id="sm-13b9">
         <name>__cleanup</name>
         <value>0x837400</value>
         <object_component_ref idref="oc-1d8"/>
      </symbol>
      <symbol id="sm-13cb">
         <name>_fclose</name>
         <value>0x836560</value>
         <object_component_ref idref="oc-1e1"/>
      </symbol>
      <symbol id="sm-13d5">
         <name>_remove</name>
         <value>0x838cc0</value>
         <object_component_ref idref="oc-1e9"/>
      </symbol>
   </symbol_table>
</link_info>
