******************************************************************************
               TMS320C6x Linker PC v7.4.4                      
******************************************************************************
>> Linked Tue May 05 16:34:19 2015

OUTPUT FILE NAME:   <test_wban.out>
ENTRY POINT SYMBOL: "_c_int00"  address: 00836be0


MEMORY CONFIGURATION

         name            origin    length      used     unused   attr    fill
----------------------  --------  ---------  --------  --------  ----  --------
  DSPL2ROM              00700000   00100000  00000200  000ffe00  RWIX
  DSPL2RAM              00800000   00040000  000393a5  00006c5b  RWIX
  DSPL1PRAM             00e00000   00008000  00000000  00008000  RWIX
  DSPL1DRAM             00f00000   00008000  00000000  00008000  RWIX
  SHDSPL2ROM            11700000   00100000  00000000  00100000  RWIX
  SHDSPL2RAM            11800000   00040000  00000000  00040000  RWIX
  SHDSPL1PRAM           11e00000   00008000  00000000  00008000  RWIX
  SHDSPL1DRAM           11f00000   00008000  00000000  00008000  RWIX
  EMIFACS0              40000000   20000000  00000000  20000000  RWIX
  EMIFACS2              60000000   02000000  00000000  02000000  RWIX
  EMIFACS3              62000000   02000000  00000000  02000000  RWIX
  EMIFACS4              64000000   02000000  00000000  02000000  RWIX
  EMIFACS5              66000000   02000000  00000000  02000000  RWIX
  SHRAM                 80000000   00020000  0000dde8  00012218  RWIX
  DDR2                  c0000000   20000000  00000000  20000000  RWIX


SECTION ALLOCATION MAP

 output                                  attributes/
section   page    origin      length       input sections
--------  ----  ----------  ----------   ----------------
.pinit     0    80000000    00000000     UNINITIALIZED

.vecs      0    00700000    00000200     
                  00700000    00000200     vec.obj (.vecs)

.data      0    00800000    00000000     UNINITIALIZED

.sysmem    0    00800000    00020000     UNINITIALIZED
                  00800000    00000008     rts6740.lib : memory.obj (.sysmem)
                  00800008    0001fff8     --HOLE--

.text      0    00820000    00017380     
                  00820000    00005ae0     WbanMAC.obj (.text)
                  00825ae0    000021c0     BCH.obj (.text)
                  00827ca0    00001a40     WbanTasks.obj (.text)
                  008296e0    00001580     WbanSecurity.obj (.text)
                  0082ac60    00000da0     WbanPHY.obj (.text)
                  0082ba00    00000d80     AES_Encrypt.obj (.text)
                  0082c780    00000860     dpsk.obj (.text)
                  0082cfe0    00000660     AES_Decrypt.obj (.text)
                  0082d640    00000600     PHYrx.obj (.text)
                  0082dc40    00000600     PHYtx.obj (.text)
                  0082e240    000005a0     rts6740.lib : divd.obj (.text:__divd)
                  0082e7e0    00000580                 : _printfi.obj (.text:__getarg_diouxp)
                  0082ed60    00000560     pll_init.obj (.text)
                  0082f2c0    00000480     rts6740.lib : _printfi.obj (.text:__setfield)
                  0082f740    00000480     interleave.obj (.text)
                  0082fbc0    00000440     rts6740.lib : _printfi.obj (.text:__printfi)
                  00830000    00000400     spi1_init_slave.obj (.text)
                  00830400    000003a0     complex.obj (.text)
                  008307a0    00000340     PHYHeadCRC.obj (.text)
                  00830ae0    00000300     rts6740.lib : fputs.obj (.text:_fputs)
                  00830de0    00000300     spi0_FPGA_16bit_fushu.obj (.text)
                  008310e0    000002e0     rts6740.lib : cos.obj (.text:_cos)
                  008313c0    000002c0                 : _printfi.obj (.text:__pproc_fge)
                  00831680    000002c0                 : _printfi.obj (.text:__pproc_fwp)
                  00831940    000002c0     spread.obj (.text)
                  00831c00    000002a0     rts6740.lib : _printfi.obj (.text:_ecvt)
                  00831ea0    000002a0                 : _printfi.obj (.text:_fcvt)
                  00832140    00000280     AES_CBC.obj (.text)
                  008323c0    00000280     rts6740.lib : memory.obj (.text:_free)
                  00832640    00000280                 : sin.obj (.text:_sin)
                  008328c0    00000260     CpuTimers.obj (.text)
                  00832b20    00000260     rts6740.lib : imath64.obj (.text:__divull)
                  00832d80    00000260                 : _printfi.obj (.text:__pconv_e)
                  00832fe0    00000260     scrambler.obj (.text)
                  00833240    00000240     rts6740.lib : _printfi.obj (.text:__pproc_diouxp)
                  00833480    00000220                 : _printfi.obj (.text:__pproc_str)
                  008336a0    00000200                 : _printfi.obj (.text:__pconv_g)
                  008338a0    00000200                 : log.obj (.text:_log)
                  00833aa0    000001e0     psc.obj (.text)
                  00833c80    000001c0     rts6740.lib : _printfi.obj (.text:__mcpy)
                  00833e40    000001a0     PHYHeadGen.obj (.text)
                  00833fe0    000001a0     rts6740.lib : imath40.obj (.text:__divul)
                  00834180    00000180                 : trgdrv.obj (.text:_HOSTrename)
                  00834300    00000180                 : memory.obj (.text:_malloc)
                  00834480    00000180                 : setvbuf.obj (.text:_setvbuf)
                  00834600    00000140                 : _printfi.obj (.text:__pproc_fflags)
                  00834740    00000140                 : fputc.obj (.text:_fputc)
                  00834880    00000140                 : lowlev.obj (.text:_getdevice)
                  008349c0    00000140                 : sqrt.obj (.text:_sqrt)
                  00834b00    00000120                 : fixfull.obj (.text:__fixfull)
                  00834c20    00000120                 : fclose.obj (.text:_fclose)
                  00834d40    00000120                 : frexp.obj (.text:_frexp)
                  00834e60    00000100                 : trgdrv.obj (.text:_HOSTlseek)
                  00834f60    00000100                 : autoinit.obj (.text:__auto_init)
                  00835060    00000100                 : _printfi.obj (.text:__ltostr)
                  00835160    00000100                 : _io_perm.obj (.text:__wrt_ok)
                  00835260    000000e0                 : trgdrv.obj (.text:_HOSTopen)
                  00835340    000000e0                 : divi.obj (.text:__divi)
                  00835420    000000e0                 : atoi.obj (.text:_atoi)
                  00835500    000000e0                 : lowlev.obj (.text:_close)
                  008355e0    000000e0                 : exit.obj (.text:_exit)
                  008356c0    000000e0                 : memset.obj (.text:_memset)
                  008357a0    000000e0     pinmux.obj (.text)
                  00835880    000000c0     rts6740.lib : trgdrv.obj (.text:_HOSTread)
                  00835940    000000c0                 : trgdrv.obj (.text:_HOSTunlink)
                  00835a00    000000c0                 : trgdrv.obj (.text:_HOSTwrite)
                  00835ac0    000000c0                 : fopen.obj (.text:__cleanup)
                  00835b80    000000c0                 : _printfi.obj (.text:__div)
                  00835c40    000000c0                 : divu.obj (.text:__divu)
                  00835d00    000000c0                 : fflush.obj (.text:__doflush)
                  00835dc0    000000c0                 : remi.obj (.text:__remi)
                  00835e80    000000c0                 : fseek.obj (.text:_fseek)
                  00835f40    000000c0                 : lowlev.obj (.text:_lseek)
                  00836000    000000c0                 : ltoa.obj (.text:_ltoa)
                  008360c0    000000c0                 : lowlev.obj (.text:_write)
                  00836180    000000a0                 : trgdrv.obj (.text:_HOSTclose)
                  00836220    000000a0                 : trgdrv.obj (.text:_HOSTtime)
                  008362c0    000000a0                 : imath40.obj (.text:__divli)
                  00836360    000000a0                 : _printfi.obj (.text:__ecpy)
                  00836400    000000a0                 : _printfi.obj (.text:__fcpy)
                  008364a0    000000a0                 : fixdli.obj (.text:__fixdli)
                  00836540    000000a0                 : fltulld.obj (.text:__fltulld)
                  008365e0    000000a0                 : round.obj (.text:__nround)
                  00836680    000000a0                 : _printfi.obj (.text:__pconv_f)
                  00836720    000000a0                 : cpy_tbl.obj (.text:_copy_in)
                  008367c0    000000a0                 : lowlev.obj (.text:_finddevice)
                  00836860    000000a0                 : memcpy64.obj (.text:_memcpy)
                  00836900    000000a0                 : memory.obj (.text:_minsert)
                  008369a0    000000a0                 : modf.obj (.text:_modf)
                  00836a40    000000a0                 : memory.obj (.text:_mremove)
                  00836ae0    00000080                 : fltlid.obj (.text:__fltlid)
                  00836b60    00000080                 : llshift.obj (.text:__llshl)
                  00836be0    00000080                 : boot.obj (.text:_c_int00)
                  00836c60    00000080                 : memory.obj (.text:_calloc)
                  00836ce0    00000080                 : printf.obj (.text:_printf)
                  00836d60    00000080                 : rand.obj (.text:_rand)
                  00836de0    00000080                 : trgmsg.obj (.text:_readmsg)
                  00836e60    00000080                 : lowlev.obj (.text:_unlink)
                  00836ee0    00000060                 : imath64.obj (.text:__subcull)
                  00836f40    00000060                 : memccpy.obj (.text:_memccpy)
                  00836fa0    00000060                 : rand.obj (.text:_srand)
                  00837000    00000060                 : trgmsg.obj (.text:_writemsg)
                  00837060    00000040                 : isinf.obj (.text:___isinf)
                  008370a0    00000040                 : _printfi.obj (.text:___isnan)
                  008370e0    00000040                 : args_main.obj (.text:__args_main)
                  00837120    00000040                 : frcmpyd_div.obj (.text:__frcmpyd_div)
                  00837160    00000040                 : llshift.obj (.text:__llshru)
                  008371a0    00000040                 : imath40.obj (.text:__remli)
                  008371e0    00000040                 : ceil.obj (.text:_ceil)
                  00837220    00000040                 : time.obj (.text:_time)
                  00837260    00000040     main.obj (.text)
                  008372a0    00000020     rts6740.lib : negll.obj (.text:__negll)
                  008372c0    00000020                 : _lock.obj (.text:__nop)
                  008372e0    00000020                 : printf.obj (.text:__outc)
                  00837300    00000020                 : printf.obj (.text:__outs)
                  00837320    00000020                 : trunc.obj (.text:__trunc)
                  00837340    00000020                 : exit.obj (.text:_abort)
                  00837360    00000020                 : remove.obj (.text:_remove)

.stack     0    00837380    00001600     UNINITIALIZED
                  00837380    00000008     rts6740.lib : boot.obj (.stack)
                  00837388    000015f8     --HOLE--

.const     0    00838980    000008b1     
                  00838980    0000017a     BCH.obj (.const:_$P$T1$2)
                  00838afa    00000002     rts6740.lib : fputs.obj (.const:.string)
                  00838afc    00000004     --HOLE-- [fill = 0]
                  00838b00    00000101                 : ctype.obj (.const:__ctypes_)
                  00838c01    00000007     --HOLE-- [fill = 0]
                  00838c08    00000100     AES_Decrypt.obj (.const:_$P$T0$1)
                  00838d08    00000100     AES_Encrypt.obj (.const:_$P$T0$1)
                  00838e08    00000098     WbanPHY.obj (.const:.string)
                  00838ea0    00000074     PHYrx.obj (.const:.string)
                  00838f14    0000005c     WbanTasks.obj (.const:.string)
                  00838f70    0000005a     PHYtx.obj (.const:.string:_$P$T0$1)
                  00838fca    00000006     --HOLE-- [fill = 0]
                  00838fd0    0000005a     PHYtx.obj (.const:.string:_$P$T1$2)
                  0083902a    00000006     --HOLE-- [fill = 0]
                  00839030    0000003f     BCH.obj (.const:.string:_$P$T2$3)
                  0083906f    00000001     --HOLE-- [fill = 0]
                  00839070    0000003c     WbanMAC.obj (.const:.string)
                  008390ac    0000002c     PHYtx.obj (.const:.string)
                  008390d8    0000002c     AES_Encrypt.obj (.const:_$P$T1$2)
                  00839104    00000023     rts6740.lib : _printfi.obj (.const:.string)
                  00839127    00000001     --HOLE-- [fill = 0]
                  00839128    00000020     dpsk.obj (.const)
                  00839148    00000018     BCH.obj (.const:_$P$T0$1)
                  00839160    00000010     AES_CBC.obj (.const:_$P$T0$1)
                  00839170    00000010     AES_CBC.obj (.const:_$P$T1$2)
                  00839180    00000010     AES_Decrypt.obj (.const:_$P$T1$3)
                  00839190    00000010     AES_Decrypt.obj (.const:_$P$T2$4)
                  008391a0    00000010     AES_Encrypt.obj (.const:_$P$T2$4)
                  008391b0    00000010     AES_Encrypt.obj (.const:_$P$T3$5)
                  008391c0    0000000e     scrambler.obj (.const:.string:_$P$T0$1)
                  008391ce    00000002     --HOLE-- [fill = 0]
                  008391d0    0000000e     scrambler.obj (.const:.string:_$P$T1$2)
                  008391de    00000002     --HOLE-- [fill = 0]
                  008391e0    0000000d     BCH.obj (.const:.string:_$P$T3$4)
                  008391ed    00000003     --HOLE-- [fill = 0]
                  008391f0    0000000d     BCH.obj (.const:.string:_$P$T4$5)
                  008391fd    00000003     --HOLE-- [fill = 0]
                  00839200    0000000c     spi0_FPGA_16bit_fushu.obj (.const:.string)
                  0083920c    0000000c     spi1_init_slave.obj (.const:.string)
                  00839218    00000006     WbanPHY.obj (.const:.string:_$P$T0$1)
                  0083921e    00000002     --HOLE-- [fill = 0]
                  00839220    00000004     PHYHeadCRC.obj (.const:.string:_$P$T0$1)
                  00839224    00000004     --HOLE-- [fill = 0]
                  00839228    00000004     PHYHeadCRC.obj (.const:.string:_$P$T1$2)
                  0083922c    00000004     --HOLE-- [fill = 0]
                  00839230    00000001     WbanPHY.obj (.const:.string:_$P$T1$2)

.cio       0    00839234    00000120     UNINITIALIZED
                  00839234    00000120     rts6740.lib : trgmsg.obj (.cio)

.bss       0    00839358    00000054     UNINITIALIZED
                  00839358    0000001a     WbanMAC.obj (.bss)
                  00839372    00000002     main.obj (.bss)
                  00839374    0000001a     WbanPHY.obj (.bss)
                  0083938e    00000002     --HOLE--
                  00839390    0000000d     WbanSecurity.obj (.bss)
                  0083939d    00000001     --HOLE--
                  0083939e    00000005     WbanTasks.obj (.bss)
                  008393a3    00000001     --HOLE--
                  008393a4    00000004     spi0_FPGA_16bit_fushu.obj (.bss)
                  008393a8    00000004     spi1_init_slave.obj (.bss)

.far       0    80000000    0000d918     UNINITIALIZED
                  80000000    0000b0c8     WbanPHY.obj (.far)
                  8000b0c8    00001170     WbanMAC.obj (.far)
                  8000c238    00000fe0     WbanTasks.obj (.far)
                  8000d218    00000324     rts6740.lib : defs.obj (.far)
                  8000d53c    00000004                 : errno.obj (.far)
                  8000d540    0000011c                 : lowlev.obj (.far)
                  8000d65c    00000004                 : fopen.obj (.far)
                  8000d660    000000d8     WbanSecurity.obj (.far)
                  8000d738    000000d0     rts6740.lib : trgdrv.obj (.far)
                  8000d808    00000040                 : cos.obj (.far)
                  8000d848    00000040                 : sin.obj (.far)
                  8000d888    00000030                 : log.obj (.far)
                  8000d8b8    00000018     CpuTimers.obj (.far)
                  8000d8d0    00000010     AES_Decrypt.obj (.far)
                  8000d8e0    00000010     AES_Encrypt.obj (.far)
                  8000d8f0    0000000c     rts6740.lib : exit.obj (.far)
                  8000d8fc    00000008                 : _lock.obj (.far)
                  8000d904    00000008                 : memory.obj (.far)
                  8000d90c    00000004     --HOLE--
                  8000d910    00000008                 : rand.obj (.far)

.cinit     0    8000d918    0000031c     
                  8000d918    0000005c     rts6740.lib : defs.obj (.cinit)
                  8000d974    00000004     --HOLE-- [fill = 0]
                  8000d978    0000005c                 : lowlev.obj (.cinit)
                  8000d9d4    00000004     --HOLE-- [fill = 0]
                  8000d9d8    00000048     WbanSecurity.obj (.cinit)
                  8000da20    00000048     rts6740.lib : cos.obj (.cinit)
                  8000da68    00000048                 : sin.obj (.cinit)
                  8000dab0    00000040                 : log.obj (.cinit)
                  8000daf0    00000039     WbanTasks.obj (.cinit)
                  8000db29    00000007     --HOLE-- [fill = 0]
                  8000db30    00000030     WbanPHY.obj (.cinit)
                  8000db60    0000002c     rts6740.lib : exit.obj (.cinit)
                  8000db8c    00000004     --HOLE-- [fill = 0]
                  8000db90    0000002c                 : memory.obj (.cinit)
                  8000dbbc    00000004     --HOLE-- [fill = 0]
                  8000dbc0    0000001c                 : _lock.obj (.cinit)
                  8000dbdc    00000004     --HOLE-- [fill = 0]
                  8000dbe0    00000010                 : rand.obj (.cinit)
                  8000dbf0    0000000c                 : errno.obj (.cinit)
                  8000dbfc    00000004     --HOLE-- [fill = 0]
                  8000dc00    0000000c                 : fopen.obj (.cinit)
                  8000dc0c    00000004     --HOLE-- [fill = 0]
                  8000dc10    0000000c     spi0_FPGA_16bit_fushu.obj (.cinit)
                  8000dc1c    00000004     --HOLE-- [fill = 0]
                  8000dc20    0000000c     spi1_init_slave.obj (.cinit)
                  8000dc2c    00000004     --HOLE-- [fill = 0]
                  8000dc30    00000004     (.pad.cinit) [fill = 0]

.switch    0    8000dc34    000001b4     
                  8000dc34    00000064     WbanTasks.obj (.switch:_primitiveInBufferProcess)
                  8000dc98    00000060     WbanTasks.obj (.switch:_MACPrimitiveTransmission)
                  8000dcf8    00000044     WbanMAC.obj (.switch:_MACTasks)
                  8000dd3c    00000040     WbanMAC.obj (.switch:_getBackoffCounter)
                  8000dd7c    00000020     WbanTasks.obj (.switch:_PrimitiveTasks)
                  8000dd9c    00000020     WbanMAC.obj (.switch:_getCP)
                  8000ddbc    0000001c     PHYrx.obj (.switch:_PHYrx)
                  8000ddd8    00000010     WbanPHY.obj (.switch:_PHYTasks)


GLOBAL SYMBOLS: SORTED ALPHABETICALLY BY Name 

address    name
--------   ----
00839358   $bss
00839358   .bss
00800000   .data
00820000   .text
00837340   C$$EXIT
00837058   C$$IO$$
0082d030   _AES_Decrypt
0082ba00   _AES_Encrypt
0082bed4   _AddRoundkey
00825200   _AllocationSlot
00826ea4   _BCHDecoding_PHYH
008276f0   _BCHDecoding_PSDU
00826d68   _BCHEncoding_PHYH
00826f60   _BCHEncoding_PSDU
0082bf60   _ByteSubs
00832198   _CBC_encrypt
0082b0d0   _CCA
0082540c   _CRC_16_CCITT
00825494   _CRC_16_CCITT_check
0082c780   _CalcPhase
008329cc   _ConfigCpuTimer
0082ceac   _DPSK_DeMod_SoftDec
0082cca4   _DPSK_DeMod_SoftInfo
0082c9f4   _DPSK_Mod
00822acc   _DataTypeFrameTxCSMA
0082318c   _DataTypeFrameTxSchedule
00825828   _DeDataQueue
0082f970   _DeInterleaver
008252ec   _DeNodeFromNodeList
00831a64   _DeSpreader
00825be0   _Decoding
00824258   _Decrypt
00824bcc   _Delay
00825628   _EnDataQueue
00825084   _EnNodeToNodeList
008241e8   _Encrypt
0083938c   _FPGA_length
80001488   _FPGArx
0082b7f8   _FPGArxfun
0082b150   _FPGAtxfun
00824f74   _GetAbbrAddr
008258c0   _GetDataQueueHead
00825a70   _GetDataQueueLength
00825a1c   _GetDataQueuePacketAckPolicy
008259c4   _GetDataQueuePacketInformationDataRate
00825910   _GetDataQueuePacketLength
00825968   _GetDataQueuePacketPriority
00836180   _HOSTclose
00834e60   _HOSTlseek
00835260   _HOSTopen
00835880   _HOSTread
00834180   _HOSTrename
00836220   _HOSTtime
00835940   _HOSTunlink
00835a00   _HOSTwrite
008328c0   _InitCpuTimers
008254d4   _InitDataQueue
0082f740   _Interleaver
0082d360   _InvMixColumns
0082cfe0   _InvSbox
0082d26c   _InvShiftRows
0082d1e0   _InvSubBytes
8000d6e0   _KCK
0082bbf8   _Keyexpansion
00823b28   _MACDataFrameReception
00822874   _MACFrameTransmission
00820034   _MACGet
00823d54   _MACIAckFrameReception
00820000   _MACInit
008233b8   _MACMngCtrlFrameReception
00828570   _MACPrimitiveTransmission
00820064   _MACTasks
8000d728   _MK
0082c100   _MixColumns
00823008   _MngCtrlTypeFrameTxDirect
00822e14   _MngCtrlTypeFrameTxPROB
8000d660   _Nonce_I
8000d670   _Nonce_R
8000d6f0   _P
008308e8   _PHYHeadCRCCheck
008307a0   _PHYHeadCRCCoding
00833e40   _PHYHeadGen
0082ac60   _PHYTasks
0082d640   _PHYrx
0082dc40   _PHYtx
00839384   _PLCP_Mod_len
0082ed60   _PLL0_init
0082f0c4   _PLL1_init
00839388   _PPDU_Mod
00833b44   _PSCModuleControl
0083937c   _PSDU_LEN
00839380   _PSDU_Mod_len
00825ae0   _PSDUcodelen
8000d720   _PTK_Control
8000d710   _PTK_KMAC_2A
8000d700   _PTK_KMAC_2B
8000d718   _PTK_KMAC_3A
8000d708   _PTK_KMAC_3B
00829640   _PrimitiveGet
00827ca0   _PrimitiveInit
00827d20   _PrimitiveTasks
00828454   _PutToNWK
0082be04   _Rotword
00830de0   _SPI0_init
00830000   _SPI1_init
0082bba8   _Sbox
0082b0e4   _Scan
00832fe0   _Scrambler
00833110   _Scrambler_Soft
008296e0   _SecurityIAckFrameReception
008296f4   _SecurityMngFrameReception
0082a5e0   _SecurityPrimitiveTransmission
0082a270   _SecurityTasks
0082c004   _ShiftRows
00831940   _Spreader
0082be6c   _Subword
0082a8b8   _TheSecondSendingProcess
00832aa4   _TickGet
00824c20   _TransmitIt
00832140   _XOR
0082c250   _Xtime
00839234   __CIOBUF_
00838980   __STACK_END
00001600   __STACK_SIZE
00020000   __SYSMEM_SIZE
00000001   __TI_args_main
8000d8f8   ___TI_enable_exit_profile_output
ffffffff   ___TI_pprof_out_hndl
ffffffff   ___TI_prof_data_size
ffffffff   ___TI_prof_data_start
ffffffff   ___binit__
00839358   ___bss__
ffffffff   ___c_args__
8000d918   ___cinit__
00800000   ___data__
00800000   ___edata__
008393ac   ___end__
00837380   ___etext__
00837060   ___isinf
ffffffff   ___pinit__
00820000   ___text__
008370e0   __args_main
00834f60   __auto_init
00835340   __c6xabi_divi
00835c40   __c6xabi_divu
00835dc0   __c6xabi_remi
00835ac0   __cleanup
8000d8f0   __cleanup_ptr
00838b00   __ctypes_
0082e240   __divd
00835340   __divi
008362c0   __divli
00835c40   __divu
00833fe0   __divul
00832b20   __divull
00835d00   __doflush
8000d8f4   __dtors_ptr
008364a0   __fixdli
00834b00   __fixfull
00836ae0   __fltlid
00836540   __fltulld
00837120   __frcmpyd_div
8000d538   __ft_end
8000d218   __ftable
00836b60   __llshl
00837160   __llshru
8000d8fc   __lock
008372a0   __negll
008372c0   __nop
008365e0   __nround
0082fbc0   __printfi
00835dc0   __remi
008371a0   __remli
00837380   __stack
00836ee0   __subcull
00800000   __sys_memory
8000d3f8   __tmpnams
00837320   __trunc
8000d900   __unlock
00835160   __wrt_ok
00837340   _abort
00835420   _atoi
00829044   _beaconSendTimer
008242d0   _beaconTransmitProcess
00836be0   _c_int00
00836c60   _calloc
008371e0   _ceil
00835500   _close
00836720   _copy_in
008310e0   _cos
0082af24   _dataIndicationProcess
00825340   _do_crc
8000d53c   _errno
008355e0   _exit
0083936c   _expandedkey
00830450   _fadd
00834c20   _fclose
00830728   _fconj
00830624   _fdiv
00830400   _fget
00830568   _fmul
80000100   _fpga_buf
00834740   _fputc
00830ae0   _fputs
008323c0   _free
00834d40   _frexp
00835e80   _fseek
008304dc   _fsub
0082460c   _getBackoffCounter
00824920   _getCP
00824d8c   _getCurrentSlotNumber
00824ff4   _getIndexFromNodeList
0082b10c   _getMACFullAddr
008393a2   _isSend
008338a0   _log
00835f40   _lseek
00836000   _ltoa
8000bb08   _macBIB
0083935f   _mac_BC
00839360   _mac_CP
0083935e   _mac_CW
8000d8b8   _mac_CpuTimer0
8000d8c4   _mac_CpuTimer1
80000000   _mac_RxBuffer
8000c238   _mac_SPIBuffer_Rx
8000ca00   _mac_SPIBuffer_Tx
8000bafc   _mac_TasksPending
8000c138   _mac_TxBuffer
0083936a   _mac__i
008393a0   _mac__msdulen
8000b0c8   _mac_bufferTemp
00839358   _mac_bufferTempLength
8000c120   _mac_currentPacket
8000b1c8   _mac_dataQueue
0082d4b4   _mac_decrypt
0082c54c   _mac_encrypt
8000bb00   _mac_frameControl
00839368   _mac_i
0083939e   _mac_j
00839372   _mac_n
0083935c   _mac_packetFCS
0083935a   _mac_packetHeader
8000d1dc   _mac_primitiveInfo
00839378   _mac_rxBufferlen
00839370   _mac_s
00839371   _mac_slotNumber
8000d1c4   _mac_spiRxInfo
8000d1d0   _mac_spiTxInfo
8000d210   _mac_t
00837260   _main
00834300   _malloc
00836f40   _memccpy
00836860   _memcpy
008356c0   _memset
0083939c   _messageNumber
008369a0   _modf
00839394   _p1
00839398   _p2
00824084   _packetWaitingAckProcess
00823f30   _packetWaitingConnectionRequestProcess
8000d1e8   _params
008357a0   _pinmux
8000d680   _plaintext1
8000d6b0   _plaintext2
00829060   _primitiveInBufferProcess
00836ce0   _printf
00833aa0   _psc
00834740   _putc
00836d60   _rand
00836de0   _readmsg
00837360   _remove
00839390   _sec_s
00834480   _setvbuf
00832640   _sin
00830f28   _spi0flash_cyclerx
00830e48   _spi0flash_cycletx
008301d8   _spiflash_cyclerx
0082b8e4   _spiflash_cycletest
00830068   _spiflash_cycletx
008349c0   _sqrt
00836fa0   _srand
0082f288   _sw_wait
00837220   _time
00836e60   _unlink
008360c0   _write
00837000   _writemsg
ffffffff   binit
8000d918   cinit
00800000   edata
008393ac   end
00837380   etext
ffffffff   pinit


GLOBAL SYMBOLS: SORTED BY Symbol Address 

address    name
--------   ----
00000001   __TI_args_main
00001600   __STACK_SIZE
00020000   __SYSMEM_SIZE
00800000   .data
00800000   ___data__
00800000   ___edata__
00800000   __sys_memory
00800000   edata
00820000   .text
00820000   _MACInit
00820000   ___text__
00820034   _MACGet
00820064   _MACTasks
00822874   _MACFrameTransmission
00822acc   _DataTypeFrameTxCSMA
00822e14   _MngCtrlTypeFrameTxPROB
00823008   _MngCtrlTypeFrameTxDirect
0082318c   _DataTypeFrameTxSchedule
008233b8   _MACMngCtrlFrameReception
00823b28   _MACDataFrameReception
00823d54   _MACIAckFrameReception
00823f30   _packetWaitingConnectionRequestProcess
00824084   _packetWaitingAckProcess
008241e8   _Encrypt
00824258   _Decrypt
008242d0   _beaconTransmitProcess
0082460c   _getBackoffCounter
00824920   _getCP
00824bcc   _Delay
00824c20   _TransmitIt
00824d8c   _getCurrentSlotNumber
00824f74   _GetAbbrAddr
00824ff4   _getIndexFromNodeList
00825084   _EnNodeToNodeList
00825200   _AllocationSlot
008252ec   _DeNodeFromNodeList
00825340   _do_crc
0082540c   _CRC_16_CCITT
00825494   _CRC_16_CCITT_check
008254d4   _InitDataQueue
00825628   _EnDataQueue
00825828   _DeDataQueue
008258c0   _GetDataQueueHead
00825910   _GetDataQueuePacketLength
00825968   _GetDataQueuePacketPriority
008259c4   _GetDataQueuePacketInformationDataRate
00825a1c   _GetDataQueuePacketAckPolicy
00825a70   _GetDataQueueLength
00825ae0   _PSDUcodelen
00825be0   _Decoding
00826d68   _BCHEncoding_PHYH
00826ea4   _BCHDecoding_PHYH
00826f60   _BCHEncoding_PSDU
008276f0   _BCHDecoding_PSDU
00827ca0   _PrimitiveInit
00827d20   _PrimitiveTasks
00828454   _PutToNWK
00828570   _MACPrimitiveTransmission
00829044   _beaconSendTimer
00829060   _primitiveInBufferProcess
00829640   _PrimitiveGet
008296e0   _SecurityIAckFrameReception
008296f4   _SecurityMngFrameReception
0082a270   _SecurityTasks
0082a5e0   _SecurityPrimitiveTransmission
0082a8b8   _TheSecondSendingProcess
0082ac60   _PHYTasks
0082af24   _dataIndicationProcess
0082b0d0   _CCA
0082b0e4   _Scan
0082b10c   _getMACFullAddr
0082b150   _FPGAtxfun
0082b7f8   _FPGArxfun
0082b8e4   _spiflash_cycletest
0082ba00   _AES_Encrypt
0082bba8   _Sbox
0082bbf8   _Keyexpansion
0082be04   _Rotword
0082be6c   _Subword
0082bed4   _AddRoundkey
0082bf60   _ByteSubs
0082c004   _ShiftRows
0082c100   _MixColumns
0082c250   _Xtime
0082c54c   _mac_encrypt
0082c780   _CalcPhase
0082c9f4   _DPSK_Mod
0082cca4   _DPSK_DeMod_SoftInfo
0082ceac   _DPSK_DeMod_SoftDec
0082cfe0   _InvSbox
0082d030   _AES_Decrypt
0082d1e0   _InvSubBytes
0082d26c   _InvShiftRows
0082d360   _InvMixColumns
0082d4b4   _mac_decrypt
0082d640   _PHYrx
0082dc40   _PHYtx
0082e240   __divd
0082ed60   _PLL0_init
0082f0c4   _PLL1_init
0082f288   _sw_wait
0082f740   _Interleaver
0082f970   _DeInterleaver
0082fbc0   __printfi
00830000   _SPI1_init
00830068   _spiflash_cycletx
008301d8   _spiflash_cyclerx
00830400   _fget
00830450   _fadd
008304dc   _fsub
00830568   _fmul
00830624   _fdiv
00830728   _fconj
008307a0   _PHYHeadCRCCoding
008308e8   _PHYHeadCRCCheck
00830ae0   _fputs
00830de0   _SPI0_init
00830e48   _spi0flash_cycletx
00830f28   _spi0flash_cyclerx
008310e0   _cos
00831940   _Spreader
00831a64   _DeSpreader
00832140   _XOR
00832198   _CBC_encrypt
008323c0   _free
00832640   _sin
008328c0   _InitCpuTimers
008329cc   _ConfigCpuTimer
00832aa4   _TickGet
00832b20   __divull
00832fe0   _Scrambler
00833110   _Scrambler_Soft
008338a0   _log
00833aa0   _psc
00833b44   _PSCModuleControl
00833e40   _PHYHeadGen
00833fe0   __divul
00834180   _HOSTrename
00834300   _malloc
00834480   _setvbuf
00834740   _fputc
00834740   _putc
008349c0   _sqrt
00834b00   __fixfull
00834c20   _fclose
00834d40   _frexp
00834e60   _HOSTlseek
00834f60   __auto_init
00835160   __wrt_ok
00835260   _HOSTopen
00835340   __c6xabi_divi
00835340   __divi
00835420   _atoi
00835500   _close
008355e0   _exit
008356c0   _memset
008357a0   _pinmux
00835880   _HOSTread
00835940   _HOSTunlink
00835a00   _HOSTwrite
00835ac0   __cleanup
00835c40   __c6xabi_divu
00835c40   __divu
00835d00   __doflush
00835dc0   __c6xabi_remi
00835dc0   __remi
00835e80   _fseek
00835f40   _lseek
00836000   _ltoa
008360c0   _write
00836180   _HOSTclose
00836220   _HOSTtime
008362c0   __divli
008364a0   __fixdli
00836540   __fltulld
008365e0   __nround
00836720   _copy_in
00836860   _memcpy
008369a0   _modf
00836ae0   __fltlid
00836b60   __llshl
00836be0   _c_int00
00836c60   _calloc
00836ce0   _printf
00836d60   _rand
00836de0   _readmsg
00836e60   _unlink
00836ee0   __subcull
00836f40   _memccpy
00836fa0   _srand
00837000   _writemsg
00837058   C$$IO$$
00837060   ___isinf
008370e0   __args_main
00837120   __frcmpyd_div
00837160   __llshru
008371a0   __remli
008371e0   _ceil
00837220   _time
00837260   _main
008372a0   __negll
008372c0   __nop
00837320   __trunc
00837340   C$$EXIT
00837340   _abort
00837360   _remove
00837380   ___etext__
00837380   __stack
00837380   etext
00838980   __STACK_END
00838b00   __ctypes_
00839234   __CIOBUF_
00839358   $bss
00839358   .bss
00839358   ___bss__
00839358   _mac_bufferTempLength
0083935a   _mac_packetHeader
0083935c   _mac_packetFCS
0083935e   _mac_CW
0083935f   _mac_BC
00839360   _mac_CP
00839368   _mac_i
0083936a   _mac__i
0083936c   _expandedkey
00839370   _mac_s
00839371   _mac_slotNumber
00839372   _mac_n
00839378   _mac_rxBufferlen
0083937c   _PSDU_LEN
00839380   _PSDU_Mod_len
00839384   _PLCP_Mod_len
00839388   _PPDU_Mod
0083938c   _FPGA_length
00839390   _sec_s
00839394   _p1
00839398   _p2
0083939c   _messageNumber
0083939e   _mac_j
008393a0   _mac__msdulen
008393a2   _isSend
008393ac   ___end__
008393ac   end
80000000   _mac_RxBuffer
80000100   _fpga_buf
80001488   _FPGArx
8000b0c8   _mac_bufferTemp
8000b1c8   _mac_dataQueue
8000bafc   _mac_TasksPending
8000bb00   _mac_frameControl
8000bb08   _macBIB
8000c120   _mac_currentPacket
8000c138   _mac_TxBuffer
8000c238   _mac_SPIBuffer_Rx
8000ca00   _mac_SPIBuffer_Tx
8000d1c4   _mac_spiRxInfo
8000d1d0   _mac_spiTxInfo
8000d1dc   _mac_primitiveInfo
8000d1e8   _params
8000d210   _mac_t
8000d218   __ftable
8000d3f8   __tmpnams
8000d538   __ft_end
8000d53c   _errno
8000d660   _Nonce_I
8000d670   _Nonce_R
8000d680   _plaintext1
8000d6b0   _plaintext2
8000d6e0   _KCK
8000d6f0   _P
8000d700   _PTK_KMAC_2B
8000d708   _PTK_KMAC_3B
8000d710   _PTK_KMAC_2A
8000d718   _PTK_KMAC_3A
8000d720   _PTK_Control
8000d728   _MK
8000d8b8   _mac_CpuTimer0
8000d8c4   _mac_CpuTimer1
8000d8f0   __cleanup_ptr
8000d8f4   __dtors_ptr
8000d8f8   ___TI_enable_exit_profile_output
8000d8fc   __lock
8000d900   __unlock
8000d918   ___cinit__
8000d918   cinit
ffffffff   ___TI_pprof_out_hndl
ffffffff   ___TI_prof_data_size
ffffffff   ___TI_prof_data_start
ffffffff   ___binit__
ffffffff   ___c_args__
ffffffff   ___pinit__
ffffffff   binit
ffffffff   pinit

[292 symbols]
