<?xml version="1.0"?>
<link_info>
   <banner>TMS320C6x Linker PC v7.4.4</banner>
   <copyright>Copyright (c) 1996-2013 Texas Instruments Incorporated</copyright>
   <link_time>0x5548808b</link_time>
   <output_file>test_wban.out</output_file>
   <entry_point>
      <name>_c_int00</name>
      <address>0x836be0</address>
   </entry_point>
   <input_file_list>
      <input_file id="fl-2">
         <path>.\src\</path>
         <kind>object</kind>
         <file>spi1_init_slave.obj</file>
         <name>spi1_init_slave.obj</name>
      </input_file>
      <input_file id="fl-3">
         <path>.\src\</path>
         <kind>object</kind>
         <file>spi0_FPGA_16bit_fushu.obj</file>
         <name>spi0_FPGA_16bit_fushu.obj</name>
      </input_file>
      <input_file id="fl-4">
         <path>.\src\</path>
         <kind>object</kind>
         <file>psc.obj</file>
         <name>psc.obj</name>
      </input_file>
      <input_file id="fl-5">
         <path>.\src\</path>
         <kind>object</kind>
         <file>pll_init.obj</file>
         <name>pll_init.obj</name>
      </input_file>
      <input_file id="fl-6">
         <path>.\src\</path>
         <kind>object</kind>
         <file>pinmux.obj</file>
         <name>pinmux.obj</name>
      </input_file>
      <input_file id="fl-7">
         <path>.\src\</path>
         <kind>object</kind>
         <file>gpio_init.obj</file>
         <name>gpio_init.obj</name>
      </input_file>
      <input_file id="fl-8">
         <path>.\</path>
         <kind>object</kind>
         <file>vec.obj</file>
         <name>vec.obj</name>
      </input_file>
      <input_file id="fl-9">
         <path>.\</path>
         <kind>object</kind>
         <file>spread.obj</file>
         <name>spread.obj</name>
      </input_file>
      <input_file id="fl-a">
         <path>.\</path>
         <kind>object</kind>
         <file>scrambler.obj</file>
         <name>scrambler.obj</name>
      </input_file>
      <input_file id="fl-b">
         <path>.\</path>
         <kind>object</kind>
         <file>main.obj</file>
         <name>main.obj</name>
      </input_file>
      <input_file id="fl-c">
         <path>.\</path>
         <kind>object</kind>
         <file>interleave.obj</file>
         <name>interleave.obj</name>
      </input_file>
      <input_file id="fl-d">
         <path>.\</path>
         <kind>object</kind>
         <file>dpsk.obj</file>
         <name>dpsk.obj</name>
      </input_file>
      <input_file id="fl-e">
         <path>.\</path>
         <kind>object</kind>
         <file>complex.obj</file>
         <name>complex.obj</name>
      </input_file>
      <input_file id="fl-f">
         <path>.\</path>
         <kind>object</kind>
         <file>WbanTasks.obj</file>
         <name>WbanTasks.obj</name>
      </input_file>
      <input_file id="fl-10">
         <path>.\</path>
         <kind>object</kind>
         <file>WbanSecurity.obj</file>
         <name>WbanSecurity.obj</name>
      </input_file>
      <input_file id="fl-11">
         <path>.\</path>
         <kind>object</kind>
         <file>WbanPHY.obj</file>
         <name>WbanPHY.obj</name>
      </input_file>
      <input_file id="fl-12">
         <path>.\</path>
         <kind>object</kind>
         <file>WbanMAC.obj</file>
         <name>WbanMAC.obj</name>
      </input_file>
      <input_file id="fl-13">
         <path>.\</path>
         <kind>object</kind>
         <file>PHYtx.obj</file>
         <name>PHYtx.obj</name>
      </input_file>
      <input_file id="fl-14">
         <path>.\</path>
         <kind>object</kind>
         <file>PHYrx.obj</file>
         <name>PHYrx.obj</name>
      </input_file>
      <input_file id="fl-15">
         <path>.\</path>
         <kind>object</kind>
         <file>PHYHeadGen.obj</file>
         <name>PHYHeadGen.obj</name>
      </input_file>
      <input_file id="fl-16">
         <path>.\</path>
         <kind>object</kind>
         <file>PHYHeadCRC.obj</file>
         <name>PHYHeadCRC.obj</name>
      </input_file>
      <input_file id="fl-17">
         <path>.\</path>
         <kind>object</kind>
         <file>CpuTimers.obj</file>
         <name>CpuTimers.obj</name>
      </input_file>
      <input_file id="fl-18">
         <path>.\</path>
         <kind>object</kind>
         <file>BCH.obj</file>
         <name>BCH.obj</name>
      </input_file>
      <input_file id="fl-19">
         <path>.\</path>
         <kind>object</kind>
         <file>AES_Encrypt.obj</file>
         <name>AES_Encrypt.obj</name>
      </input_file>
      <input_file id="fl-1a">
         <path>.\</path>
         <kind>object</kind>
         <file>AES_Decrypt.obj</file>
         <name>AES_Decrypt.obj</name>
      </input_file>
      <input_file id="fl-1b">
         <path>.\</path>
         <kind>object</kind>
         <file>AES_CBC.obj</file>
         <name>AES_CBC.obj</name>
      </input_file>
      <input_file id="fl-20">
         <path>..\</path>
         <kind>archive</kind>
         <file>rts6740.lib</file>
         <name>boot.obj</name>
      </input_file>
      <input_file id="fl-21">
         <path>..\</path>
         <kind>archive</kind>
         <file>rts6740.lib</file>
         <name>ceil.obj</name>
      </input_file>
      <input_file id="fl-22">
         <path>..\</path>
         <kind>archive</kind>
         <file>rts6740.lib</file>
         <name>cos.obj</name>
      </input_file>
      <input_file id="fl-23">
         <path>..\</path>
         <kind>archive</kind>
         <file>rts6740.lib</file>
         <name>divd.obj</name>
      </input_file>
      <input_file id="fl-24">
         <path>..\</path>
         <kind>archive</kind>
         <file>rts6740.lib</file>
         <name>divi.obj</name>
      </input_file>
      <input_file id="fl-25">
         <path>..\</path>
         <kind>archive</kind>
         <file>rts6740.lib</file>
         <name>exit.obj</name>
      </input_file>
      <input_file id="fl-26">
         <path>..\</path>
         <kind>archive</kind>
         <file>rts6740.lib</file>
         <name>fixfull.obj</name>
      </input_file>
      <input_file id="fl-27">
         <path>..\</path>
         <kind>archive</kind>
         <file>rts6740.lib</file>
         <name>fltulld.obj</name>
      </input_file>
      <input_file id="fl-28">
         <path>..\</path>
         <kind>archive</kind>
         <file>rts6740.lib</file>
         <name>frcmpyd_div.obj</name>
      </input_file>
      <input_file id="fl-29">
         <path>..\</path>
         <kind>archive</kind>
         <file>rts6740.lib</file>
         <name>llshift.obj</name>
      </input_file>
      <input_file id="fl-2a">
         <path>..\</path>
         <kind>archive</kind>
         <file>rts6740.lib</file>
         <name>log.obj</name>
      </input_file>
      <input_file id="fl-2b">
         <path>..\</path>
         <kind>archive</kind>
         <file>rts6740.lib</file>
         <name>memcpy64.obj</name>
      </input_file>
      <input_file id="fl-2c">
         <path>..\</path>
         <kind>archive</kind>
         <file>rts6740.lib</file>
         <name>memory.obj</name>
      </input_file>
      <input_file id="fl-2d">
         <path>..\</path>
         <kind>archive</kind>
         <file>rts6740.lib</file>
         <name>memset.obj</name>
      </input_file>
      <input_file id="fl-2e">
         <path>..\</path>
         <kind>archive</kind>
         <file>rts6740.lib</file>
         <name>modf.obj</name>
      </input_file>
      <input_file id="fl-2f">
         <path>..\</path>
         <kind>archive</kind>
         <file>rts6740.lib</file>
         <name>negll.obj</name>
      </input_file>
      <input_file id="fl-30">
         <path>..\</path>
         <kind>archive</kind>
         <file>rts6740.lib</file>
         <name>printf.obj</name>
      </input_file>
      <input_file id="fl-31">
         <path>..\</path>
         <kind>archive</kind>
         <file>rts6740.lib</file>
         <name>rand.obj</name>
      </input_file>
      <input_file id="fl-32">
         <path>..\</path>
         <kind>archive</kind>
         <file>rts6740.lib</file>
         <name>remi.obj</name>
      </input_file>
      <input_file id="fl-33">
         <path>..\</path>
         <kind>archive</kind>
         <file>rts6740.lib</file>
         <name>round.obj</name>
      </input_file>
      <input_file id="fl-34">
         <path>..\</path>
         <kind>archive</kind>
         <file>rts6740.lib</file>
         <name>sin.obj</name>
      </input_file>
      <input_file id="fl-35">
         <path>..\</path>
         <kind>archive</kind>
         <file>rts6740.lib</file>
         <name>sqrt.obj</name>
      </input_file>
      <input_file id="fl-36">
         <path>..\</path>
         <kind>archive</kind>
         <file>rts6740.lib</file>
         <name>time.obj</name>
      </input_file>
      <input_file id="fl-37">
         <path>..\</path>
         <kind>archive</kind>
         <file>rts6740.lib</file>
         <name>trgdrv.obj</name>
      </input_file>
      <input_file id="fl-38">
         <path>..\</path>
         <kind>archive</kind>
         <file>rts6740.lib</file>
         <name>trgmsg.obj</name>
      </input_file>
      <input_file id="fl-39">
         <path>..\</path>
         <kind>archive</kind>
         <file>rts6740.lib</file>
         <name>trunc.obj</name>
      </input_file>
      <input_file id="fl-3a">
         <path>..\</path>
         <kind>archive</kind>
         <file>rts6740.lib</file>
         <name>_lock.obj</name>
      </input_file>
      <input_file id="fl-3b">
         <path>..\</path>
         <kind>archive</kind>
         <file>rts6740.lib</file>
         <name>_printfi.obj</name>
      </input_file>
      <input_file id="fl-3c">
         <path>..\</path>
         <kind>archive</kind>
         <file>rts6740.lib</file>
         <name>args_main.obj</name>
      </input_file>
      <input_file id="fl-3d">
         <path>..\</path>
         <kind>archive</kind>
         <file>rts6740.lib</file>
         <name>atoi.obj</name>
      </input_file>
      <input_file id="fl-3e">
         <path>..\</path>
         <kind>archive</kind>
         <file>rts6740.lib</file>
         <name>autoinit.obj</name>
      </input_file>
      <input_file id="fl-3f">
         <path>..\</path>
         <kind>archive</kind>
         <file>rts6740.lib</file>
         <name>cpy_tbl.obj</name>
      </input_file>
      <input_file id="fl-40">
         <path>..\</path>
         <kind>archive</kind>
         <file>rts6740.lib</file>
         <name>ctype.obj</name>
      </input_file>
      <input_file id="fl-41">
         <path>..\</path>
         <kind>archive</kind>
         <file>rts6740.lib</file>
         <name>defs.obj</name>
      </input_file>
      <input_file id="fl-42">
         <path>..\</path>
         <kind>archive</kind>
         <file>rts6740.lib</file>
         <name>divu.obj</name>
      </input_file>
      <input_file id="fl-43">
         <path>..\</path>
         <kind>archive</kind>
         <file>rts6740.lib</file>
         <name>errno.obj</name>
      </input_file>
      <input_file id="fl-44">
         <path>..\</path>
         <kind>archive</kind>
         <file>rts6740.lib</file>
         <name>fixdli.obj</name>
      </input_file>
      <input_file id="fl-45">
         <path>..\</path>
         <kind>archive</kind>
         <file>rts6740.lib</file>
         <name>fltlid.obj</name>
      </input_file>
      <input_file id="fl-46">
         <path>..\</path>
         <kind>archive</kind>
         <file>rts6740.lib</file>
         <name>fputc.obj</name>
      </input_file>
      <input_file id="fl-47">
         <path>..\</path>
         <kind>archive</kind>
         <file>rts6740.lib</file>
         <name>fputs.obj</name>
      </input_file>
      <input_file id="fl-48">
         <path>..\</path>
         <kind>archive</kind>
         <file>rts6740.lib</file>
         <name>frexp.obj</name>
      </input_file>
      <input_file id="fl-49">
         <path>..\</path>
         <kind>archive</kind>
         <file>rts6740.lib</file>
         <name>imath40.obj</name>
      </input_file>
      <input_file id="fl-4a">
         <path>..\</path>
         <kind>archive</kind>
         <file>rts6740.lib</file>
         <name>imath64.obj</name>
      </input_file>
      <input_file id="fl-4b">
         <path>..\</path>
         <kind>archive</kind>
         <file>rts6740.lib</file>
         <name>isinf.obj</name>
      </input_file>
      <input_file id="fl-4c">
         <path>..\</path>
         <kind>archive</kind>
         <file>rts6740.lib</file>
         <name>lowlev.obj</name>
      </input_file>
      <input_file id="fl-4d">
         <path>..\</path>
         <kind>archive</kind>
         <file>rts6740.lib</file>
         <name>ltoa.obj</name>
      </input_file>
      <input_file id="fl-4e">
         <path>..\</path>
         <kind>archive</kind>
         <file>rts6740.lib</file>
         <name>memccpy.obj</name>
      </input_file>
      <input_file id="fl-4f">
         <path>..\</path>
         <kind>archive</kind>
         <file>rts6740.lib</file>
         <name>_io_perm.obj</name>
      </input_file>
      <input_file id="fl-50">
         <path>..\</path>
         <kind>archive</kind>
         <file>rts6740.lib</file>
         <name>abs.obj</name>
      </input_file>
      <input_file id="fl-51">
         <path>..\</path>
         <kind>archive</kind>
         <file>rts6740.lib</file>
         <name>fflush.obj</name>
      </input_file>
      <input_file id="fl-52">
         <path>..\</path>
         <kind>archive</kind>
         <file>rts6740.lib</file>
         <name>fseek.obj</name>
      </input_file>
      <input_file id="fl-53">
         <path>..\</path>
         <kind>archive</kind>
         <file>rts6740.lib</file>
         <name>setvbuf.obj</name>
      </input_file>
      <input_file id="fl-54">
         <path>..\</path>
         <kind>archive</kind>
         <file>rts6740.lib</file>
         <name>fopen.obj</name>
      </input_file>
      <input_file id="fl-55">
         <path>..\</path>
         <kind>archive</kind>
         <file>rts6740.lib</file>
         <name>fclose.obj</name>
      </input_file>
      <input_file id="fl-56">
         <path>..\</path>
         <kind>archive</kind>
         <file>rts6740.lib</file>
         <name>remove.obj</name>
      </input_file>
   </input_file_list>
   <object_component_list>
      <object_component id="oc-16f">
         <name>.text</name>
         <load_address>0x820000</load_address>
         <run_address>0x820000</run_address>
         <size>0x5ae0</size>
         <input_file_ref idref="fl-12"/>
      </object_component>
      <object_component id="oc-1a6">
         <name>.text</name>
         <load_address>0x825ae0</load_address>
         <run_address>0x825ae0</run_address>
         <size>0x21c0</size>
         <input_file_ref idref="fl-18"/>
      </object_component>
      <object_component id="oc-170">
         <name>.text</name>
         <load_address>0x827ca0</load_address>
         <run_address>0x827ca0</run_address>
         <size>0x1a40</size>
         <input_file_ref idref="fl-f"/>
      </object_component>
      <object_component id="oc-175">
         <name>.text</name>
         <load_address>0x8296e0</load_address>
         <run_address>0x8296e0</run_address>
         <size>0x1580</size>
         <input_file_ref idref="fl-10"/>
      </object_component>
      <object_component id="oc-174">
         <name>.text</name>
         <load_address>0x82ac60</load_address>
         <run_address>0x82ac60</run_address>
         <size>0xda0</size>
         <input_file_ref idref="fl-11"/>
      </object_component>
      <object_component id="oc-179">
         <name>.text</name>
         <load_address>0x82ba00</load_address>
         <run_address>0x82ba00</run_address>
         <size>0xd80</size>
         <input_file_ref idref="fl-19"/>
      </object_component>
      <object_component id="oc-1aa">
         <name>.text</name>
         <load_address>0x82c780</load_address>
         <run_address>0x82c780</run_address>
         <size>0x860</size>
         <input_file_ref idref="fl-d"/>
      </object_component>
      <object_component id="oc-17a">
         <name>.text</name>
         <load_address>0x82cfe0</load_address>
         <run_address>0x82cfe0</run_address>
         <size>0x660</size>
         <input_file_ref idref="fl-1a"/>
      </object_component>
      <object_component id="oc-187">
         <name>.text</name>
         <load_address>0x82d640</load_address>
         <run_address>0x82d640</run_address>
         <size>0x600</size>
         <input_file_ref idref="fl-14"/>
      </object_component>
      <object_component id="oc-185">
         <name>.text</name>
         <load_address>0x82dc40</load_address>
         <run_address>0x82dc40</run_address>
         <size>0x600</size>
         <input_file_ref idref="fl-13"/>
      </object_component>
      <object_component id="oc-178">
         <name>.text:__divd</name>
         <load_address>0x82e240</load_address>
         <run_address>0x82e240</run_address>
         <size>0x5a0</size>
         <input_file_ref idref="fl-23"/>
      </object_component>
      <object_component id="oc-1d0">
         <name>.text:__getarg_diouxp</name>
         <load_address>0x82e7e0</load_address>
         <run_address>0x82e7e0</run_address>
         <size>0x580</size>
         <input_file_ref idref="fl-3b"/>
      </object_component>
      <object_component id="oc-16c">
         <name>.text</name>
         <load_address>0x82ed60</load_address>
         <run_address>0x82ed60</run_address>
         <size>0x560</size>
         <input_file_ref idref="fl-5"/>
      </object_component>
      <object_component id="oc-19e">
         <name>.text:__setfield</name>
         <load_address>0x82f2c0</load_address>
         <run_address>0x82f2c0</run_address>
         <size>0x480</size>
         <input_file_ref idref="fl-3b"/>
      </object_component>
      <object_component id="oc-1a8">
         <name>.text</name>
         <load_address>0x82f740</load_address>
         <run_address>0x82f740</run_address>
         <size>0x480</size>
         <input_file_ref idref="fl-c"/>
      </object_component>
      <object_component id="oc-182">
         <name>.text:__printfi</name>
         <load_address>0x82fbc0</load_address>
         <run_address>0x82fbc0</run_address>
         <size>0x440</size>
         <input_file_ref idref="fl-3b"/>
      </object_component>
      <object_component id="oc-16d">
         <name>.text</name>
         <load_address>0x830000</load_address>
         <run_address>0x830000</run_address>
         <size>0x400</size>
         <input_file_ref idref="fl-2"/>
      </object_component>
      <object_component id="oc-1c5">
         <name>.text</name>
         <load_address>0x830400</load_address>
         <run_address>0x830400</run_address>
         <size>0x3a0</size>
         <input_file_ref idref="fl-e"/>
      </object_component>
      <object_component id="oc-1a5">
         <name>.text</name>
         <load_address>0x8307a0</load_address>
         <run_address>0x8307a0</run_address>
         <size>0x340</size>
         <input_file_ref idref="fl-16"/>
      </object_component>
      <object_component id="oc-19a">
         <name>.text:_fputs</name>
         <load_address>0x830ae0</load_address>
         <run_address>0x830ae0</run_address>
         <size>0x300</size>
         <input_file_ref idref="fl-47"/>
      </object_component>
      <object_component id="oc-16e">
         <name>.text</name>
         <load_address>0x830de0</load_address>
         <run_address>0x830de0</run_address>
         <size>0x300</size>
         <input_file_ref idref="fl-3"/>
      </object_component>
      <object_component id="oc-1d2">
         <name>.text:_cos</name>
         <load_address>0x8310e0</load_address>
         <run_address>0x8310e0</run_address>
         <size>0x2e0</size>
         <input_file_ref idref="fl-22"/>
      </object_component>
      <object_component id="oc-1b8">
         <name>.text:__pproc_fge</name>
         <load_address>0x8313c0</load_address>
         <run_address>0x8313c0</run_address>
         <size>0x2c0</size>
         <input_file_ref idref="fl-3b"/>
      </object_component>
      <object_component id="oc-19d">
         <name>.text:__pproc_fwp</name>
         <load_address>0x831680</load_address>
         <run_address>0x831680</run_address>
         <size>0x2c0</size>
         <input_file_ref idref="fl-3b"/>
      </object_component>
      <object_component id="oc-1a7">
         <name>.text</name>
         <load_address>0x831940</load_address>
         <run_address>0x831940</run_address>
         <size>0x2c0</size>
         <input_file_ref idref="fl-9"/>
      </object_component>
      <object_component id="oc-1d6">
         <name>.text:_ecvt</name>
         <load_address>0x831c00</load_address>
         <run_address>0x831c00</run_address>
         <size>0x2a0</size>
         <input_file_ref idref="fl-3b"/>
      </object_component>
      <object_component id="oc-1d9">
         <name>.text:_fcvt</name>
         <load_address>0x831ea0</load_address>
         <run_address>0x831ea0</run_address>
         <size>0x2a0</size>
         <input_file_ref idref="fl-3b"/>
      </object_component>
      <object_component id="oc-18f">
         <name>.text</name>
         <load_address>0x832140</load_address>
         <run_address>0x832140</run_address>
         <size>0x280</size>
         <input_file_ref idref="fl-1b"/>
      </object_component>
      <object_component id="oc-186">
         <name>.text:_free</name>
         <load_address>0x8323c0</load_address>
         <run_address>0x8323c0</run_address>
         <size>0x280</size>
         <input_file_ref idref="fl-2c"/>
      </object_component>
      <object_component id="oc-1d3">
         <name>.text:_sin</name>
         <load_address>0x832640</load_address>
         <run_address>0x832640</run_address>
         <size>0x280</size>
         <input_file_ref idref="fl-34"/>
      </object_component>
      <object_component id="oc-173">
         <name>.text</name>
         <load_address>0x8328c0</load_address>
         <run_address>0x8328c0</run_address>
         <size>0x260</size>
         <input_file_ref idref="fl-17"/>
      </object_component>
      <object_component id="oc-1e4">
         <name>.text:__divull</name>
         <load_address>0x832b20</load_address>
         <run_address>0x832b20</run_address>
         <size>0x260</size>
         <input_file_ref idref="fl-4a"/>
      </object_component>
      <object_component id="oc-1cf">
         <name>.text:__pconv_e</name>
         <load_address>0x832d80</load_address>
         <run_address>0x832d80</run_address>
         <size>0x260</size>
         <input_file_ref idref="fl-3b"/>
      </object_component>
      <object_component id="oc-1a9">
         <name>.text</name>
         <load_address>0x832fe0</load_address>
         <run_address>0x832fe0</run_address>
         <size>0x260</size>
         <input_file_ref idref="fl-a"/>
      </object_component>
      <object_component id="oc-1b9">
         <name>.text:__pproc_diouxp</name>
         <load_address>0x833240</load_address>
         <run_address>0x833240</run_address>
         <size>0x240</size>
         <input_file_ref idref="fl-3b"/>
      </object_component>
      <object_component id="oc-19f">
         <name>.text:__pproc_str</name>
         <load_address>0x833480</load_address>
         <run_address>0x833480</run_address>
         <size>0x220</size>
         <input_file_ref idref="fl-3b"/>
      </object_component>
      <object_component id="oc-1cd">
         <name>.text:__pconv_g</name>
         <load_address>0x8336a0</load_address>
         <run_address>0x8336a0</run_address>
         <size>0x200</size>
         <input_file_ref idref="fl-3b"/>
      </object_component>
      <object_component id="oc-1ab">
         <name>.text:_log</name>
         <load_address>0x8338a0</load_address>
         <run_address>0x8338a0</run_address>
         <size>0x200</size>
         <input_file_ref idref="fl-2a"/>
      </object_component>
      <object_component id="oc-16a">
         <name>.text</name>
         <load_address>0x833aa0</load_address>
         <run_address>0x833aa0</run_address>
         <size>0x1e0</size>
         <input_file_ref idref="fl-4"/>
      </object_component>
      <object_component id="oc-1d8">
         <name>.text:__mcpy</name>
         <load_address>0x833c80</load_address>
         <run_address>0x833c80</run_address>
         <size>0x1c0</size>
         <input_file_ref idref="fl-3b"/>
      </object_component>
      <object_component id="oc-1a4">
         <name>.text</name>
         <load_address>0x833e40</load_address>
         <run_address>0x833e40</run_address>
         <size>0x1a0</size>
         <input_file_ref idref="fl-15"/>
      </object_component>
      <object_component id="oc-1e3">
         <name>.text:__divul</name>
         <load_address>0x833fe0</load_address>
         <run_address>0x833fe0</run_address>
         <size>0x1a0</size>
         <input_file_ref idref="fl-49"/>
      </object_component>
      <object_component id="oc-163">
         <name>.text:_HOSTrename</name>
         <load_address>0x834180</load_address>
         <run_address>0x834180</run_address>
         <size>0x180</size>
         <input_file_ref idref="fl-37"/>
      </object_component>
      <object_component id="oc-189">
         <name>.text:_malloc</name>
         <load_address>0x834300</load_address>
         <run_address>0x834300</run_address>
         <size>0x180</size>
         <input_file_ref idref="fl-2c"/>
      </object_component>
      <object_component id="oc-1c9">
         <name>.text:_setvbuf</name>
         <load_address>0x834480</load_address>
         <run_address>0x834480</run_address>
         <size>0x180</size>
         <input_file_ref idref="fl-53"/>
      </object_component>
      <object_component id="oc-19c">
         <name>.text:__pproc_fflags</name>
         <load_address>0x834600</load_address>
         <run_address>0x834600</run_address>
         <size>0x140</size>
         <input_file_ref idref="fl-3b"/>
      </object_component>
      <object_component id="oc-19b">
         <name>.text:_fputc</name>
         <load_address>0x834740</load_address>
         <run_address>0x834740</run_address>
         <size>0x140</size>
         <input_file_ref idref="fl-46"/>
      </object_component>
      <object_component id="oc-1eb">
         <name>.text:_getdevice</name>
         <load_address>0x834880</load_address>
         <run_address>0x834880</run_address>
         <size>0x140</size>
         <input_file_ref idref="fl-4c"/>
      </object_component>
      <object_component id="oc-1c4">
         <name>.text:_sqrt</name>
         <load_address>0x8349c0</load_address>
         <run_address>0x8349c0</run_address>
         <size>0x140</size>
         <input_file_ref idref="fl-35"/>
      </object_component>
      <object_component id="oc-183">
         <name>.text:__fixfull</name>
         <load_address>0x834b00</load_address>
         <run_address>0x834b00</run_address>
         <size>0x120</size>
         <input_file_ref idref="fl-26"/>
      </object_component>
      <object_component id="oc-1de">
         <name>.text:_fclose</name>
         <load_address>0x834c20</load_address>
         <run_address>0x834c20</run_address>
         <size>0x120</size>
         <input_file_ref idref="fl-55"/>
      </object_component>
      <object_component id="oc-1c6">
         <name>.text:_frexp</name>
         <load_address>0x834d40</load_address>
         <run_address>0x834d40</run_address>
         <size>0x120</size>
         <input_file_ref idref="fl-48"/>
      </object_component>
      <object_component id="oc-161">
         <name>.text:_HOSTlseek</name>
         <load_address>0x834e60</load_address>
         <run_address>0x834e60</run_address>
         <size>0x100</size>
         <input_file_ref idref="fl-37"/>
      </object_component>
      <object_component id="oc-159">
         <name>.text:__auto_init</name>
         <load_address>0x834f60</load_address>
         <run_address>0x834f60</run_address>
         <size>0x100</size>
         <input_file_ref idref="fl-3e"/>
      </object_component>
      <object_component id="oc-1d1">
         <name>.text:__ltostr</name>
         <load_address>0x835060</load_address>
         <run_address>0x835060</run_address>
         <size>0x100</size>
         <input_file_ref idref="fl-3b"/>
      </object_component>
      <object_component id="oc-1b4">
         <name>.text:__wrt_ok</name>
         <load_address>0x835160</load_address>
         <run_address>0x835160</run_address>
         <size>0x100</size>
         <input_file_ref idref="fl-4f"/>
      </object_component>
      <object_component id="oc-15d">
         <name>.text:_HOSTopen</name>
         <load_address>0x835260</load_address>
         <run_address>0x835260</run_address>
         <size>0xe0</size>
         <input_file_ref idref="fl-37"/>
      </object_component>
      <object_component id="oc-1ad">
         <name>.text:__divi</name>
         <load_address>0x835340</load_address>
         <run_address>0x835340</run_address>
         <size>0xe0</size>
         <input_file_ref idref="fl-24"/>
      </object_component>
      <object_component id="oc-1b7">
         <name>.text:_atoi</name>
         <load_address>0x835420</load_address>
         <run_address>0x835420</run_address>
         <size>0xe0</size>
         <input_file_ref idref="fl-3d"/>
      </object_component>
      <object_component id="oc-1e5">
         <name>.text:_close</name>
         <load_address>0x835500</load_address>
         <run_address>0x835500</run_address>
         <size>0xe0</size>
         <input_file_ref idref="fl-4c"/>
      </object_component>
      <object_component id="oc-15b">
         <name>.text:_exit</name>
         <load_address>0x8355e0</load_address>
         <run_address>0x8355e0</run_address>
         <size>0xe0</size>
         <input_file_ref idref="fl-25"/>
      </object_component>
      <object_component id="oc-171">
         <name>.text:_memset</name>
         <load_address>0x8356c0</load_address>
         <run_address>0x8356c0</run_address>
         <size>0xe0</size>
         <input_file_ref idref="fl-2d"/>
      </object_component>
      <object_component id="oc-16b">
         <name>.text</name>
         <load_address>0x8357a0</load_address>
         <run_address>0x8357a0</run_address>
         <size>0xe0</size>
         <input_file_ref idref="fl-6"/>
      </object_component>
      <object_component id="oc-15f">
         <name>.text:_HOSTread</name>
         <load_address>0x835880</load_address>
         <run_address>0x835880</run_address>
         <size>0xc0</size>
         <input_file_ref idref="fl-37"/>
      </object_component>
      <object_component id="oc-162">
         <name>.text:_HOSTunlink</name>
         <load_address>0x835940</load_address>
         <run_address>0x835940</run_address>
         <size>0xc0</size>
         <input_file_ref idref="fl-37"/>
      </object_component>
      <object_component id="oc-160">
         <name>.text:_HOSTwrite</name>
         <load_address>0x835a00</load_address>
         <run_address>0x835a00</run_address>
         <size>0xc0</size>
         <input_file_ref idref="fl-37"/>
      </object_component>
      <object_component id="oc-1d5">
         <name>.text:__cleanup</name>
         <load_address>0x835ac0</load_address>
         <run_address>0x835ac0</run_address>
         <size>0xc0</size>
         <input_file_ref idref="fl-54"/>
      </object_component>
      <object_component id="oc-1db">
         <name>.text:__div</name>
         <load_address>0x835b80</load_address>
         <run_address>0x835b80</run_address>
         <size>0xc0</size>
         <input_file_ref idref="fl-3b"/>
      </object_component>
      <object_component id="oc-1e2">
         <name>.text:__divu</name>
         <load_address>0x835c40</load_address>
         <run_address>0x835c40</run_address>
         <size>0xc0</size>
         <input_file_ref idref="fl-42"/>
      </object_component>
      <object_component id="oc-1b5">
         <name>.text:__doflush</name>
         <load_address>0x835d00</load_address>
         <run_address>0x835d00</run_address>
         <size>0xc0</size>
         <input_file_ref idref="fl-51"/>
      </object_component>
      <object_component id="oc-18e">
         <name>.text:__remi</name>
         <load_address>0x835dc0</load_address>
         <run_address>0x835dc0</run_address>
         <size>0xc0</size>
         <input_file_ref idref="fl-32"/>
      </object_component>
      <object_component id="oc-1c8">
         <name>.text:_fseek</name>
         <load_address>0x835e80</load_address>
         <run_address>0x835e80</run_address>
         <size>0xc0</size>
         <input_file_ref idref="fl-52"/>
      </object_component>
      <object_component id="oc-1d4">
         <name>.text:_lseek</name>
         <load_address>0x835f40</load_address>
         <run_address>0x835f40</run_address>
         <size>0xc0</size>
         <input_file_ref idref="fl-4c"/>
      </object_component>
      <object_component id="oc-1e0">
         <name>.text:_ltoa</name>
         <load_address>0x836000</load_address>
         <run_address>0x836000</run_address>
         <size>0xc0</size>
         <input_file_ref idref="fl-4d"/>
      </object_component>
      <object_component id="oc-1b6">
         <name>.text:_write</name>
         <load_address>0x8360c0</load_address>
         <run_address>0x8360c0</run_address>
         <size>0xc0</size>
         <input_file_ref idref="fl-4c"/>
      </object_component>
      <object_component id="oc-15e">
         <name>.text:_HOSTclose</name>
         <load_address>0x836180</load_address>
         <run_address>0x836180</run_address>
         <size>0xa0</size>
         <input_file_ref idref="fl-37"/>
      </object_component>
      <object_component id="oc-1b1">
         <name>.text:_HOSTtime</name>
         <load_address>0x836220</load_address>
         <run_address>0x836220</run_address>
         <size>0xa0</size>
         <input_file_ref idref="fl-37"/>
      </object_component>
      <object_component id="oc-1e8">
         <name>.text:__divli</name>
         <load_address>0x8362c0</load_address>
         <run_address>0x8362c0</run_address>
         <size>0xa0</size>
         <input_file_ref idref="fl-49"/>
      </object_component>
      <object_component id="oc-1d7">
         <name>.text:__ecpy</name>
         <load_address>0x836360</load_address>
         <run_address>0x836360</run_address>
         <size>0xa0</size>
         <input_file_ref idref="fl-3b"/>
      </object_component>
      <object_component id="oc-1da">
         <name>.text:__fcpy</name>
         <load_address>0x836400</load_address>
         <run_address>0x836400</run_address>
         <size>0xa0</size>
         <input_file_ref idref="fl-3b"/>
      </object_component>
      <object_component id="oc-1df">
         <name>.text:__fixdli</name>
         <load_address>0x8364a0</load_address>
         <run_address>0x8364a0</run_address>
         <size>0xa0</size>
         <input_file_ref idref="fl-44"/>
      </object_component>
      <object_component id="oc-177">
         <name>.text:__fltulld</name>
         <load_address>0x836540</load_address>
         <run_address>0x836540</run_address>
         <size>0xa0</size>
         <input_file_ref idref="fl-27"/>
      </object_component>
      <object_component id="oc-1dd">
         <name>.text:__nround</name>
         <load_address>0x8365e0</load_address>
         <run_address>0x8365e0</run_address>
         <size>0xa0</size>
         <input_file_ref idref="fl-33"/>
      </object_component>
      <object_component id="oc-1ce">
         <name>.text:__pconv_f</name>
         <load_address>0x836680</load_address>
         <run_address>0x836680</run_address>
         <size>0xa0</size>
         <input_file_ref idref="fl-3b"/>
      </object_component>
      <object_component id="oc-164">
         <name>.text:_copy_in</name>
         <load_address>0x836720</load_address>
         <run_address>0x836720</run_address>
         <size>0xa0</size>
         <input_file_ref idref="fl-3f"/>
      </object_component>
      <object_component id="oc-1ec">
         <name>.text:_finddevice</name>
         <load_address>0x8367c0</load_address>
         <run_address>0x8367c0</run_address>
         <size>0xa0</size>
         <input_file_ref idref="fl-4c"/>
      </object_component>
      <object_component id="oc-165">
         <name>.text:_memcpy</name>
         <load_address>0x836860</load_address>
         <run_address>0x836860</run_address>
         <size>0xa0</size>
         <input_file_ref idref="fl-2b"/>
      </object_component>
      <object_component id="oc-1af">
         <name>.text:_minsert</name>
         <load_address>0x836900</load_address>
         <run_address>0x836900</run_address>
         <size>0xa0</size>
         <input_file_ref idref="fl-2c"/>
      </object_component>
      <object_component id="oc-1c7">
         <name>.text:_modf</name>
         <load_address>0x8369a0</load_address>
         <run_address>0x8369a0</run_address>
         <size>0xa0</size>
         <input_file_ref idref="fl-2e"/>
      </object_component>
      <object_component id="oc-1ae">
         <name>.text:_mremove</name>
         <load_address>0x836a40</load_address>
         <run_address>0x836a40</run_address>
         <size>0xa0</size>
         <input_file_ref idref="fl-2c"/>
      </object_component>
      <object_component id="oc-1e1">
         <name>.text:__fltlid</name>
         <load_address>0x836ae0</load_address>
         <run_address>0x836ae0</run_address>
         <size>0x80</size>
         <input_file_ref idref="fl-45"/>
      </object_component>
      <object_component id="oc-190">
         <name>.text:__llshl</name>
         <load_address>0x836b60</load_address>
         <run_address>0x836b60</run_address>
         <size>0x80</size>
         <input_file_ref idref="fl-29"/>
      </object_component>
      <object_component id="oc-17">
         <name>.text:_c_int00</name>
         <load_address>0x836be0</load_address>
         <run_address>0x836be0</run_address>
         <size>0x80</size>
         <input_file_ref idref="fl-20"/>
      </object_component>
      <object_component id="oc-1a3">
         <name>.text:_calloc</name>
         <load_address>0x836c60</load_address>
         <run_address>0x836c60</run_address>
         <size>0x80</size>
         <input_file_ref idref="fl-2c"/>
      </object_component>
      <object_component id="oc-172">
         <name>.text:_printf</name>
         <load_address>0x836ce0</load_address>
         <run_address>0x836ce0</run_address>
         <size>0x80</size>
         <input_file_ref idref="fl-30"/>
      </object_component>
      <object_component id="oc-18d">
         <name>.text:_rand</name>
         <load_address>0x836d60</load_address>
         <run_address>0x836d60</run_address>
         <size>0x80</size>
         <input_file_ref idref="fl-31"/>
      </object_component>
      <object_component id="oc-169">
         <name>.text:_readmsg</name>
         <load_address>0x836de0</load_address>
         <run_address>0x836de0</run_address>
         <size>0x80</size>
         <input_file_ref idref="fl-38"/>
      </object_component>
      <object_component id="oc-1ea">
         <name>.text:_unlink</name>
         <load_address>0x836e60</load_address>
         <run_address>0x836e60</run_address>
         <size>0x80</size>
         <input_file_ref idref="fl-4c"/>
      </object_component>
      <object_component id="oc-1e9">
         <name>.text:__subcull</name>
         <load_address>0x836ee0</load_address>
         <run_address>0x836ee0</run_address>
         <size>0x60</size>
         <input_file_ref idref="fl-4a"/>
      </object_component>
      <object_component id="oc-1ba">
         <name>.text:_memccpy</name>
         <load_address>0x836f40</load_address>
         <run_address>0x836f40</run_address>
         <size>0x60</size>
         <input_file_ref idref="fl-4e"/>
      </object_component>
      <object_component id="oc-18c">
         <name>.text:_srand</name>
         <load_address>0x836fa0</load_address>
         <run_address>0x836fa0</run_address>
         <size>0x60</size>
         <input_file_ref idref="fl-31"/>
      </object_component>
      <object_component id="oc-168">
         <name>.text:_writemsg</name>
         <load_address>0x837000</load_address>
         <run_address>0x837000</run_address>
         <size>0x60</size>
         <input_file_ref idref="fl-38"/>
      </object_component>
      <object_component id="oc-1cc">
         <name>.text:___isinf</name>
         <load_address>0x837060</load_address>
         <run_address>0x837060</run_address>
         <size>0x40</size>
         <input_file_ref idref="fl-4b"/>
      </object_component>
      <object_component id="oc-1cb">
         <name>.text:___isnan</name>
         <load_address>0x8370a0</load_address>
         <run_address>0x8370a0</run_address>
         <size>0x40</size>
         <input_file_ref idref="fl-3b"/>
      </object_component>
      <object_component id="oc-15a">
         <name>.text:__args_main</name>
         <load_address>0x8370e0</load_address>
         <run_address>0x8370e0</run_address>
         <size>0x40</size>
         <input_file_ref idref="fl-3c"/>
      </object_component>
      <object_component id="oc-192">
         <name>.text:__frcmpyd_div</name>
         <load_address>0x837120</load_address>
         <run_address>0x837120</run_address>
         <size>0x40</size>
         <input_file_ref idref="fl-28"/>
      </object_component>
      <object_component id="oc-191">
         <name>.text:__llshru</name>
         <load_address>0x837160</load_address>
         <run_address>0x837160</run_address>
         <size>0x40</size>
         <input_file_ref idref="fl-29"/>
      </object_component>
      <object_component id="oc-1e7">
         <name>.text:__remli</name>
         <load_address>0x8371a0</load_address>
         <run_address>0x8371a0</run_address>
         <size>0x40</size>
         <input_file_ref idref="fl-49"/>
      </object_component>
      <object_component id="oc-1ac">
         <name>.text:_ceil</name>
         <load_address>0x8371e0</load_address>
         <run_address>0x8371e0</run_address>
         <size>0x40</size>
         <input_file_ref idref="fl-21"/>
      </object_component>
      <object_component id="oc-18b">
         <name>.text:_time</name>
         <load_address>0x837220</load_address>
         <run_address>0x837220</run_address>
         <size>0x40</size>
         <input_file_ref idref="fl-36"/>
      </object_component>
      <object_component id="oc-166">
         <name>.text</name>
         <load_address>0x837260</load_address>
         <run_address>0x837260</run_address>
         <size>0x40</size>
         <input_file_ref idref="fl-b"/>
      </object_component>
      <object_component id="oc-1a0">
         <name>.text:__negll</name>
         <load_address>0x8372a0</load_address>
         <run_address>0x8372a0</run_address>
         <size>0x20</size>
         <input_file_ref idref="fl-2f"/>
      </object_component>
      <object_component id="oc-15c">
         <name>.text:__nop</name>
         <load_address>0x8372c0</load_address>
         <run_address>0x8372c0</run_address>
         <size>0x20</size>
         <input_file_ref idref="fl-3a"/>
      </object_component>
      <object_component id="oc-181">
         <name>.text:__outc</name>
         <load_address>0x8372e0</load_address>
         <run_address>0x8372e0</run_address>
         <size>0x20</size>
         <input_file_ref idref="fl-30"/>
      </object_component>
      <object_component id="oc-180">
         <name>.text:__outs</name>
         <load_address>0x837300</load_address>
         <run_address>0x837300</run_address>
         <size>0x20</size>
         <input_file_ref idref="fl-30"/>
      </object_component>
      <object_component id="oc-1dc">
         <name>.text:__trunc</name>
         <load_address>0x837320</load_address>
         <run_address>0x837320</run_address>
         <size>0x20</size>
         <input_file_ref idref="fl-39"/>
      </object_component>
      <object_component id="oc-167">
         <name>.text:_abort</name>
         <load_address>0x837340</load_address>
         <run_address>0x837340</run_address>
         <size>0x20</size>
         <input_file_ref idref="fl-25"/>
      </object_component>
      <object_component id="oc-1e6">
         <name>.text:_remove</name>
         <load_address>0x837360</load_address>
         <run_address>0x837360</run_address>
         <size>0x20</size>
         <input_file_ref idref="fl-56"/>
      </object_component>
      <object_component id="oc-9c">
         <name>.stack</name>
         <uninitialized>true</uninitialized>
         <run_address>0x837380</run_address>
         <size>0x8</size>
         <input_file_ref idref="fl-20"/>
      </object_component>
      <object_component id="oc-20d">
         <name>.stack</name>
         <uninitialized>true</uninitialized>
         <run_address>0x837380</run_address>
         <size>0x0</size>
      </object_component>
      <object_component id="oc-18">
         <name>.bss</name>
         <uninitialized>true</uninitialized>
         <run_address>0x8393a8</run_address>
         <size>0x4</size>
         <input_file_ref idref="fl-2"/>
      </object_component>
      <object_component id="oc-1f">
         <name>.bss</name>
         <uninitialized>true</uninitialized>
         <run_address>0x8393a4</run_address>
         <size>0x4</size>
         <input_file_ref idref="fl-3"/>
      </object_component>
      <object_component id="oc-42">
         <name>.bss</name>
         <uninitialized>true</uninitialized>
         <run_address>0x839372</run_address>
         <size>0x2</size>
         <input_file_ref idref="fl-b"/>
      </object_component>
      <object_component id="oc-54">
         <name>.bss</name>
         <uninitialized>true</uninitialized>
         <run_address>0x83939e</run_address>
         <size>0x5</size>
         <input_file_ref idref="fl-f"/>
      </object_component>
      <object_component id="oc-5c">
         <name>.bss</name>
         <uninitialized>true</uninitialized>
         <run_address>0x839390</run_address>
         <size>0xd</size>
         <input_file_ref idref="fl-10"/>
      </object_component>
      <object_component id="oc-63">
         <name>.bss</name>
         <uninitialized>true</uninitialized>
         <run_address>0x839374</run_address>
         <size>0x1a</size>
         <input_file_ref idref="fl-11"/>
      </object_component>
      <object_component id="oc-6b">
         <name>.bss</name>
         <uninitialized>true</uninitialized>
         <run_address>0x839358</run_address>
         <size>0x1a</size>
         <input_file_ref idref="fl-12"/>
      </object_component>
      <object_component id="oc-f3">
         <name>.cio</name>
         <uninitialized>true</uninitialized>
         <run_address>0x839234</run_address>
         <size>0x120</size>
         <input_file_ref idref="fl-38"/>
      </object_component>
      <object_component id="oc-1be">
         <name>.const:_$P$T1$2</name>
         <load_address>0x838980</load_address>
         <run_address>0x838980</run_address>
         <size>0x17a</size>
         <input_file_ref idref="fl-18"/>
      </object_component>
      <object_component id="oc-125">
         <name>.const:.string</name>
         <load_address>0x838afa</load_address>
         <run_address>0x838afa</run_address>
         <size>0x2</size>
         <input_file_ref idref="fl-47"/>
      </object_component>
      <object_component id="oc-1ca">
         <name>.const:__ctypes_</name>
         <load_address>0x838b00</load_address>
         <run_address>0x838b00</run_address>
         <size>0x101</size>
         <input_file_ref idref="fl-40"/>
      </object_component>
      <object_component id="oc-197">
         <name>.const:_$P$T0$1</name>
         <load_address>0x838c08</load_address>
         <run_address>0x838c08</run_address>
         <size>0x100</size>
         <input_file_ref idref="fl-1a"/>
      </object_component>
      <object_component id="oc-193">
         <name>.const:_$P$T0$1</name>
         <load_address>0x838d08</load_address>
         <run_address>0x838d08</run_address>
         <size>0x100</size>
         <input_file_ref idref="fl-19"/>
      </object_component>
      <object_component id="oc-67">
         <name>.const:.string</name>
         <load_address>0x838e08</load_address>
         <run_address>0x838e08</run_address>
         <size>0x98</size>
         <input_file_ref idref="fl-11"/>
      </object_component>
      <object_component id="oc-78">
         <name>.const:.string</name>
         <load_address>0x838ea0</load_address>
         <run_address>0x838ea0</run_address>
         <size>0x74</size>
         <input_file_ref idref="fl-14"/>
      </object_component>
      <object_component id="oc-58">
         <name>.const:.string</name>
         <load_address>0x838f14</load_address>
         <run_address>0x838f14</run_address>
         <size>0x5c</size>
         <input_file_ref idref="fl-f"/>
      </object_component>
      <object_component id="oc-1a1">
         <name>.const:.string:_$P$T0$1</name>
         <load_address>0x838f70</load_address>
         <run_address>0x838f70</run_address>
         <size>0x5a</size>
         <input_file_ref idref="fl-13"/>
      </object_component>
      <object_component id="oc-1a2">
         <name>.const:.string:_$P$T1$2</name>
         <load_address>0x838fd0</load_address>
         <run_address>0x838fd0</run_address>
         <size>0x5a</size>
         <input_file_ref idref="fl-13"/>
      </object_component>
      <object_component id="oc-1bf">
         <name>.const:.string:_$P$T2$3</name>
         <load_address>0x839030</load_address>
         <run_address>0x839030</run_address>
         <size>0x3f</size>
         <input_file_ref idref="fl-18"/>
      </object_component>
      <object_component id="oc-6e">
         <name>.const:.string</name>
         <load_address>0x839070</load_address>
         <run_address>0x839070</run_address>
         <size>0x3c</size>
         <input_file_ref idref="fl-12"/>
      </object_component>
      <object_component id="oc-73">
         <name>.const:.string</name>
         <load_address>0x8390ac</load_address>
         <run_address>0x8390ac</run_address>
         <size>0x2c</size>
         <input_file_ref idref="fl-13"/>
      </object_component>
      <object_component id="oc-194">
         <name>.const:_$P$T1$2</name>
         <load_address>0x8390d8</load_address>
         <run_address>0x8390d8</run_address>
         <size>0x2c</size>
         <input_file_ref idref="fl-19"/>
      </object_component>
      <object_component id="oc-ff">
         <name>.const:.string</name>
         <load_address>0x839104</load_address>
         <run_address>0x839104</run_address>
         <size>0x23</size>
         <input_file_ref idref="fl-3b"/>
      </object_component>
      <object_component id="oc-4c">
         <name>.const</name>
         <load_address>0x839128</load_address>
         <run_address>0x839128</run_address>
         <size>0x20</size>
         <input_file_ref idref="fl-d"/>
      </object_component>
      <object_component id="oc-1bd">
         <name>.const:_$P$T0$1</name>
         <load_address>0x839148</load_address>
         <run_address>0x839148</run_address>
         <size>0x18</size>
         <input_file_ref idref="fl-18"/>
      </object_component>
      <object_component id="oc-1b2">
         <name>.const:_$P$T0$1</name>
         <load_address>0x839160</load_address>
         <run_address>0x839160</run_address>
         <size>0x10</size>
         <input_file_ref idref="fl-1b"/>
      </object_component>
      <object_component id="oc-1b3">
         <name>.const:_$P$T1$2</name>
         <load_address>0x839170</load_address>
         <run_address>0x839170</run_address>
         <size>0x10</size>
         <input_file_ref idref="fl-1b"/>
      </object_component>
      <object_component id="oc-198">
         <name>.const:_$P$T1$3</name>
         <load_address>0x839180</load_address>
         <run_address>0x839180</run_address>
         <size>0x10</size>
         <input_file_ref idref="fl-1a"/>
      </object_component>
      <object_component id="oc-199">
         <name>.const:_$P$T2$4</name>
         <load_address>0x839190</load_address>
         <run_address>0x839190</run_address>
         <size>0x10</size>
         <input_file_ref idref="fl-1a"/>
      </object_component>
      <object_component id="oc-195">
         <name>.const:_$P$T2$4</name>
         <load_address>0x8391a0</load_address>
         <run_address>0x8391a0</run_address>
         <size>0x10</size>
         <input_file_ref idref="fl-19"/>
      </object_component>
      <object_component id="oc-196">
         <name>.const:_$P$T3$5</name>
         <load_address>0x8391b0</load_address>
         <run_address>0x8391b0</run_address>
         <size>0x10</size>
         <input_file_ref idref="fl-19"/>
      </object_component>
      <object_component id="oc-1c2">
         <name>.const:.string:_$P$T0$1</name>
         <load_address>0x8391c0</load_address>
         <run_address>0x8391c0</run_address>
         <size>0xe</size>
         <input_file_ref idref="fl-a"/>
      </object_component>
      <object_component id="oc-1c3">
         <name>.const:.string:_$P$T1$2</name>
         <load_address>0x8391d0</load_address>
         <run_address>0x8391d0</run_address>
         <size>0xe</size>
         <input_file_ref idref="fl-a"/>
      </object_component>
      <object_component id="oc-1c0">
         <name>.const:.string:_$P$T3$4</name>
         <load_address>0x8391e0</load_address>
         <run_address>0x8391e0</run_address>
         <size>0xd</size>
         <input_file_ref idref="fl-18"/>
      </object_component>
      <object_component id="oc-1c1">
         <name>.const:.string:_$P$T4$5</name>
         <load_address>0x8391f0</load_address>
         <run_address>0x8391f0</run_address>
         <size>0xd</size>
         <input_file_ref idref="fl-18"/>
      </object_component>
      <object_component id="oc-22">
         <name>.const:.string</name>
         <load_address>0x839200</load_address>
         <run_address>0x839200</run_address>
         <size>0xc</size>
         <input_file_ref idref="fl-3"/>
      </object_component>
      <object_component id="oc-1b">
         <name>.const:.string</name>
         <load_address>0x83920c</load_address>
         <run_address>0x83920c</run_address>
         <size>0xc</size>
         <input_file_ref idref="fl-2"/>
      </object_component>
      <object_component id="oc-188">
         <name>.const:.string:_$P$T0$1</name>
         <load_address>0x839218</load_address>
         <run_address>0x839218</run_address>
         <size>0x6</size>
         <input_file_ref idref="fl-11"/>
      </object_component>
      <object_component id="oc-1bb">
         <name>.const:.string:_$P$T0$1</name>
         <load_address>0x839220</load_address>
         <run_address>0x839220</run_address>
         <size>0x4</size>
         <input_file_ref idref="fl-16"/>
      </object_component>
      <object_component id="oc-1bc">
         <name>.const:.string:_$P$T1$2</name>
         <load_address>0x839228</load_address>
         <run_address>0x839228</run_address>
         <size>0x4</size>
         <input_file_ref idref="fl-16"/>
      </object_component>
      <object_component id="oc-18a">
         <name>.const:.string:_$P$T1$2</name>
         <load_address>0x839230</load_address>
         <run_address>0x839230</run_address>
         <size>0x1</size>
         <input_file_ref idref="fl-11"/>
      </object_component>
      <object_component id="oc-17f">
         <name>.switch:_primitiveInBufferProcess</name>
         <load_address>0x8000dc34</load_address>
         <run_address>0x8000dc34</run_address>
         <size>0x64</size>
         <input_file_ref idref="fl-f"/>
      </object_component>
      <object_component id="oc-17e">
         <name>.switch:_MACPrimitiveTransmission</name>
         <load_address>0x8000dc98</load_address>
         <run_address>0x8000dc98</run_address>
         <size>0x60</size>
         <input_file_ref idref="fl-f"/>
      </object_component>
      <object_component id="oc-176">
         <name>.switch:_MACTasks</name>
         <load_address>0x8000dcf8</load_address>
         <run_address>0x8000dcf8</run_address>
         <size>0x44</size>
         <input_file_ref idref="fl-12"/>
      </object_component>
      <object_component id="oc-17b">
         <name>.switch:_getBackoffCounter</name>
         <load_address>0x8000dd3c</load_address>
         <run_address>0x8000dd3c</run_address>
         <size>0x40</size>
         <input_file_ref idref="fl-12"/>
      </object_component>
      <object_component id="oc-17d">
         <name>.switch:_PrimitiveTasks</name>
         <load_address>0x8000dd7c</load_address>
         <run_address>0x8000dd7c</run_address>
         <size>0x20</size>
         <input_file_ref idref="fl-f"/>
      </object_component>
      <object_component id="oc-17c">
         <name>.switch:_getCP</name>
         <load_address>0x8000dd9c</load_address>
         <run_address>0x8000dd9c</run_address>
         <size>0x20</size>
         <input_file_ref idref="fl-12"/>
      </object_component>
      <object_component id="oc-1b0">
         <name>.switch:_PHYrx</name>
         <load_address>0x8000ddbc</load_address>
         <run_address>0x8000ddbc</run_address>
         <size>0x1c</size>
         <input_file_ref idref="fl-14"/>
      </object_component>
      <object_component id="oc-184">
         <name>.switch:_PHYTasks</name>
         <load_address>0x8000ddd8</load_address>
         <run_address>0x8000ddd8</run_address>
         <size>0x10</size>
         <input_file_ref idref="fl-11"/>
      </object_component>
      <object_component id="oc-c9">
         <name>.sysmem</name>
         <uninitialized>true</uninitialized>
         <run_address>0x800000</run_address>
         <size>0x8</size>
         <input_file_ref idref="fl-2c"/>
      </object_component>
      <object_component id="oc-20e">
         <name>.sysmem</name>
         <uninitialized>true</uninitialized>
         <run_address>0x800000</run_address>
         <size>0x0</size>
      </object_component>
      <object_component id="oc-57">
         <name>.far</name>
         <uninitialized>true</uninitialized>
         <run_address>0x8000c238</run_address>
         <size>0xfe0</size>
         <input_file_ref idref="fl-f"/>
      </object_component>
      <object_component id="oc-5f">
         <name>.far</name>
         <uninitialized>true</uninitialized>
         <run_address>0x8000d660</run_address>
         <size>0xd8</size>
         <input_file_ref idref="fl-10"/>
      </object_component>
      <object_component id="oc-66">
         <name>.far</name>
         <uninitialized>true</uninitialized>
         <run_address>0x80000000</run_address>
         <size>0xb0c8</size>
         <input_file_ref idref="fl-11"/>
      </object_component>
      <object_component id="oc-6d">
         <name>.far</name>
         <uninitialized>true</uninitialized>
         <run_address>0x8000b0c8</run_address>
         <size>0x1170</size>
         <input_file_ref idref="fl-12"/>
      </object_component>
      <object_component id="oc-85">
         <name>.far</name>
         <uninitialized>true</uninitialized>
         <run_address>0x8000d8b8</run_address>
         <size>0x18</size>
         <input_file_ref idref="fl-17"/>
      </object_component>
      <object_component id="oc-8e">
         <name>.far</name>
         <uninitialized>true</uninitialized>
         <run_address>0x8000d8e0</run_address>
         <size>0x10</size>
         <input_file_ref idref="fl-19"/>
      </object_component>
      <object_component id="oc-93">
         <name>.far</name>
         <uninitialized>true</uninitialized>
         <run_address>0x8000d8d0</run_address>
         <size>0x10</size>
         <input_file_ref idref="fl-1a"/>
      </object_component>
      <object_component id="oc-a4">
         <name>.far</name>
         <uninitialized>true</uninitialized>
         <run_address>0x8000d808</run_address>
         <size>0x40</size>
         <input_file_ref idref="fl-22"/>
      </object_component>
      <object_component id="oc-af">
         <name>.far</name>
         <uninitialized>true</uninitialized>
         <run_address>0x8000d8f0</run_address>
         <size>0xc</size>
         <input_file_ref idref="fl-25"/>
      </object_component>
      <object_component id="oc-c0">
         <name>.far</name>
         <uninitialized>true</uninitialized>
         <run_address>0x8000d888</run_address>
         <size>0x30</size>
         <input_file_ref idref="fl-2a"/>
      </object_component>
      <object_component id="oc-c8">
         <name>.far</name>
         <uninitialized>true</uninitialized>
         <run_address>0x8000d904</run_address>
         <size>0x8</size>
         <input_file_ref idref="fl-2c"/>
      </object_component>
      <object_component id="oc-da">
         <name>.far</name>
         <uninitialized>true</uninitialized>
         <run_address>0x8000d910</run_address>
         <size>0x8</size>
         <input_file_ref idref="fl-31"/>
      </object_component>
      <object_component id="oc-e5">
         <name>.far</name>
         <uninitialized>true</uninitialized>
         <run_address>0x8000d848</run_address>
         <size>0x40</size>
         <input_file_ref idref="fl-34"/>
      </object_component>
      <object_component id="oc-ef">
         <name>.far</name>
         <uninitialized>true</uninitialized>
         <run_address>0x8000d738</run_address>
         <size>0xd0</size>
         <input_file_ref idref="fl-37"/>
      </object_component>
      <object_component id="oc-fb">
         <name>.far</name>
         <uninitialized>true</uninitialized>
         <run_address>0x8000d8fc</run_address>
         <size>0x8</size>
         <input_file_ref idref="fl-3a"/>
      </object_component>
      <object_component id="oc-112">
         <name>.far</name>
         <uninitialized>true</uninitialized>
         <run_address>0x8000d218</run_address>
         <size>0x324</size>
         <input_file_ref idref="fl-41"/>
      </object_component>
      <object_component id="oc-119">
         <name>.far</name>
         <uninitialized>true</uninitialized>
         <run_address>0x8000d53c</run_address>
         <size>0x4</size>
         <input_file_ref idref="fl-43"/>
      </object_component>
      <object_component id="oc-136">
         <name>.far</name>
         <uninitialized>true</uninitialized>
         <run_address>0x8000d540</run_address>
         <size>0x11c</size>
         <input_file_ref idref="fl-4c"/>
      </object_component>
      <object_component id="oc-150">
         <name>.far</name>
         <uninitialized>true</uninitialized>
         <run_address>0x8000d65c</run_address>
         <size>0x4</size>
         <input_file_ref idref="fl-54"/>
      </object_component>
      <object_component id="oc-111">
         <name>.cinit</name>
         <load_address>0x8000d918</load_address>
         <run_address>0x8000d918</run_address>
         <size>0x5c</size>
         <input_file_ref idref="fl-41"/>
      </object_component>
      <object_component id="oc-135">
         <name>.cinit</name>
         <load_address>0x8000d978</load_address>
         <run_address>0x8000d978</run_address>
         <size>0x5c</size>
         <input_file_ref idref="fl-4c"/>
      </object_component>
      <object_component id="oc-5e">
         <name>.cinit</name>
         <load_address>0x8000d9d8</load_address>
         <run_address>0x8000d9d8</run_address>
         <size>0x48</size>
         <input_file_ref idref="fl-10"/>
      </object_component>
      <object_component id="oc-a3">
         <name>.cinit</name>
         <load_address>0x8000da20</load_address>
         <run_address>0x8000da20</run_address>
         <size>0x48</size>
         <input_file_ref idref="fl-22"/>
      </object_component>
      <object_component id="oc-e4">
         <name>.cinit</name>
         <load_address>0x8000da68</load_address>
         <run_address>0x8000da68</run_address>
         <size>0x48</size>
         <input_file_ref idref="fl-34"/>
      </object_component>
      <object_component id="oc-bf">
         <name>.cinit</name>
         <load_address>0x8000dab0</load_address>
         <run_address>0x8000dab0</run_address>
         <size>0x40</size>
         <input_file_ref idref="fl-2a"/>
      </object_component>
      <object_component id="oc-56">
         <name>.cinit</name>
         <load_address>0x8000daf0</load_address>
         <run_address>0x8000daf0</run_address>
         <size>0x39</size>
         <input_file_ref idref="fl-f"/>
      </object_component>
      <object_component id="oc-65">
         <name>.cinit</name>
         <load_address>0x8000db30</load_address>
         <run_address>0x8000db30</run_address>
         <size>0x30</size>
         <input_file_ref idref="fl-11"/>
      </object_component>
      <object_component id="oc-ae">
         <name>.cinit</name>
         <load_address>0x8000db60</load_address>
         <run_address>0x8000db60</run_address>
         <size>0x2c</size>
         <input_file_ref idref="fl-25"/>
      </object_component>
      <object_component id="oc-c7">
         <name>.cinit</name>
         <load_address>0x8000db90</load_address>
         <run_address>0x8000db90</run_address>
         <size>0x2c</size>
         <input_file_ref idref="fl-2c"/>
      </object_component>
      <object_component id="oc-fa">
         <name>.cinit</name>
         <load_address>0x8000dbc0</load_address>
         <run_address>0x8000dbc0</run_address>
         <size>0x1c</size>
         <input_file_ref idref="fl-3a"/>
      </object_component>
      <object_component id="oc-d9">
         <name>.cinit</name>
         <load_address>0x8000dbe0</load_address>
         <run_address>0x8000dbe0</run_address>
         <size>0x10</size>
         <input_file_ref idref="fl-31"/>
      </object_component>
      <object_component id="oc-118">
         <name>.cinit</name>
         <load_address>0x8000dbf0</load_address>
         <run_address>0x8000dbf0</run_address>
         <size>0xc</size>
         <input_file_ref idref="fl-43"/>
      </object_component>
      <object_component id="oc-14f">
         <name>.cinit</name>
         <load_address>0x8000dc00</load_address>
         <run_address>0x8000dc00</run_address>
         <size>0xc</size>
         <input_file_ref idref="fl-54"/>
      </object_component>
      <object_component id="oc-21">
         <name>.cinit</name>
         <load_address>0x8000dc10</load_address>
         <run_address>0x8000dc10</run_address>
         <size>0xc</size>
         <input_file_ref idref="fl-3"/>
      </object_component>
      <object_component id="oc-1a">
         <name>.cinit</name>
         <load_address>0x8000dc20</load_address>
         <run_address>0x8000dc20</run_address>
         <size>0xc</size>
         <input_file_ref idref="fl-2"/>
      </object_component>
      <object_component id="oc-19">
         <name>.debug_info</name>
         <load_address>0x0</load_address>
         <run_address>0x0</run_address>
         <size>0xd70</size>
         <input_file_ref idref="fl-2"/>
      </object_component>
      <object_component id="oc-20">
         <name>.debug_info</name>
         <load_address>0xd70</load_address>
         <run_address>0xd70</run_address>
         <size>0xb26</size>
         <input_file_ref idref="fl-3"/>
      </object_component>
      <object_component id="oc-26">
         <name>.debug_info</name>
         <load_address>0x1896</load_address>
         <run_address>0x1896</run_address>
         <size>0x969</size>
         <input_file_ref idref="fl-4"/>
      </object_component>
      <object_component id="oc-2a">
         <name>.debug_info</name>
         <load_address>0x21ff</load_address>
         <run_address>0x21ff</run_address>
         <size>0xcbb</size>
         <input_file_ref idref="fl-5"/>
      </object_component>
      <object_component id="oc-2e">
         <name>.debug_info</name>
         <load_address>0x2eba</load_address>
         <run_address>0x2eba</run_address>
         <size>0x613</size>
         <input_file_ref idref="fl-6"/>
      </object_component>
      <object_component id="oc-32">
         <name>.debug_info</name>
         <load_address>0x34cd</load_address>
         <run_address>0x34cd</run_address>
         <size>0x5d1</size>
         <input_file_ref idref="fl-7"/>
      </object_component>
      <object_component id="oc-37">
         <name>.debug_info</name>
         <load_address>0x3a9e</load_address>
         <run_address>0x3a9e</run_address>
         <size>0xbd</size>
         <input_file_ref idref="fl-8"/>
      </object_component>
      <object_component id="oc-3a">
         <name>.debug_info</name>
         <load_address>0x3b5b</load_address>
         <run_address>0x3b5b</run_address>
         <size>0xa91</size>
         <input_file_ref idref="fl-9"/>
      </object_component>
      <object_component id="oc-3e">
         <name>.debug_info</name>
         <load_address>0x45ec</load_address>
         <run_address>0x45ec</run_address>
         <size>0xab6</size>
         <input_file_ref idref="fl-a"/>
      </object_component>
      <object_component id="oc-43">
         <name>.debug_info</name>
         <load_address>0x50a2</load_address>
         <run_address>0x50a2</run_address>
         <size>0x739</size>
         <input_file_ref idref="fl-b"/>
      </object_component>
      <object_component id="oc-47">
         <name>.debug_info</name>
         <load_address>0x57db</load_address>
         <run_address>0x57db</run_address>
         <size>0xcef</size>
         <input_file_ref idref="fl-c"/>
      </object_component>
      <object_component id="oc-4b">
         <name>.debug_info</name>
         <load_address>0x64ca</load_address>
         <run_address>0x64ca</run_address>
         <size>0x1147</size>
         <input_file_ref idref="fl-d"/>
      </object_component>
      <object_component id="oc-50">
         <name>.debug_info</name>
         <load_address>0x7611</load_address>
         <run_address>0x7611</run_address>
         <size>0x9c7</size>
         <input_file_ref idref="fl-e"/>
      </object_component>
      <object_component id="oc-55">
         <name>.debug_info</name>
         <load_address>0x7fd8</load_address>
         <run_address>0x7fd8</run_address>
         <size>0x53e4</size>
         <input_file_ref idref="fl-f"/>
      </object_component>
      <object_component id="oc-5d">
         <name>.debug_info</name>
         <load_address>0xd3bc</load_address>
         <run_address>0xd3bc</run_address>
         <size>0x5027</size>
         <input_file_ref idref="fl-10"/>
      </object_component>
      <object_component id="oc-64">
         <name>.debug_info</name>
         <load_address>0x123e3</load_address>
         <run_address>0x123e3</run_address>
         <size>0x4ad9</size>
         <input_file_ref idref="fl-11"/>
      </object_component>
      <object_component id="oc-6c">
         <name>.debug_info</name>
         <load_address>0x16ebc</load_address>
         <run_address>0x16ebc</run_address>
         <size>0x7b97</size>
         <input_file_ref idref="fl-12"/>
      </object_component>
      <object_component id="oc-72">
         <name>.debug_info</name>
         <load_address>0x1ea53</load_address>
         <run_address>0x1ea53</run_address>
         <size>0x1223</size>
         <input_file_ref idref="fl-13"/>
      </object_component>
      <object_component id="oc-77">
         <name>.debug_info</name>
         <load_address>0x1fc76</load_address>
         <run_address>0x1fc76</run_address>
         <size>0x1423</size>
         <input_file_ref idref="fl-14"/>
      </object_component>
      <object_component id="oc-7c">
         <name>.debug_info</name>
         <load_address>0x21099</load_address>
         <run_address>0x21099</run_address>
         <size>0x89e</size>
         <input_file_ref idref="fl-15"/>
      </object_component>
      <object_component id="oc-80">
         <name>.debug_info</name>
         <load_address>0x21937</load_address>
         <run_address>0x21937</run_address>
         <size>0xafc</size>
         <input_file_ref idref="fl-16"/>
      </object_component>
      <object_component id="oc-84">
         <name>.debug_info</name>
         <load_address>0x22433</load_address>
         <run_address>0x22433</run_address>
         <size>0xe54</size>
         <input_file_ref idref="fl-17"/>
      </object_component>
      <object_component id="oc-89">
         <name>.debug_info</name>
         <load_address>0x23287</load_address>
         <run_address>0x23287</run_address>
         <size>0x2c8c</size>
         <input_file_ref idref="fl-18"/>
      </object_component>
      <object_component id="oc-8d">
         <name>.debug_info</name>
         <load_address>0x25f13</load_address>
         <run_address>0x25f13</run_address>
         <size>0x1ed6</size>
         <input_file_ref idref="fl-19"/>
      </object_component>
      <object_component id="oc-92">
         <name>.debug_info</name>
         <load_address>0x27de9</load_address>
         <run_address>0x27de9</run_address>
         <size>0x15cd</size>
         <input_file_ref idref="fl-1a"/>
      </object_component>
      <object_component id="oc-97">
         <name>.debug_info</name>
         <load_address>0x293b6</load_address>
         <run_address>0x293b6</run_address>
         <size>0xaff</size>
         <input_file_ref idref="fl-1b"/>
      </object_component>
      <object_component id="oc-9b">
         <name>.debug_info</name>
         <load_address>0x29eb5</load_address>
         <run_address>0x29eb5</run_address>
         <size>0x6d2</size>
         <input_file_ref idref="fl-20"/>
      </object_component>
      <object_component id="oc-9f">
         <name>.debug_info</name>
         <load_address>0x2a587</load_address>
         <run_address>0x2a587</run_address>
         <size>0x631</size>
         <input_file_ref idref="fl-21"/>
      </object_component>
      <object_component id="oc-a2">
         <name>.debug_info</name>
         <load_address>0x2abb8</load_address>
         <run_address>0x2abb8</run_address>
         <size>0x6e4</size>
         <input_file_ref idref="fl-22"/>
      </object_component>
      <object_component id="oc-a7">
         <name>.debug_info</name>
         <load_address>0x2b29c</load_address>
         <run_address>0x2b29c</run_address>
         <size>0x96a</size>
         <input_file_ref idref="fl-23"/>
      </object_component>
      <object_component id="oc-aa">
         <name>.debug_info</name>
         <load_address>0x2bc06</load_address>
         <run_address>0x2bc06</run_address>
         <size>0xbd</size>
         <input_file_ref idref="fl-24"/>
      </object_component>
      <object_component id="oc-ad">
         <name>.debug_info</name>
         <load_address>0x2bcc3</load_address>
         <run_address>0x2bcc3</run_address>
         <size>0x7f9</size>
         <input_file_ref idref="fl-25"/>
      </object_component>
      <object_component id="oc-b2">
         <name>.debug_info</name>
         <load_address>0x2c4bc</load_address>
         <run_address>0x2c4bc</run_address>
         <size>0x656</size>
         <input_file_ref idref="fl-26"/>
      </object_component>
      <object_component id="oc-b5">
         <name>.debug_info</name>
         <load_address>0x2cb12</load_address>
         <run_address>0x2cb12</run_address>
         <size>0x6a8</size>
         <input_file_ref idref="fl-27"/>
      </object_component>
      <object_component id="oc-b8">
         <name>.debug_info</name>
         <load_address>0x2d1ba</load_address>
         <run_address>0x2d1ba</run_address>
         <size>0x653</size>
         <input_file_ref idref="fl-28"/>
      </object_component>
      <object_component id="oc-bb">
         <name>.debug_info</name>
         <load_address>0x2d80d</load_address>
         <run_address>0x2d80d</run_address>
         <size>0x6e8</size>
         <input_file_ref idref="fl-29"/>
      </object_component>
      <object_component id="oc-be">
         <name>.debug_info</name>
         <load_address>0x2def5</load_address>
         <run_address>0x2def5</run_address>
         <size>0x663</size>
         <input_file_ref idref="fl-2a"/>
      </object_component>
      <object_component id="oc-c3">
         <name>.debug_info</name>
         <load_address>0x2e558</load_address>
         <run_address>0x2e558</run_address>
         <size>0xcc</size>
         <input_file_ref idref="fl-2b"/>
      </object_component>
      <object_component id="oc-c6">
         <name>.debug_info</name>
         <load_address>0x2e624</load_address>
         <run_address>0x2e624</run_address>
         <size>0xb89</size>
         <input_file_ref idref="fl-2c"/>
      </object_component>
      <object_component id="oc-cc">
         <name>.debug_info</name>
         <load_address>0x2f1ad</load_address>
         <run_address>0x2f1ad</run_address>
         <size>0x79d</size>
         <input_file_ref idref="fl-2d"/>
      </object_component>
      <object_component id="oc-cf">
         <name>.debug_info</name>
         <load_address>0x2f94a</load_address>
         <run_address>0x2f94a</run_address>
         <size>0x667</size>
         <input_file_ref idref="fl-2e"/>
      </object_component>
      <object_component id="oc-d2">
         <name>.debug_info</name>
         <load_address>0x2ffb1</load_address>
         <run_address>0x2ffb1</run_address>
         <size>0x5ff</size>
         <input_file_ref idref="fl-2f"/>
      </object_component>
      <object_component id="oc-d5">
         <name>.debug_info</name>
         <load_address>0x305b0</load_address>
         <run_address>0x305b0</run_address>
         <size>0x8a0</size>
         <input_file_ref idref="fl-30"/>
      </object_component>
      <object_component id="oc-d8">
         <name>.debug_info</name>
         <load_address>0x30e50</load_address>
         <run_address>0x30e50</run_address>
         <size>0x6ae</size>
         <input_file_ref idref="fl-31"/>
      </object_component>
      <object_component id="oc-dd">
         <name>.debug_info</name>
         <load_address>0x314fe</load_address>
         <run_address>0x314fe</run_address>
         <size>0xbd</size>
         <input_file_ref idref="fl-32"/>
      </object_component>
      <object_component id="oc-e0">
         <name>.debug_info</name>
         <load_address>0x315bb</load_address>
         <run_address>0x315bb</run_address>
         <size>0x63a</size>
         <input_file_ref idref="fl-33"/>
      </object_component>
      <object_component id="oc-e3">
         <name>.debug_info</name>
         <load_address>0x31bf5</load_address>
         <run_address>0x31bf5</run_address>
         <size>0x6e4</size>
         <input_file_ref idref="fl-34"/>
      </object_component>
      <object_component id="oc-e8">
         <name>.debug_info</name>
         <load_address>0x322d9</load_address>
         <run_address>0x322d9</run_address>
         <size>0x88e</size>
         <input_file_ref idref="fl-35"/>
      </object_component>
      <object_component id="oc-eb">
         <name>.debug_info</name>
         <load_address>0x32b67</load_address>
         <run_address>0x32b67</run_address>
         <size>0x647</size>
         <input_file_ref idref="fl-36"/>
      </object_component>
      <object_component id="oc-ee">
         <name>.debug_info</name>
[...]
         <value>0x8233b8</value>
         <object_component_ref idref="oc-16f"/>
      </symbol>
      <symbol id="sm-7fc">
         <name>_MACDataFrameReception</name>
         <value>0x823b28</value>
         <object_component_ref idref="oc-16f"/>
      </symbol>
      <symbol id="sm-7fd">
         <name>_DataTypeFrameTxSchedule</name>
         <value>0x82318c</value>
         <object_component_ref idref="oc-16f"/>
      </symbol>
      <symbol id="sm-87e">
         <name>_PHYtx</name>
         <value>0x82dc40</value>
         <object_component_ref idref="oc-185"/>
      </symbol>
      <symbol id="sm-917">
         <name>_PHYrx</name>
         <value>0x82d640</value>
         <object_component_ref idref="oc-187"/>
      </symbol>
      <symbol id="sm-94e">
         <name>_PHYHeadGen</name>
         <value>0x833e40</value>
         <object_component_ref idref="oc-1a4"/>
      </symbol>
      <symbol id="sm-984">
         <name>_PHYHeadCRCCheck</name>
         <value>0x8308e8</value>
         <object_component_ref idref="oc-1a5"/>
      </symbol>
      <symbol id="sm-985">
         <name>_PHYHeadCRCCoding</name>
         <value>0x8307a0</value>
         <object_component_ref idref="oc-1a5"/>
      </symbol>
      <symbol id="sm-993">
         <name>_InitCpuTimers</name>
         <value>0x8328c0</value>
         <object_component_ref idref="oc-173"/>
      </symbol>
      <symbol id="sm-994">
         <name>_TickGet</name>
         <value>0x832aa4</value>
         <object_component_ref idref="oc-173"/>
      </symbol>
      <symbol id="sm-995">
         <name>_mac_CpuTimer0</name>
         <value>0x8000d8b8</value>
         <object_component_ref idref="oc-85"/>
      </symbol>
      <symbol id="sm-996">
         <name>_mac_CpuTimer1</name>
         <value>0x8000d8c4</value>
         <object_component_ref idref="oc-85"/>
      </symbol>
      <symbol id="sm-997">
         <name>_ConfigCpuTimer</name>
         <value>0x8329cc</value>
         <object_component_ref idref="oc-173"/>
      </symbol>
      <symbol id="sm-ba7">
         <name>_BCHDecoding_PHYH</name>
         <value>0x826ea4</value>
         <object_component_ref idref="oc-1a6"/>
      </symbol>
      <symbol id="sm-ba8">
         <name>_PSDUcodelen</name>
         <value>0x825ae0</value>
         <object_component_ref idref="oc-1a6"/>
      </symbol>
      <symbol id="sm-ba9">
         <name>_BCHDecoding_PSDU</name>
         <value>0x8276f0</value>
         <object_component_ref idref="oc-1a6"/>
      </symbol>
      <symbol id="sm-baa">
         <name>_Decoding</name>
         <value>0x825be0</value>
         <object_component_ref idref="oc-1a6"/>
      </symbol>
      <symbol id="sm-bab">
         <name>_BCHEncoding_PSDU</name>
         <value>0x826f60</value>
         <object_component_ref idref="oc-1a6"/>
      </symbol>
      <symbol id="sm-bac">
         <name>_BCHEncoding_PHYH</name>
         <value>0x826d68</value>
         <object_component_ref idref="oc-1a6"/>
      </symbol>
      <symbol id="sm-c95">
         <name>_Sbox</name>
         <value>0x82bba8</value>
         <object_component_ref idref="oc-179"/>
      </symbol>
      <symbol id="sm-c96">
         <name>_Subword</name>
         <value>0x82be6c</value>
         <object_component_ref idref="oc-179"/>
      </symbol>
      <symbol id="sm-c97">
         <name>_MixColumns</name>
         <value>0x82c100</value>
         <object_component_ref idref="oc-179"/>
      </symbol>
      <symbol id="sm-c98">
         <name>_Keyexpansion</name>
         <value>0x82bbf8</value>
         <object_component_ref idref="oc-179"/>
      </symbol>
      <symbol id="sm-c99">
         <name>_AES_Encrypt</name>
         <value>0x82ba00</value>
         <object_component_ref idref="oc-179"/>
      </symbol>
      <symbol id="sm-c9a">
         <name>_mac_encrypt</name>
         <value>0x82c54c</value>
         <object_component_ref idref="oc-179"/>
      </symbol>
      <symbol id="sm-c9b">
         <name>_ByteSubs</name>
         <value>0x82bf60</value>
         <object_component_ref idref="oc-179"/>
      </symbol>
      <symbol id="sm-c9c">
         <name>_Rotword</name>
         <value>0x82be04</value>
         <object_component_ref idref="oc-179"/>
      </symbol>
      <symbol id="sm-c9d">
         <name>_AddRoundkey</name>
         <value>0x82bed4</value>
         <object_component_ref idref="oc-179"/>
      </symbol>
      <symbol id="sm-c9e">
         <name>_Xtime</name>
         <value>0x82c250</value>
         <object_component_ref idref="oc-179"/>
      </symbol>
      <symbol id="sm-c9f">
         <name>_ShiftRows</name>
         <value>0x82c004</value>
         <object_component_ref idref="oc-179"/>
      </symbol>
      <symbol id="sm-d2e">
         <name>_AES_Decrypt</name>
         <value>0x82d030</value>
         <object_component_ref idref="oc-17a"/>
      </symbol>
      <symbol id="sm-d2f">
         <name>_mac_decrypt</name>
         <value>0x82d4b4</value>
         <object_component_ref idref="oc-17a"/>
      </symbol>
      <symbol id="sm-d30">
         <name>_InvMixColumns</name>
         <value>0x82d360</value>
         <object_component_ref idref="oc-17a"/>
      </symbol>
      <symbol id="sm-d31">
         <name>_InvSubBytes</name>
         <value>0x82d1e0</value>
         <object_component_ref idref="oc-17a"/>
      </symbol>
      <symbol id="sm-d32">
         <name>_InvSbox</name>
         <value>0x82cfe0</value>
         <object_component_ref idref="oc-17a"/>
      </symbol>
      <symbol id="sm-d33">
         <name>_InvShiftRows</name>
         <value>0x82d26c</value>
         <object_component_ref idref="oc-17a"/>
      </symbol>
      <symbol id="sm-d5d">
         <name>_XOR</name>
         <value>0x832140</value>
         <object_component_ref idref="oc-18f"/>
      </symbol>
      <symbol id="sm-d5e">
         <name>_CBC_encrypt</name>
         <value>0x832198</value>
         <object_component_ref idref="oc-18f"/>
      </symbol>
      <symbol id="sm-d6d">
         <name>_c_int00</name>
         <value>0x836be0</value>
         <object_component_ref idref="oc-17"/>
      </symbol>
      <symbol id="sm-d6e">
         <name>__stack</name>
         <value>0x837380</value>
         <object_component_ref idref="oc-9c"/>
      </symbol>
      <symbol id="sm-d78">
         <name>_ceil</name>
         <value>0x8371e0</value>
         <object_component_ref idref="oc-1ac"/>
      </symbol>
      <symbol id="sm-d8e">
         <name>_cos</name>
         <value>0x8310e0</value>
         <object_component_ref idref="oc-1d2"/>
      </symbol>
      <symbol id="sm-da0">
         <name>__divd</name>
         <value>0x82e240</value>
         <object_component_ref idref="oc-178"/>
      </symbol>
      <symbol id="sm-da9">
         <name>__c6xabi_divi</name>
         <value>0x835340</value>
         <object_component_ref idref="oc-1ad"/>
      </symbol>
      <symbol id="sm-daa">
         <name>__divi</name>
         <value>0x835340</value>
         <object_component_ref idref="oc-1ad"/>
      </symbol>
      <symbol id="sm-dc3">
         <name>C$$EXIT</name>
         <value>0x837340</value>
         <object_component_ref idref="oc-167"/>
      </symbol>
      <symbol id="sm-dc4">
         <name>_exit</name>
         <value>0x8355e0</value>
         <object_component_ref idref="oc-15b"/>
      </symbol>
      <symbol id="sm-dc5">
         <name>___TI_enable_exit_profile_output</name>
         <value>0x8000d8f8</value>
         <object_component_ref idref="oc-af"/>
      </symbol>
      <symbol id="sm-dc6">
         <name>_abort</name>
         <value>0x837340</value>
         <object_component_ref idref="oc-167"/>
      </symbol>
      <symbol id="sm-dc7">
         <name>__cleanup_ptr</name>
         <value>0x8000d8f0</value>
         <object_component_ref idref="oc-af"/>
      </symbol>
      <symbol id="sm-dc8">
         <name>__dtors_ptr</name>
         <value>0x8000d8f4</value>
         <object_component_ref idref="oc-af"/>
      </symbol>
      <symbol id="sm-dd9">
         <name>__fixfull</name>
         <value>0x834b00</value>
         <object_component_ref idref="oc-183"/>
      </symbol>
      <symbol id="sm-de5">
         <name>__fltulld</name>
         <value>0x836540</value>
         <object_component_ref idref="oc-177"/>
      </symbol>
      <symbol id="sm-def">
         <name>__frcmpyd_div</name>
         <value>0x837120</value>
         <object_component_ref idref="oc-192"/>
      </symbol>
      <symbol id="sm-dfd">
         <name>__llshl</name>
         <value>0x836b60</value>
         <object_component_ref idref="oc-190"/>
      </symbol>
      <symbol id="sm-dfe">
         <name>__llshru</name>
         <value>0x837160</value>
         <object_component_ref idref="oc-191"/>
      </symbol>
      <symbol id="sm-e10">
         <name>_log</name>
         <value>0x8338a0</value>
         <object_component_ref idref="oc-1ab"/>
      </symbol>
      <symbol id="sm-e18">
         <name>_memcpy</name>
         <value>0x836860</value>
         <object_component_ref idref="oc-165"/>
      </symbol>
      <symbol id="sm-e55">
         <name>__sys_memory</name>
         <value>0x800000</value>
         <object_component_ref idref="oc-c9"/>
      </symbol>
      <symbol id="sm-e56">
         <name>_free</name>
         <value>0x8323c0</value>
         <object_component_ref idref="oc-186"/>
      </symbol>
      <symbol id="sm-e57">
         <name>_calloc</name>
         <value>0x836c60</value>
         <object_component_ref idref="oc-1a3"/>
      </symbol>
      <symbol id="sm-e58">
         <name>_malloc</name>
         <value>0x834300</value>
         <object_component_ref idref="oc-189"/>
      </symbol>
      <symbol id="sm-e63">
         <name>_memset</name>
         <value>0x8356c0</value>
         <object_component_ref idref="oc-171"/>
      </symbol>
      <symbol id="sm-e6f">
         <name>_modf</name>
         <value>0x8369a0</value>
         <object_component_ref idref="oc-1c7"/>
      </symbol>
      <symbol id="sm-e79">
         <name>__negll</name>
         <value>0x8372a0</value>
         <object_component_ref idref="oc-1a0"/>
      </symbol>
      <symbol id="sm-e8b">
         <name>_printf</name>
         <value>0x836ce0</value>
         <object_component_ref idref="oc-172"/>
      </symbol>
      <symbol id="sm-ea0">
         <name>_rand</name>
         <value>0x836d60</value>
         <object_component_ref idref="oc-18d"/>
      </symbol>
      <symbol id="sm-ea1">
         <name>_srand</name>
         <value>0x836fa0</value>
         <object_component_ref idref="oc-18c"/>
      </symbol>
      <symbol id="sm-eaa">
         <name>__remi</name>
         <value>0x835dc0</value>
         <object_component_ref idref="oc-18e"/>
      </symbol>
      <symbol id="sm-eab">
         <name>__c6xabi_remi</name>
         <value>0x835dc0</value>
         <object_component_ref idref="oc-18e"/>
      </symbol>
      <symbol id="sm-eb5">
         <name>__nround</name>
         <value>0x8365e0</value>
         <object_component_ref idref="oc-1dd"/>
      </symbol>
      <symbol id="sm-eca">
         <name>_sin</name>
         <value>0x832640</value>
         <object_component_ref idref="oc-1d3"/>
      </symbol>
      <symbol id="sm-ed7">
         <name>_sqrt</name>
         <value>0x8349c0</value>
         <object_component_ref idref="oc-1c4"/>
      </symbol>
      <symbol id="sm-ee1">
         <name>_time</name>
         <value>0x837220</value>
         <object_component_ref idref="oc-18b"/>
      </symbol>
      <symbol id="sm-f0f">
         <name>_HOSTopen</name>
         <value>0x835260</value>
         <object_component_ref idref="oc-15d"/>
      </symbol>
      <symbol id="sm-f10">
         <name>_HOSTread</name>
         <value>0x835880</value>
         <object_component_ref idref="oc-15f"/>
      </symbol>
      <symbol id="sm-f11">
         <name>_HOSTtime</name>
         <value>0x836220</value>
         <object_component_ref idref="oc-1b1"/>
      </symbol>
      <symbol id="sm-f12">
         <name>_HOSTrename</name>
         <value>0x834180</value>
         <object_component_ref idref="oc-163"/>
      </symbol>
      <symbol id="sm-f13">
         <name>_HOSTwrite</name>
         <value>0x835a00</value>
         <object_component_ref idref="oc-160"/>
      </symbol>
      <symbol id="sm-f14">
         <name>_HOSTlseek</name>
         <value>0x834e60</value>
         <object_component_ref idref="oc-161"/>
      </symbol>
      <symbol id="sm-f15">
         <name>_HOSTunlink</name>
         <value>0x835940</value>
         <object_component_ref idref="oc-162"/>
      </symbol>
      <symbol id="sm-f16">
         <name>_HOSTclose</name>
         <value>0x836180</value>
         <object_component_ref idref="oc-15e"/>
      </symbol>
      <symbol id="sm-f26">
         <name>C$$IO$$</name>
         <value>0x837058</value>
         <object_component_ref idref="oc-168"/>
      </symbol>
      <symbol id="sm-f27">
         <name>__CIOBUF_</name>
         <value>0x839234</value>
         <object_component_ref idref="oc-f3"/>
      </symbol>
      <symbol id="sm-f28">
         <name>_readmsg</name>
         <value>0x836de0</value>
         <object_component_ref idref="oc-169"/>
      </symbol>
      <symbol id="sm-f29">
         <name>_writemsg</name>
         <value>0x837000</value>
         <object_component_ref idref="oc-168"/>
      </symbol>
      <symbol id="sm-f33">
         <name>__trunc</name>
         <value>0x837320</value>
         <object_component_ref idref="oc-1dc"/>
      </symbol>
      <symbol id="sm-f41">
         <name>__unlock</name>
         <value>0x8000d900</value>
         <object_component_ref idref="oc-fb"/>
      </symbol>
      <symbol id="sm-f42">
         <name>__lock</name>
         <value>0x8000d8fc</value>
         <object_component_ref idref="oc-fb"/>
      </symbol>
      <symbol id="sm-f43">
         <name>__nop</name>
         <value>0x8372c0</value>
         <object_component_ref idref="oc-15c"/>
      </symbol>
      <symbol id="sm-104f">
         <name>__printfi</name>
         <value>0x82fbc0</value>
         <object_component_ref idref="oc-182"/>
      </symbol>
      <symbol id="sm-1059">
         <name>__args_main</name>
         <value>0x8370e0</value>
         <object_component_ref idref="oc-15a"/>
      </symbol>
      <symbol id="sm-105a">
         <name>__TI_args_main</name>
         <value>0x1</value>
      </symbol>
      <symbol id="sm-1068">
         <name>_atoi</name>
         <value>0x835420</value>
         <object_component_ref idref="oc-1b7"/>
      </symbol>
      <symbol id="sm-107a">
         <name>__auto_init</name>
         <value>0x834f60</value>
         <object_component_ref idref="oc-159"/>
      </symbol>
      <symbol id="sm-1088">
         <name>_copy_in</name>
         <value>0x836720</value>
         <object_component_ref idref="oc-164"/>
      </symbol>
      <symbol id="sm-1090">
         <name>__ctypes_</name>
         <value>0x838b00</value>
         <object_component_ref idref="oc-1ca"/>
      </symbol>
      <symbol id="sm-109a">
         <name>__tmpnams</name>
         <value>0x8000d3f8</value>
         <object_component_ref idref="oc-112"/>
      </symbol>
      <symbol id="sm-109b">
         <name>__ft_end</name>
         <value>0x8000d538</value>
         <object_component_ref idref="oc-112"/>
      </symbol>
      <symbol id="sm-109c">
         <name>__ftable</name>
         <value>0x8000d218</value>
         <object_component_ref idref="oc-112"/>
      </symbol>
      <symbol id="sm-10a5">
         <name>__c6xabi_divu</name>
         <value>0x835c40</value>
         <object_component_ref idref="oc-1e2"/>
      </symbol>
      <symbol id="sm-10a6">
         <name>__divu</name>
         <value>0x835c40</value>
         <object_component_ref idref="oc-1e2"/>
      </symbol>
      <symbol id="sm-10b0">
         <name>_errno</name>
         <value>0x8000d53c</value>
         <object_component_ref idref="oc-119"/>
      </symbol>
      <symbol id="sm-10bd">
         <name>__fixdli</name>
         <value>0x8364a0</value>
         <object_component_ref idref="oc-1df"/>
      </symbol>
      <symbol id="sm-10c8">
         <name>__fltlid</name>
         <value>0x836ae0</value>
         <object_component_ref idref="oc-1e1"/>
      </symbol>
      <symbol id="sm-10da">
         <name>_putc</name>
         <value>0x834740</value>
         <object_component_ref idref="oc-19b"/>
      </symbol>
      <symbol id="sm-10db">
         <name>_fputc</name>
         <value>0x834740</value>
         <object_component_ref idref="oc-19b"/>
      </symbol>
      <symbol id="sm-10f5">
         <name>_fputs</name>
         <value>0x830ae0</value>
         <object_component_ref idref="oc-19a"/>
      </symbol>
      <symbol id="sm-1104">
         <name>_frexp</name>
         <value>0x834d40</value>
         <object_component_ref idref="oc-1c6"/>
      </symbol>
      <symbol id="sm-1114">
         <name>__divul</name>
         <value>0x833fe0</value>
         <object_component_ref idref="oc-1e3"/>
      </symbol>
      <symbol id="sm-1115">
         <name>__remli</name>
         <value>0x8371a0</value>
         <object_component_ref idref="oc-1e7"/>
      </symbol>
      <symbol id="sm-1116">
         <name>__divli</name>
         <value>0x8362c0</value>
         <object_component_ref idref="oc-1e8"/>
      </symbol>
      <symbol id="sm-112a">
         <name>__subcull</name>
         <value>0x836ee0</value>
         <object_component_ref idref="oc-1e9"/>
      </symbol>
      <symbol id="sm-112b">
         <name>__divull</name>
         <value>0x832b20</value>
         <object_component_ref idref="oc-1e4"/>
      </symbol>
      <symbol id="sm-1135">
         <name>___isinf</name>
         <value>0x837060</value>
         <object_component_ref idref="oc-1cc"/>
      </symbol>
      <symbol id="sm-1174">
         <name>_unlink</name>
         <value>0x836e60</value>
         <object_component_ref idref="oc-1ea"/>
      </symbol>
      <symbol id="sm-1175">
         <name>_lseek</name>
         <value>0x835f40</value>
         <object_component_ref idref="oc-1d4"/>
      </symbol>
      <symbol id="sm-1176">
         <name>_close</name>
         <value>0x835500</value>
         <object_component_ref idref="oc-1e5"/>
      </symbol>
      <symbol id="sm-1177">
         <name>_write</name>
         <value>0x8360c0</value>
         <object_component_ref idref="oc-1b6"/>
      </symbol>
      <symbol id="sm-1184">
         <name>_ltoa</name>
         <value>0x836000</value>
         <object_component_ref idref="oc-1e0"/>
      </symbol>
      <symbol id="sm-1191">
         <name>_memccpy</name>
         <value>0x836f40</value>
         <object_component_ref idref="oc-1ba"/>
      </symbol>
      <symbol id="sm-11a0">
         <name>__wrt_ok</name>
         <value>0x835160</value>
         <object_component_ref idref="oc-1b4"/>
      </symbol>
      <symbol id="sm-11b4">
         <name>__doflush</name>
         <value>0x835d00</value>
         <object_component_ref idref="oc-1b5"/>
      </symbol>
      <symbol id="sm-11c1">
         <name>_fseek</name>
         <value>0x835e80</value>
         <object_component_ref idref="oc-1c8"/>
      </symbol>
      <symbol id="sm-11d2">
         <name>_setvbuf</name>
         <value>0x834480</value>
         <object_component_ref idref="oc-1c9"/>
      </symbol>
      <symbol id="sm-11e7">
         <name>__cleanup</name>
         <value>0x835ac0</value>
         <object_component_ref idref="oc-1d5"/>
      </symbol>
      <symbol id="sm-11f9">
         <name>_fclose</name>
         <value>0x834c20</value>
         <object_component_ref idref="oc-1de"/>
      </symbol>
      <symbol id="sm-1203">
         <name>_remove</name>
         <value>0x837360</value>
         <object_component_ref idref="oc-1e6"/>
      </symbol>
   </symbol_table>
</link_info>
